[0.036s] Invoking command in '/home/fintan/ME4857Assignment2-master/build/robot_model': CMAKE_PREFIX_PATH=${CMAKE_PREFIX_PATH}:/opt/ros/jazzy /usr/bin/cmake --build /home/fintan/ME4857Assignment2-master/build/robot_model -- -j12 -l12
[0.146s] Invoked command in '/home/fintan/ME4857Assignment2-master/build/robot_model' returned '0': CMAKE_PREFIX_PATH=${CMAKE_PREFIX_PATH}:/opt/ros/jazzy /usr/bin/cmake --build /home/fintan/ME4857Assignment2-master/build/robot_model -- -j12 -l12
[0.171s] Invoking command in '/home/fintan/ME4857Assignment2-master/build/robot_model': CMAKE_PREFIX_PATH=${CMAKE_PREFIX_PATH}:/opt/ros/jazzy /usr/bin/cmake --install /home/fintan/ME4857Assignment2-master/build/robot_model
[0.191s] -- Install configuration: ""
[0.191s] -- Up-to-date: /home/fintan/ME4857Assignment2-master/install/robot_model/share/robot_model/urdf
[0.192s] -- Up-to-date: /home/fintan/ME4857Assignment2-master/install/robot_model/share/robot_model/urdf/robot_model.urdf
[0.192s] -- Up-to-date: /home/fintan/ME4857Assignment2-master/install/robot_model/share/robot_model/urdf/robot_model.csv
[0.193s] -- Up-to-date: /home/fintan/ME4857Assignment2-master/install/robot_model/share/robot_model/meshes
[0.194s] -- Up-to-date: /home/fintan/ME4857Assignment2-master/install/robot_model/share/robot_model/meshes/link_BR.STL
[0.194s] -- Up-to-date: /home/fintan/ME4857Assignment2-master/install/robot_model/share/robot_model/meshes/base_link.STL
[0.195s] -- Up-to-date: /home/fintan/ME4857Assignment2-master/install/robot_model/share/robot_model/meshes/link_MR.STL
[0.195s] -- Up-to-date: /home/fintan/ME4857Assignment2-master/install/robot_model/share/robot_model/meshes/link_ML.STL
[0.195s] -- Up-to-date: /home/fintan/ME4857Assignment2-master/install/robot_model/share/robot_model/meshes/link_FL.STL
[0.195s] -- Up-to-date: /home/fintan/ME4857Assignment2-master/install/robot_model/share/robot_model/meshes/link_BL.STL
[0.196s] -- Up-to-date: /home/fintan/ME4857Assignment2-master/install/robot_model/share/robot_model/meshes/link_FR.STL
[0.196s] -- Up-to-date: /home/fintan/ME4857Assignment2-master/install/robot_model/share/robot_model/launch
[0.196s] -- Up-to-date: /home/fintan/ME4857Assignment2-master/install/robot_model/share/robot_model/launch/display.launch.py
[0.197s] -- Up-to-date: /home/fintan/ME4857Assignment2-master/install/robot_model/share/robot_model/launch/gazebo.launch.py
[0.198s] -- Up-to-date: /home/fintan/ME4857Assignment2-master/install/robot_model/share/robot_model/config
[0.199s] -- Up-to-date: /home/fintan/ME4857Assignment2-master/install/robot_model/share/robot_model/config/controllers.yaml
[0.199s] -- Up-to-date: /home/fintan/ME4857Assignment2-master/install/robot_model/share/ament_index/resource_index/package_run_dependencies/robot_model
[0.199s] -- Up-to-date: /home/fintan/ME4857Assignment2-master/install/robot_model/share/ament_index/resource_index/parent_prefix_path/robot_model
[0.199s] -- Up-to-date: /home/fintan/ME4857Assignment2-master/install/robot_model/share/robot_model/environment/ament_prefix_path.sh
[0.199s] -- Up-to-date: /home/fintan/ME4857Assignment2-master/install/robot_model/share/robot_model/environment/ament_prefix_path.dsv
[0.200s] -- Up-to-date: /home/fintan/ME4857Assignment2-master/install/robot_model/share/robot_model/environment/path.sh
[0.202s] -- Up-to-date: /home/fintan/ME4857Assignment2-master/install/robot_model/share/robot_model/environment/path.dsv
[0.204s] -- Up-to-date: /home/fintan/ME4857Assignment2-master/install/robot_model/share/robot_model/local_setup.bash
[0.210s] -- Up-to-date: /home/fintan/ME4857Assignment2-master/install/robot_model/share/robot_model/local_setup.sh
[0.211s] -- Up-to-date: /home/fintan/ME4857Assignment2-master/install/robot_model/share/robot_model/local_setup.zsh
[0.213s] -- Up-to-date: /home/fintan/ME4857Assignment2-master/install/robot_model/share/robot_model/local_setup.dsv
[0.214s] -- Installing: /home/fintan/ME4857Assignment2-master/install/robot_model/share/robot_model/package.dsv
[0.216s] -- Up-to-date: /home/fintan/ME4857Assignment2-master/install/robot_model/share/ament_index/resource_index/packages/robot_model
[0.218s] -- Up-to-date: /home/fintan/ME4857Assignment2-master/install/robot_model/share/robot_model/cmake/robot_modelConfig.cmake
[0.219s] -- Up-to-date: /home/fintan/ME4857Assignment2-master/install/robot_model/share/robot_model/cmake/robot_modelConfig-version.cmake
[0.220s] -- Up-to-date: /home/fintan/ME4857Assignment2-master/install/robot_model/share/robot_model/package.xml
[0.238s] Invoked command in '/home/fintan/ME4857Assignment2-master/build/robot_model' returned '0': CMAKE_PREFIX_PATH=${CMAKE_PREFIX_PATH}:/opt/ros/jazzy /usr/bin/cmake --install /home/fintan/ME4857Assignment2-master/build/robot_model
