Built target ament_cmake_python_copy_bt_nodes
running egg_info
writing bt_nodes.egg-info/PKG-INFO
writing dependency_links to bt_nodes.egg-info/dependency_links.txt
writing top-level names to bt_nodes.egg-info/top_level.txt
reading manifest file 'bt_nodes.egg-info/SOURCES.txt'
writing manifest file 'bt_nodes.egg-info/SOURCES.txt'
Built target ament_cmake_python_build_bt_nodes_egg
-- Install configuration: ""
-- Up-to-date: /home/fintan/ME4857Assignment2-master/install/bt/share/bt/environment/pythonpath.sh
-- Up-to-date: /home/fintan/ME4857Assignment2-master/install/bt/share/bt/environment/pythonpath.dsv
-- Up-to-date: /home/fintan/ME4857Assignment2-master/install/bt/lib/python3.12/site-packages/bt_nodes-1.0.0-py3.12.egg-info
-- Installing: /home/fintan/ME4857Assignment2-master/install/bt/lib/python3.12/site-packages/bt_nodes-1.0.0-py3.12.egg-info/SOURCES.txt
-- Installing: /home/fintan/ME4857Assignment2-master/install/bt/lib/python3.12/site-packages/bt_nodes-1.0.0-py3.12.egg-info/dependency_links.txt
-- Installing: /home/fintan/ME4857Assignment2-master/install/bt/lib/python3.12/site-packages/bt_nodes-1.0.0-py3.12.egg-info/PKG-INFO
-- Installing: /home/fintan/ME4857Assignment2-master/install/bt/lib/python3.12/site-packages/bt_nodes-1.0.0-py3.12.egg-info/top_level.txt
-- Up-to-date: /home/fintan/ME4857Assignment2-master/install/bt/lib/python3.12/site-packages/bt_nodes
-- Up-to-date: /home/fintan/ME4857Assignment2-master/install/bt/lib/python3.12/site-packages/bt_nodes/__init__.py
-- Up-to-date: /home/fintan/ME4857Assignment2-master/install/bt/lib/python3.12/site-packages/bt_nodes/cmd_vel_converter.py
-- Up-to-date: /home/fintan/ME4857Assignment2-master/install/bt/lib/python3.12/site-packages/bt_nodes/fire_safety.py
-- Up-to-date: /home/fintan/ME4857Assignment2-master/install/bt/lib/python3.12/site-packages/bt_nodes/tf_publisher.py
-- Installing: /home/fintan/ME4857Assignment2-master/install/bt/lib/python3.12/site-packages/bt_nodes/bt_runner.py
-- Installing: /home/fintan/ME4857Assignment2-master/install/bt/lib/python3.12/site-packages/bt_nodes/battery_monitor.py
-- Up-to-date: /home/fintan/ME4857Assignment2-master/install/bt/lib/python3.12/site-packages/bt_nodes/camera_colour_detector.py
-- Up-to-date: /home/fintan/ME4857Assignment2-master/install/bt/lib/python3.12/site-packages/bt_nodes/navigate_to_server.py
-- Up-to-date: /home/fintan/ME4857Assignment2-master/install/bt/lib/python3.12/site-packages/bt_nodes/obstacle_monitor.py
Listing '/home/fintan/ME4857Assignment2-master/install/bt/lib/python3.12/site-packages/bt_nodes'...
Compiling '/home/fintan/ME4857Assignment2-master/install/bt/lib/python3.12/site-packages/bt_nodes/battery_monitor.py'...
Compiling '/home/fintan/ME4857Assignment2-master/install/bt/lib/python3.12/site-packages/bt_nodes/bt_runner.py'...
-- Up-to-date: /home/fintan/ME4857Assignment2-master/install/bt/share/bt/bt_xml
-- Up-to-date: /home/fintan/ME4857Assignment2-master/install/bt/share/bt/bt_xml/bt.xml
-- Up-to-date: /home/fintan/ME4857Assignment2-master/install/bt/share/bt/launch
-- Up-to-date: /home/fintan/ME4857Assignment2-master/install/bt/share/bt/launch/bt_launch.py
-- Installing: /home/fintan/ME4857Assignment2-master/install/bt/lib/bt/bt_runner.py
-- Installing: /home/fintan/ME4857Assignment2-master/install/bt/lib/bt/battery_monitor.py
-- Up-to-date: /home/fintan/ME4857Assignment2-master/install/bt/lib/bt/fire_safety.py
-- Up-to-date: /home/fintan/ME4857Assignment2-master/install/bt/lib/bt/tf_publisher.py
-- Up-to-date: /home/fintan/ME4857Assignment2-master/install/bt/lib/bt/navigate_to_server.py
-- Up-to-date: /home/fintan/ME4857Assignment2-master/install/bt/lib/bt/obstacle_monitor.py
-- Up-to-date: /home/fintan/ME4857Assignment2-master/install/bt/lib/bt/cmd_vel_converter.py
-- Up-to-date: /home/fintan/ME4857Assignment2-master/install/bt/lib/bt/camera_colour_detector.py
-- Up-to-date: /home/fintan/ME4857Assignment2-master/install/bt/share/ament_index/resource_index/package_run_dependencies/bt
-- Up-to-date: /home/fintan/ME4857Assignment2-master/install/bt/share/ament_index/resource_index/parent_prefix_path/bt
-- Up-to-date: /home/fintan/ME4857Assignment2-master/install/bt/share/bt/environment/ament_prefix_path.sh
-- Up-to-date: /home/fintan/ME4857Assignment2-master/install/bt/share/bt/environment/ament_prefix_path.dsv
-- Up-to-date: /home/fintan/ME4857Assignment2-master/install/bt/share/bt/environment/path.sh
-- Up-to-date: /home/fintan/ME4857Assignment2-master/install/bt/share/bt/environment/path.dsv
-- Up-to-date: /home/fintan/ME4857Assignment2-master/install/bt/share/bt/local_setup.bash
-- Up-to-date: /home/fintan/ME4857Assignment2-master/install/bt/share/bt/local_setup.sh
-- Up-to-date: /home/fintan/ME4857Assignment2-master/install/bt/share/bt/local_setup.zsh
-- Up-to-date: /home/fintan/ME4857Assignment2-master/install/bt/share/bt/local_setup.dsv
-- Up-to-date: /home/fintan/ME4857Assignment2-master/install/bt/share/bt/package.dsv
-- Up-to-date: /home/fintan/ME4857Assignment2-master/install/bt/share/ament_index/resource_index/packages/bt
-- Up-to-date: /home/fintan/ME4857Assignment2-master/install/bt/share/bt/cmake/btConfig.cmake
-- Up-to-date: /home/fintan/ME4857Assignment2-master/install/bt/share/bt/cmake/btConfig-version.cmake
-- Up-to-date: /home/fintan/ME4857Assignment2-master/install/bt/share/bt/package.xml
