[0.037s] Invoking command in '/home/fintan/ME4857Assignment2-master/build/sr_interfaces': CMAKE_PREFIX_PATH=${CMAKE_PREFIX_PATH}:/opt/ros/jazzy /usr/bin/cmake --build /home/fintan/ME4857Assignment2-master/build/sr_interfaces -- -j12 -l12
[0.188s] [  2%] Built target sr_interfaces__rosidl_generator_type_description
[0.190s] [  5%] Built target sr_interfaces__rs
[0.232s] [  5%] Built target ament_cmake_python_copy_sr_interfaces
[0.250s] [  8%] Built target sr_interfaces__cpp
[0.252s] [ 22%] Built target sr_interfaces__rosidl_generator_c
[0.351s] [ 31%] Built target sr_interfaces__rosidl_typesupport_fastrtps_cpp
[0.355s] [ 40%] Built target sr_interfaces__rosidl_typesupport_introspection_c
[0.357s] [ 48%] Built target sr_interfaces__rosidl_typesupport_c
[0.358s] [ 57%] Built target sr_interfaces__rosidl_typesupport_fastrtps_c
[0.361s] [ 74%] Built target sr_interfaces__rosidl_typesupport_introspection_cpp
[0.361s] [ 74%] Built target sr_interfaces__rosidl_typesupport_cpp
[0.418s] [ 74%] Built target sr_interfaces
[0.473s] [ 77%] Built target sr_interfaces__py
[0.527s] [ 82%] Built target sr_interfaces__rosidl_generator_py
[0.588s] [ 88%] Built target sr_interfaces_s__rosidl_typesupport_introspection_c
[0.591s] [100%] Built target sr_interfaces_s__rosidl_typesupport_fastrtps_c
[0.592s] [100%] Built target sr_interfaces_s__rosidl_typesupport_c
[0.767s] running egg_info
[0.806s] writing sr_interfaces.egg-info/PKG-INFO
[0.807s] writing dependency_links to sr_interfaces.egg-info/dependency_links.txt
[0.807s] writing top-level names to sr_interfaces.egg-info/top_level.txt
[0.910s] reading manifest file 'sr_interfaces.egg-info/SOURCES.txt'
[0.911s] writing manifest file 'sr_interfaces.egg-info/SOURCES.txt'
[0.974s] [100%] Built target ament_cmake_python_build_sr_interfaces_egg
[0.996s] Invoked command in '/home/fintan/ME4857Assignment2-master/build/sr_interfaces' returned '0': CMAKE_PREFIX_PATH=${CMAKE_PREFIX_PATH}:/opt/ros/jazzy /usr/bin/cmake --build /home/fintan/ME4857Assignment2-master/build/sr_interfaces -- -j12 -l12
[0.998s] Invoking command in '/home/fintan/ME4857Assignment2-master/build/sr_interfaces': CMAKE_PREFIX_PATH=${CMAKE_PREFIX_PATH}:/opt/ros/jazzy /usr/bin/cmake --install /home/fintan/ME4857Assignment2-master/build/sr_interfaces
[1.016s] -- Install configuration: ""
[1.017s] -- Up-to-date: /home/fintan/ME4857Assignment2-master/install/sr_interfaces/share/ament_index/resource_index/rosidl_interfaces/sr_interfaces
[1.017s] -- Up-to-date: /home/fintan/ME4857Assignment2-master/install/sr_interfaces/share/sr_interfaces/action/NavigateToWaypoint.json
[1.018s] -- Up-to-date: /home/fintan/ME4857Assignment2-master/install/sr_interfaces/include/sr_interfaces/sr_interfaces
[1.018s] -- Up-to-date: /home/fintan/ME4857Assignment2-master/install/sr_interfaces/include/sr_interfaces/sr_interfaces/msg
[1.018s] -- Up-to-date: /home/fintan/ME4857Assignment2-master/install/sr_interfaces/include/sr_interfaces/sr_interfaces/msg/rosidl_generator_c__visibility_control.h
[1.019s] -- Up-to-date: /home/fintan/ME4857Assignment2-master/install/sr_interfaces/include/sr_interfaces/sr_interfaces/action
[1.019s] -- Up-to-date: /home/fintan/ME4857Assignment2-master/install/sr_interfaces/include/sr_interfaces/sr_interfaces/action/detail
[1.019s] -- Installing: /home/fintan/ME4857Assignment2-master/install/sr_interfaces/include/sr_interfaces/sr_interfaces/action/detail/navigate_to_waypoint__type_support.c
[1.020s] -- Up-to-date: /home/fintan/ME4857Assignment2-master/install/sr_interfaces/include/sr_interfaces/sr_interfaces/action/detail/navigate_to_waypoint__type_support.h
[1.020s] -- Up-to-date: /home/fintan/ME4857Assignment2-master/install/sr_interfaces/include/sr_interfaces/sr_interfaces/action/detail/navigate_to_waypoint__description.c
[1.021s] -- Up-to-date: /home/fintan/ME4857Assignment2-master/install/sr_interfaces/include/sr_interfaces/sr_interfaces/action/detail/navigate_to_waypoint__functions.h
[1.021s] -- Up-to-date: /home/fintan/ME4857Assignment2-master/install/sr_interfaces/include/sr_interfaces/sr_interfaces/action/detail/navigate_to_waypoint__functions.c
[1.022s] -- Up-to-date: /home/fintan/ME4857Assignment2-master/install/sr_interfaces/include/sr_interfaces/sr_interfaces/action/detail/navigate_to_waypoint__struct.h
[1.022s] -- Up-to-date: /home/fintan/ME4857Assignment2-master/install/sr_interfaces/include/sr_interfaces/sr_interfaces/action/navigate_to_waypoint.h
[1.023s] -- Up-to-date: /home/fintan/ME4857Assignment2-master/install/sr_interfaces/share/sr_interfaces/environment/library_path.sh
[1.024s] -- Up-to-date: /home/fintan/ME4857Assignment2-master/install/sr_interfaces/share/sr_interfaces/environment/library_path.dsv
[1.024s] -- Up-to-date: /home/fintan/ME4857Assignment2-master/install/sr_interfaces/lib/libsr_interfaces__rosidl_generator_c.so
[1.024s] -- Up-to-date: /home/fintan/ME4857Assignment2-master/install/sr_interfaces/include/sr_interfaces/sr_interfaces
[1.025s] -- Up-to-date: /home/fintan/ME4857Assignment2-master/install/sr_interfaces/include/sr_interfaces/sr_interfaces/msg
[1.025s] -- Up-to-date: /home/fintan/ME4857Assignment2-master/install/sr_interfaces/include/sr_interfaces/sr_interfaces/msg/rosidl_typesupport_fastrtps_c__visibility_control.h
[1.025s] -- Up-to-date: /home/fintan/ME4857Assignment2-master/install/sr_interfaces/include/sr_interfaces/sr_interfaces/action
[1.026s] -- Up-to-date: /home/fintan/ME4857Assignment2-master/install/sr_interfaces/include/sr_interfaces/sr_interfaces/action/detail
[1.026s] -- Up-to-date: /home/fintan/ME4857Assignment2-master/install/sr_interfaces/include/sr_interfaces/sr_interfaces/action/detail/navigate_to_waypoint__rosidl_typesupport_fastrtps_c.h
[1.026s] -- Up-to-date: /home/fintan/ME4857Assignment2-master/install/sr_interfaces/lib/libsr_interfaces__rosidl_typesupport_fastrtps_c.so
[1.026s] -- Up-to-date: /home/fintan/ME4857Assignment2-master/install/sr_interfaces/include/sr_interfaces/sr_interfaces
[1.026s] -- Up-to-date: /home/fintan/ME4857Assignment2-master/install/sr_interfaces/include/sr_interfaces/sr_interfaces/msg
[1.026s] -- Up-to-date: /home/fintan/ME4857Assignment2-master/install/sr_interfaces/include/sr_interfaces/sr_interfaces/msg/rosidl_typesupport_introspection_c__visibility_control.h
[1.027s] -- Up-to-date: /home/fintan/ME4857Assignment2-master/install/sr_interfaces/include/sr_interfaces/sr_interfaces/action
[1.027s] -- Up-to-date: /home/fintan/ME4857Assignment2-master/install/sr_interfaces/include/sr_interfaces/sr_interfaces/action/detail
[1.027s] -- Installing: /home/fintan/ME4857Assignment2-master/install/sr_interfaces/include/sr_interfaces/sr_interfaces/action/detail/navigate_to_waypoint__type_support.c
[1.028s] -- Up-to-date: /home/fintan/ME4857Assignment2-master/install/sr_interfaces/include/sr_interfaces/sr_interfaces/action/detail/navigate_to_waypoint__rosidl_typesupport_introspection_c.h
[1.028s] -- Up-to-date: /home/fintan/ME4857Assignment2-master/install/sr_interfaces/lib/libsr_interfaces__rosidl_typesupport_introspection_c.so
[1.029s] -- Up-to-date: /home/fintan/ME4857Assignment2-master/install/sr_interfaces/lib/libsr_interfaces__rosidl_typesupport_c.so
[1.029s] -- Up-to-date: /home/fintan/ME4857Assignment2-master/install/sr_interfaces/include/sr_interfaces/sr_interfaces
[1.029s] -- Up-to-date: /home/fintan/ME4857Assignment2-master/install/sr_interfaces/include/sr_interfaces/sr_interfaces/msg
[1.030s] -- Up-to-date: /home/fintan/ME4857Assignment2-master/install/sr_interfaces/include/sr_interfaces/sr_interfaces/msg/rosidl_generator_cpp__visibility_control.hpp
[1.030s] -- Up-to-date: /home/fintan/ME4857Assignment2-master/install/sr_interfaces/include/sr_interfaces/sr_interfaces/action
[1.030s] -- Up-to-date: /home/fintan/ME4857Assignment2-master/install/sr_interfaces/include/sr_interfaces/sr_interfaces/action/detail
[1.031s] -- Up-to-date: /home/fintan/ME4857Assignment2-master/install/sr_interfaces/include/sr_interfaces/sr_interfaces/action/detail/navigate_to_waypoint__traits.hpp
[1.031s] -- Up-to-date: /home/fintan/ME4857Assignment2-master/install/sr_interfaces/include/sr_interfaces/sr_interfaces/action/detail/navigate_to_waypoint__type_support.hpp
[1.031s] -- Up-to-date: /home/fintan/ME4857Assignment2-master/install/sr_interfaces/include/sr_interfaces/sr_interfaces/action/detail/navigate_to_waypoint__builder.hpp
[1.031s] -- Up-to-date: /home/fintan/ME4857Assignment2-master/install/sr_interfaces/include/sr_interfaces/sr_interfaces/action/detail/navigate_to_waypoint__struct.hpp
[1.032s] -- Up-to-date: /home/fintan/ME4857Assignment2-master/install/sr_interfaces/include/sr_interfaces/sr_interfaces/action/navigate_to_waypoint.hpp
[1.032s] -- Up-to-date: /home/fintan/ME4857Assignment2-master/install/sr_interfaces/include/sr_interfaces/sr_interfaces
[1.033s] -- Up-to-date: /home/fintan/ME4857Assignment2-master/install/sr_interfaces/include/sr_interfaces/sr_interfaces/msg
[1.033s] -- Up-to-date: /home/fintan/ME4857Assignment2-master/install/sr_interfaces/include/sr_interfaces/sr_interfaces/msg/rosidl_typesupport_fastrtps_cpp__visibility_control.h
[1.033s] -- Up-to-date: /home/fintan/ME4857Assignment2-master/install/sr_interfaces/include/sr_interfaces/sr_interfaces/action
[1.034s] -- Up-to-date: /home/fintan/ME4857Assignment2-master/install/sr_interfaces/include/sr_interfaces/sr_interfaces/action/detail
[1.034s] -- Up-to-date: /home/fintan/ME4857Assignment2-master/install/sr_interfaces/include/sr_interfaces/sr_interfaces/action/detail/dds_fastrtps
[1.034s] -- Up-to-date: /home/fintan/ME4857Assignment2-master/install/sr_interfaces/include/sr_interfaces/sr_interfaces/action/detail/navigate_to_waypoint__rosidl_typesupport_fastrtps_cpp.hpp
[1.034s] -- Up-to-date: /home/fintan/ME4857Assignment2-master/install/sr_interfaces/lib/libsr_interfaces__rosidl_typesupport_fastrtps_cpp.so
[1.034s] -- Up-to-date: /home/fintan/ME4857Assignment2-master/install/sr_interfaces/include/sr_interfaces/sr_interfaces
[1.034s] -- Up-to-date: /home/fintan/ME4857Assignment2-master/install/sr_interfaces/include/sr_interfaces/sr_interfaces/action
[1.035s] -- Up-to-date: /home/fintan/ME4857Assignment2-master/install/sr_interfaces/include/sr_interfaces/sr_interfaces/action/detail
[1.035s] -- Up-to-date: /home/fintan/ME4857Assignment2-master/install/sr_interfaces/include/sr_interfaces/sr_interfaces/action/detail/navigate_to_waypoint__rosidl_typesupport_introspection_cpp.hpp
[1.035s] -- Up-to-date: /home/fintan/ME4857Assignment2-master/install/sr_interfaces/include/sr_interfaces/sr_interfaces/action/detail/navigate_to_waypoint__type_support.cpp
[1.035s] -- Up-to-date: /home/fintan/ME4857Assignment2-master/install/sr_interfaces/lib/libsr_interfaces__rosidl_typesupport_introspection_cpp.so
[1.035s] -- Up-to-date: /home/fintan/ME4857Assignment2-master/install/sr_interfaces/lib/libsr_interfaces__rosidl_typesupport_cpp.so
[1.035s] -- Up-to-date: /home/fintan/ME4857Assignment2-master/install/sr_interfaces/share/sr_interfaces/environment/pythonpath.sh
[1.035s] -- Up-to-date: /home/fintan/ME4857Assignment2-master/install/sr_interfaces/share/sr_interfaces/environment/pythonpath.dsv
[1.035s] -- Up-to-date: /home/fintan/ME4857Assignment2-master/install/sr_interfaces/lib/python3.12/site-packages/sr_interfaces-1.0.0-py3.12.egg-info
[1.036s] -- Installing: /home/fintan/ME4857Assignment2-master/install/sr_interfaces/lib/python3.12/site-packages/sr_interfaces-1.0.0-py3.12.egg-info/SOURCES.txt
[1.036s] -- Installing: /home/fintan/ME4857Assignment2-master/install/sr_interfaces/lib/python3.12/site-packages/sr_interfaces-1.0.0-py3.12.egg-info/dependency_links.txt
[1.036s] -- Installing: /home/fintan/ME4857Assignment2-master/install/sr_interfaces/lib/python3.12/site-packages/sr_interfaces-1.0.0-py3.12.egg-info/PKG-INFO
[1.036s] -- Installing: /home/fintan/ME4857Assignment2-master/install/sr_interfaces/lib/python3.12/site-packages/sr_interfaces-1.0.0-py3.12.egg-info/top_level.txt
[1.036s] -- Up-to-date: /home/fintan/ME4857Assignment2-master/install/sr_interfaces/lib/python3.12/site-packages/sr_interfaces
[1.036s] -- Up-to-date: /home/fintan/ME4857Assignment2-master/install/sr_interfaces/lib/python3.12/site-packages/sr_interfaces/sr_interfaces_s__rosidl_typesupport_c.so
[1.036s] -- Up-to-date: /home/fintan/ME4857Assignment2-master/install/sr_interfaces/lib/python3.12/site-packages/sr_interfaces/__init__.py
[1.036s] -- Up-to-date: /home/fintan/ME4857Assignment2-master/install/sr_interfaces/lib/python3.12/site-packages/sr_interfaces/_sr_interfaces_s.ep.rosidl_typesupport_introspection_c.c
[1.037s] -- Up-to-date: /home/fintan/ME4857Assignment2-master/install/sr_interfaces/lib/python3.12/site-packages/sr_interfaces/sr_interfaces_s__rosidl_typesupport_fastrtps_c.so
[1.037s] -- Up-to-date: /home/fintan/ME4857Assignment2-master/install/sr_interfaces/lib/python3.12/site-packages/sr_interfaces/_sr_interfaces_s.ep.rosidl_typesupport_c.c
[1.037s] -- Up-to-date: /home/fintan/ME4857Assignment2-master/install/sr_interfaces/lib/python3.12/site-packages/sr_interfaces/action
[1.037s] -- Up-to-date: /home/fintan/ME4857Assignment2-master/install/sr_interfaces/lib/python3.12/site-packages/sr_interfaces/action/__init__.py
[1.037s] -- Up-to-date: /home/fintan/ME4857Assignment2-master/install/sr_interfaces/lib/python3.12/site-packages/sr_interfaces/action/_navigate_to_waypoint_s.c
[1.037s] -- Up-to-date: /home/fintan/ME4857Assignment2-master/install/sr_interfaces/lib/python3.12/site-packages/sr_interfaces/action/_navigate_to_waypoint.py
[1.037s] -- Up-to-date: /home/fintan/ME4857Assignment2-master/install/sr_interfaces/lib/python3.12/site-packages/sr_interfaces/_sr_interfaces_s.ep.rosidl_typesupport_fastrtps_c.c
[1.038s] -- Up-to-date: /home/fintan/ME4857Assignment2-master/install/sr_interfaces/lib/python3.12/site-packages/sr_interfaces/sr_interfaces_s__rosidl_typesupport_introspection_c.so
[1.088s] Listing '/home/fintan/ME4857Assignment2-master/install/sr_interfaces/lib/python3.12/site-packages/sr_interfaces'...
[1.088s] Listing '/home/fintan/ME4857Assignment2-master/install/sr_interfaces/lib/python3.12/site-packages/sr_interfaces/action'...
[1.099s] -- Up-to-date: /home/fintan/ME4857Assignment2-master/install/sr_interfaces/lib/python3.12/site-packages/sr_interfaces/sr_interfaces_s__rosidl_typesupport_fastrtps_c.so
[1.099s] -- Up-to-date: /home/fintan/ME4857Assignment2-master/install/sr_interfaces/lib/python3.12/site-packages/sr_interfaces/sr_interfaces_s__rosidl_typesupport_introspection_c.so
[1.100s] -- Up-to-date: /home/fintan/ME4857Assignment2-master/install/sr_interfaces/lib/python3.12/site-packages/sr_interfaces/sr_interfaces_s__rosidl_typesupport_c.so
[1.100s] -- Up-to-date: /home/fintan/ME4857Assignment2-master/install/sr_interfaces/lib/libsr_interfaces__rosidl_generator_py.so
[1.101s] -- Up-to-date: /home/fintan/ME4857Assignment2-master/install/sr_interfaces/share/ament_index/resource_index/rust_packages/sr_interfaces
[1.102s] -- Up-to-date: /home/fintan/ME4857Assignment2-master/install/sr_interfaces/share/sr_interfaces/rust
[1.102s] -- Up-to-date: /home/fintan/ME4857Assignment2-master/install/sr_interfaces/share/sr_interfaces/rust/src
[1.103s] -- Up-to-date: /home/fintan/ME4857Assignment2-master/install/sr_interfaces/share/sr_interfaces/rust/src/action
[1.103s] -- Up-to-date: /home/fintan/ME4857Assignment2-master/install/sr_interfaces/share/sr_interfaces/rust/src/action/rmw.rs
[1.103s] -- Up-to-date: /home/fintan/ME4857Assignment2-master/install/sr_interfaces/share/sr_interfaces/rust/src/lib.rs
[1.104s] -- Up-to-date: /home/fintan/ME4857Assignment2-master/install/sr_interfaces/share/sr_interfaces/rust/src/action.rs
[1.104s] -- Up-to-date: /home/fintan/ME4857Assignment2-master/install/sr_interfaces/share/sr_interfaces/rust/Cargo.toml
[1.104s] -- Up-to-date: /home/fintan/ME4857Assignment2-master/install/sr_interfaces/share/sr_interfaces/rust/build.rs
[1.105s] -- Up-to-date: /home/fintan/ME4857Assignment2-master/install/sr_interfaces/share/sr_interfaces/action/NavigateToWaypoint.idl
[1.106s] -- Up-to-date: /home/fintan/ME4857Assignment2-master/install/sr_interfaces/share/sr_interfaces/action/NavigateToWaypoint.action
[1.106s] -- Up-to-date: /home/fintan/ME4857Assignment2-master/install/sr_interfaces/share/ament_index/resource_index/package_run_dependencies/sr_interfaces
[1.107s] -- Up-to-date: /home/fintan/ME4857Assignment2-master/install/sr_interfaces/share/ament_index/resource_index/parent_prefix_path/sr_interfaces
[1.108s] -- Up-to-date: /home/fintan/ME4857Assignment2-master/install/sr_interfaces/share/sr_interfaces/environment/ament_prefix_path.sh
[1.109s] -- Up-to-date: /home/fintan/ME4857Assignment2-master/install/sr_interfaces/share/sr_interfaces/environment/ament_prefix_path.dsv
[1.110s] -- Up-to-date: /home/fintan/ME4857Assignment2-master/install/sr_interfaces/share/sr_interfaces/environment/path.sh
[1.110s] -- Up-to-date: /home/fintan/ME4857Assignment2-master/install/sr_interfaces/share/sr_interfaces/environment/path.dsv
[1.111s] -- Up-to-date: /home/fintan/ME4857Assignment2-master/install/sr_interfaces/share/sr_interfaces/local_setup.bash
[1.111s] -- Up-to-date: /home/fintan/ME4857Assignment2-master/install/sr_interfaces/share/sr_interfaces/local_setup.sh
[1.111s] -- Up-to-date: /home/fintan/ME4857Assignment2-master/install/sr_interfaces/share/sr_interfaces/local_setup.zsh
[1.111s] -- Up-to-date: /home/fintan/ME4857Assignment2-master/install/sr_interfaces/share/sr_interfaces/local_setup.dsv
[1.112s] -- Installing: /home/fintan/ME4857Assignment2-master/install/sr_interfaces/share/sr_interfaces/package.dsv
[1.112s] -- Up-to-date: /home/fintan/ME4857Assignment2-master/install/sr_interfaces/share/ament_index/resource_index/packages/sr_interfaces
[1.112s] -- Up-to-date: /home/fintan/ME4857Assignment2-master/install/sr_interfaces/share/sr_interfaces/cmake/export_sr_interfaces__rosidl_generator_cExport.cmake
[1.113s] -- Up-to-date: /home/fintan/ME4857Assignment2-master/install/sr_interfaces/share/sr_interfaces/cmake/export_sr_interfaces__rosidl_generator_cExport-noconfig.cmake
[1.113s] -- Up-to-date: /home/fintan/ME4857Assignment2-master/install/sr_interfaces/share/sr_interfaces/cmake/export_sr_interfaces__rosidl_typesupport_fastrtps_cExport.cmake
[1.114s] -- Up-to-date: /home/fintan/ME4857Assignment2-master/install/sr_interfaces/share/sr_interfaces/cmake/export_sr_interfaces__rosidl_typesupport_fastrtps_cExport-noconfig.cmake
[1.114s] -- Up-to-date: /home/fintan/ME4857Assignment2-master/install/sr_interfaces/share/sr_interfaces/cmake/sr_interfaces__rosidl_typesupport_introspection_cExport.cmake
[1.115s] -- Up-to-date: /home/fintan/ME4857Assignment2-master/install/sr_interfaces/share/sr_interfaces/cmake/sr_interfaces__rosidl_typesupport_introspection_cExport-noconfig.cmake
[1.117s] -- Up-to-date: /home/fintan/ME4857Assignment2-master/install/sr_interfaces/share/sr_interfaces/cmake/sr_interfaces__rosidl_typesupport_cExport.cmake
[1.117s] -- Up-to-date: /home/fintan/ME4857Assignment2-master/install/sr_interfaces/share/sr_interfaces/cmake/sr_interfaces__rosidl_typesupport_cExport-noconfig.cmake
[1.118s] -- Up-to-date: /home/fintan/ME4857Assignment2-master/install/sr_interfaces/share/sr_interfaces/cmake/export_sr_interfaces__rosidl_generator_cppExport.cmake
[1.118s] -- Up-to-date: /home/fintan/ME4857Assignment2-master/install/sr_interfaces/share/sr_interfaces/cmake/export_sr_interfaces__rosidl_typesupport_fastrtps_cppExport.cmake
[1.119s] -- Up-to-date: /home/fintan/ME4857Assignment2-master/install/sr_interfaces/share/sr_interfaces/cmake/export_sr_interfaces__rosidl_typesupport_fastrtps_cppExport-noconfig.cmake
[1.119s] -- Up-to-date: /home/fintan/ME4857Assignment2-master/install/sr_interfaces/share/sr_interfaces/cmake/sr_interfaces__rosidl_typesupport_introspection_cppExport.cmake
[1.119s] -- Up-to-date: /home/fintan/ME4857Assignment2-master/install/sr_interfaces/share/sr_interfaces/cmake/sr_interfaces__rosidl_typesupport_introspection_cppExport-noconfig.cmake
[1.122s] -- Up-to-date: /home/fintan/ME4857Assignment2-master/install/sr_interfaces/share/sr_interfaces/cmake/sr_interfaces__rosidl_typesupport_cppExport.cmake
[1.123s] -- Up-to-date: /home/fintan/ME4857Assignment2-master/install/sr_interfaces/share/sr_interfaces/cmake/sr_interfaces__rosidl_typesupport_cppExport-noconfig.cmake
[1.125s] -- Up-to-date: /home/fintan/ME4857Assignment2-master/install/sr_interfaces/share/sr_interfaces/cmake/export_sr_interfaces__rosidl_generator_pyExport.cmake
[1.126s] -- Up-to-date: /home/fintan/ME4857Assignment2-master/install/sr_interfaces/share/sr_interfaces/cmake/export_sr_interfaces__rosidl_generator_pyExport-noconfig.cmake
[1.127s] -- Up-to-date: /home/fintan/ME4857Assignment2-master/install/sr_interfaces/share/sr_interfaces/cmake/rosidl_cmake-extras.cmake
[1.127s] -- Up-to-date: /home/fintan/ME4857Assignment2-master/install/sr_interfaces/share/sr_interfaces/cmake/ament_cmake_export_dependencies-extras.cmake
[1.128s] -- Up-to-date: /home/fintan/ME4857Assignment2-master/install/sr_interfaces/share/sr_interfaces/cmake/ament_cmake_export_include_directories-extras.cmake
[1.128s] -- Up-to-date: /home/fintan/ME4857Assignment2-master/install/sr_interfaces/share/sr_interfaces/cmake/ament_cmake_export_libraries-extras.cmake
[1.129s] -- Up-to-date: /home/fintan/ME4857Assignment2-master/install/sr_interfaces/share/sr_interfaces/cmake/ament_cmake_export_targets-extras.cmake
[1.129s] -- Up-to-date: /home/fintan/ME4857Assignment2-master/install/sr_interfaces/share/sr_interfaces/cmake/rosidl_cmake_export_typesupport_targets-extras.cmake
[1.129s] -- Up-to-date: /home/fintan/ME4857Assignment2-master/install/sr_interfaces/share/sr_interfaces/cmake/rosidl_cmake_export_typesupport_libraries-extras.cmake
[1.130s] -- Up-to-date: /home/fintan/ME4857Assignment2-master/install/sr_interfaces/share/sr_interfaces/cmake/sr_interfacesConfig.cmake
[1.130s] -- Up-to-date: /home/fintan/ME4857Assignment2-master/install/sr_interfaces/share/sr_interfaces/cmake/sr_interfacesConfig-version.cmake
[1.131s] -- Up-to-date: /home/fintan/ME4857Assignment2-master/install/sr_interfaces/share/sr_interfaces/package.xml
[1.131s] Invoked command in '/home/fintan/ME4857Assignment2-master/build/sr_interfaces' returned '0': CMAKE_PREFIX_PATH=${CMAKE_PREFIX_PATH}:/opt/ros/jazzy /usr/bin/cmake --install /home/fintan/ME4857Assignment2-master/build/sr_interfaces
