[  2%] Built target sr_interfaces__rosidl_generator_type_description
[  5%] Built target sr_interfaces__rs
[  5%] Built target ament_cmake_python_copy_sr_interfaces
[ 14%] Built target sr_interfaces__cpp
[ 22%] Built target sr_interfaces__rosidl_generator_c
[ 31%] Built target sr_interfaces__rosidl_typesupport_c
[ 40%] Built target sr_interfaces__rosidl_typesupport_cpp
[ 48%] Built target sr_interfaces__rosidl_typesupport_fastrtps_c
[ 60%] Built target sr_interfaces__rosidl_typesupport_introspection_c
[ 68%] Built target sr_interfaces__rosidl_typesupport_introspection_cpp
[ 74%] Built target sr_interfaces__rosidl_typesupport_fastrtps_cpp
[ 74%] Built target sr_interfaces
[ 77%] Built target sr_interfaces__py
[ 82%] Built target sr_interfaces__rosidl_generator_py
[ 88%] Built target sr_interfaces_s__rosidl_typesupport_introspection_c
[ 94%] Built target sr_interfaces_s__rosidl_typesupport_fastrtps_c
[100%] Built target sr_interfaces_s__rosidl_typesupport_c
running egg_info
writing sr_interfaces.egg-info/PKG-INFO
writing dependency_links to sr_interfaces.egg-info/dependency_links.txt
writing top-level names to sr_interfaces.egg-info/top_level.txt
reading manifest file 'sr_interfaces.egg-info/SOURCES.txt'
writing manifest file 'sr_interfaces.egg-info/SOURCES.txt'
[100%] Built target ament_cmake_python_build_sr_interfaces_egg
-- Install configuration: ""
-- Up-to-date: /home/fintan/ME4857Assignment2-master/install/sr_interfaces/share/ament_index/resource_index/rosidl_interfaces/sr_interfaces
-- Up-to-date: /home/fintan/ME4857Assignment2-master/install/sr_interfaces/share/sr_interfaces/action/NavigateToWaypoint.json
-- Up-to-date: /home/fintan/ME4857Assignment2-master/install/sr_interfaces/include/sr_interfaces/sr_interfaces
-- Up-to-date: /home/fintan/ME4857Assignment2-master/install/sr_interfaces/include/sr_interfaces/sr_interfaces/msg
-- Up-to-date: /home/fintan/ME4857Assignment2-master/install/sr_interfaces/include/sr_interfaces/sr_interfaces/msg/rosidl_generator_c__visibility_control.h
-- Up-to-date: /home/fintan/ME4857Assignment2-master/install/sr_interfaces/include/sr_interfaces/sr_interfaces/action
-- Up-to-date: /home/fintan/ME4857Assignment2-master/install/sr_interfaces/include/sr_interfaces/sr_interfaces/action/detail
-- Installing: /home/fintan/ME4857Assignment2-master/install/sr_interfaces/include/sr_interfaces/sr_interfaces/action/detail/navigate_to_waypoint__type_support.c
-- Up-to-date: /home/fintan/ME4857Assignment2-master/install/sr_interfaces/include/sr_interfaces/sr_interfaces/action/detail/navigate_to_waypoint__type_support.h
-- Up-to-date: /home/fintan/ME4857Assignment2-master/install/sr_interfaces/include/sr_interfaces/sr_interfaces/action/detail/navigate_to_waypoint__description.c
-- Up-to-date: /home/fintan/ME4857Assignment2-master/install/sr_interfaces/include/sr_interfaces/sr_interfaces/action/detail/navigate_to_waypoint__functions.h
-- Up-to-date: /home/fintan/ME4857Assignment2-master/install/sr_interfaces/include/sr_interfaces/sr_interfaces/action/detail/navigate_to_waypoint__functions.c
-- Up-to-date: /home/fintan/ME4857Assignment2-master/install/sr_interfaces/include/sr_interfaces/sr_interfaces/action/detail/navigate_to_waypoint__struct.h
-- Up-to-date: /home/fintan/ME4857Assignment2-master/install/sr_interfaces/include/sr_interfaces/sr_interfaces/action/navigate_to_waypoint.h
-- Up-to-date: /home/fintan/ME4857Assignment2-master/install/sr_interfaces/share/sr_interfaces/environment/library_path.sh
-- Up-to-date: /home/fintan/ME4857Assignment2-master/install/sr_interfaces/share/sr_interfaces/environment/library_path.dsv
-- Up-to-date: /home/fintan/ME4857Assignment2-master/install/sr_interfaces/lib/libsr_interfaces__rosidl_generator_c.so
-- Up-to-date: /home/fintan/ME4857Assignment2-master/install/sr_interfaces/include/sr_interfaces/sr_interfaces
-- Up-to-date: /home/fintan/ME4857Assignment2-master/install/sr_interfaces/include/sr_interfaces/sr_interfaces/msg
-- Up-to-date: /home/fintan/ME4857Assignment2-master/install/sr_interfaces/include/sr_interfaces/sr_interfaces/msg/rosidl_typesupport_fastrtps_c__visibility_control.h
-- Up-to-date: /home/fintan/ME4857Assignment2-master/install/sr_interfaces/include/sr_interfaces/sr_interfaces/action
-- Up-to-date: /home/fintan/ME4857Assignment2-master/install/sr_interfaces/include/sr_interfaces/sr_interfaces/action/detail
-- Up-to-date: /home/fintan/ME4857Assignment2-master/install/sr_interfaces/include/sr_interfaces/sr_interfaces/action/detail/navigate_to_waypoint__rosidl_typesupport_fastrtps_c.h
-- Up-to-date: /home/fintan/ME4857Assignment2-master/install/sr_interfaces/lib/libsr_interfaces__rosidl_typesupport_fastrtps_c.so
-- Up-to-date: /home/fintan/ME4857Assignment2-master/install/sr_interfaces/include/sr_interfaces/sr_interfaces
-- Up-to-date: /home/fintan/ME4857Assignment2-master/install/sr_interfaces/include/sr_interfaces/sr_interfaces/msg
-- Up-to-date: /home/fintan/ME4857Assignment2-master/install/sr_interfaces/include/sr_interfaces/sr_interfaces/msg/rosidl_typesupport_introspection_c__visibility_control.h
-- Up-to-date: /home/fintan/ME4857Assignment2-master/install/sr_interfaces/include/sr_interfaces/sr_interfaces/action
-- Up-to-date: /home/fintan/ME4857Assignment2-master/install/sr_interfaces/include/sr_interfaces/sr_interfaces/action/detail
-- Installing: /home/fintan/ME4857Assignment2-master/install/sr_interfaces/include/sr_interfaces/sr_interfaces/action/detail/navigate_to_waypoint__type_support.c
-- Up-to-date: /home/fintan/ME4857Assignment2-master/install/sr_interfaces/include/sr_interfaces/sr_interfaces/action/detail/navigate_to_waypoint__rosidl_typesupport_introspection_c.h
-- Up-to-date: /home/fintan/ME4857Assignment2-master/install/sr_interfaces/lib/libsr_interfaces__rosidl_typesupport_introspection_c.so
-- Up-to-date: /home/fintan/ME4857Assignment2-master/install/sr_interfaces/lib/libsr_interfaces__rosidl_typesupport_c.so
-- Up-to-date: /home/fintan/ME4857Assignment2-master/install/sr_interfaces/include/sr_interfaces/sr_interfaces
-- Up-to-date: /home/fintan/ME4857Assignment2-master/install/sr_interfaces/include/sr_interfaces/sr_interfaces/msg
-- Up-to-date: /home/fintan/ME4857Assignment2-master/install/sr_interfaces/include/sr_interfaces/sr_interfaces/msg/rosidl_generator_cpp__visibility_control.hpp
-- Up-to-date: /home/fintan/ME4857Assignment2-master/install/sr_interfaces/include/sr_interfaces/sr_interfaces/action
-- Up-to-date: /home/fintan/ME4857Assignment2-master/install/sr_interfaces/include/sr_interfaces/sr_interfaces/action/detail
-- Up-to-date: /home/fintan/ME4857Assignment2-master/install/sr_interfaces/include/sr_interfaces/sr_interfaces/action/detail/navigate_to_waypoint__traits.hpp
-- Up-to-date: /home/fintan/ME4857Assignment2-master/install/sr_interfaces/include/sr_interfaces/sr_interfaces/action/detail/navigate_to_waypoint__type_support.hpp
-- Up-to-date: /home/fintan/ME4857Assignment2-master/install/sr_interfaces/include/sr_interfaces/sr_interfaces/action/detail/navigate_to_waypoint__builder.hpp
-- Up-to-date: /home/fintan/ME4857Assignment2-master/install/sr_interfaces/include/sr_interfaces/sr_interfaces/action/detail/navigate_to_waypoint__struct.hpp
-- Up-to-date: /home/fintan/ME4857Assignment2-master/install/sr_interfaces/include/sr_interfaces/sr_interfaces/action/navigate_to_waypoint.hpp
-- Up-to-date: /home/fintan/ME4857Assignment2-master/install/sr_interfaces/include/sr_interfaces/sr_interfaces
-- Up-to-date: /home/fintan/ME4857Assignment2-master/install/sr_interfaces/include/sr_interfaces/sr_interfaces/msg
-- Up-to-date: /home/fintan/ME4857Assignment2-master/install/sr_interfaces/include/sr_interfaces/sr_interfaces/msg/rosidl_typesupport_fastrtps_cpp__visibility_control.h
-- Up-to-date: /home/fintan/ME4857Assignment2-master/install/sr_interfaces/include/sr_interfaces/sr_interfaces/action
-- Up-to-date: /home/fintan/ME4857Assignment2-master/install/sr_interfaces/include/sr_interfaces/sr_interfaces/action/detail
-- Up-to-date: /home/fintan/ME4857Assignment2-master/install/sr_interfaces/include/sr_interfaces/sr_interfaces/action/detail/dds_fastrtps
-- Up-to-date: /home/fintan/ME4857Assignment2-master/install/sr_interfaces/include/sr_interfaces/sr_interfaces/action/detail/navigate_to_waypoint__rosidl_typesupport_fastrtps_cpp.hpp
-- Up-to-date: /home/fintan/ME4857Assignment2-master/install/sr_interfaces/lib/libsr_interfaces__rosidl_typesupport_fastrtps_cpp.so
-- Up-to-date: /home/fintan/ME4857Assignment2-master/install/sr_interfaces/include/sr_interfaces/sr_interfaces
-- Up-to-date: /home/fintan/ME4857Assignment2-master/install/sr_interfaces/include/sr_interfaces/sr_interfaces/action
-- Up-to-date: /home/fintan/ME4857Assignment2-master/install/sr_interfaces/include/sr_interfaces/sr_interfaces/action/detail
-- Up-to-date: /home/fintan/ME4857Assignment2-master/install/sr_interfaces/include/sr_interfaces/sr_interfaces/action/detail/navigate_to_waypoint__rosidl_typesupport_introspection_cpp.hpp
-- Up-to-date: /home/fintan/ME4857Assignment2-master/install/sr_interfaces/include/sr_interfaces/sr_interfaces/action/detail/navigate_to_waypoint__type_support.cpp
-- Up-to-date: /home/fintan/ME4857Assignment2-master/install/sr_interfaces/lib/libsr_interfaces__rosidl_typesupport_introspection_cpp.so
-- Up-to-date: /home/fintan/ME4857Assignment2-master/install/sr_interfaces/lib/libsr_interfaces__rosidl_typesupport_cpp.so
-- Up-to-date: /home/fintan/ME4857Assignment2-master/install/sr_interfaces/share/sr_interfaces/environment/pythonpath.sh
-- Up-to-date: /home/fintan/ME4857Assignment2-master/install/sr_interfaces/share/sr_interfaces/environment/pythonpath.dsv
-- Up-to-date: /home/fintan/ME4857Assignment2-master/install/sr_interfaces/lib/python3.12/site-packages/sr_interfaces-1.0.0-py3.12.egg-info
-- Installing: /home/fintan/ME4857Assignment2-master/install/sr_interfaces/lib/python3.12/site-packages/sr_interfaces-1.0.0-py3.12.egg-info/SOURCES.txt
-- Installing: /home/fintan/ME4857Assignment2-master/install/sr_interfaces/lib/python3.12/site-packages/sr_interfaces-1.0.0-py3.12.egg-info/dependency_links.txt
-- Installing: /home/fintan/ME4857Assignment2-master/install/sr_interfaces/lib/python3.12/site-packages/sr_interfaces-1.0.0-py3.12.egg-info/PKG-INFO
-- Installing: /home/fintan/ME4857Assignment2-master/install/sr_interfaces/lib/python3.12/site-packages/sr_interfaces-1.0.0-py3.12.egg-info/top_level.txt
-- Up-to-date: /home/fintan/ME4857Assignment2-master/install/sr_interfaces/lib/python3.12/site-packages/sr_interfaces
-- Up-to-date: /home/fintan/ME4857Assignment2-master/install/sr_interfaces/lib/python3.12/site-packages/sr_interfaces/sr_interfaces_s__rosidl_typesupport_c.so
-- Up-to-date: /home/fintan/ME4857Assignment2-master/install/sr_interfaces/lib/python3.12/site-packages/sr_interfaces/__init__.py
-- Up-to-date: /home/fintan/ME4857Assignment2-master/install/sr_interfaces/lib/python3.12/site-packages/sr_interfaces/_sr_interfaces_s.ep.rosidl_typesupport_introspection_c.c
-- Up-to-date: /home/fintan/ME4857Assignment2-master/install/sr_interfaces/lib/python3.12/site-packages/sr_interfaces/sr_interfaces_s__rosidl_typesupport_fastrtps_c.so
-- Up-to-date: /home/fintan/ME4857Assignment2-master/install/sr_interfaces/lib/python3.12/site-packages/sr_interfaces/_sr_interfaces_s.ep.rosidl_typesupport_c.c
-- Up-to-date: /home/fintan/ME4857Assignment2-master/install/sr_interfaces/lib/python3.12/site-packages/sr_interfaces/action
-- Up-to-date: /home/fintan/ME4857Assignment2-master/install/sr_interfaces/lib/python3.12/site-packages/sr_interfaces/action/__init__.py
-- Up-to-date: /home/fintan/ME4857Assignment2-master/install/sr_interfaces/lib/python3.12/site-packages/sr_interfaces/action/_navigate_to_waypoint_s.c
-- Up-to-date: /home/fintan/ME4857Assignment2-master/install/sr_interfaces/lib/python3.12/site-packages/sr_interfaces/action/_navigate_to_waypoint.py
-- Up-to-date: /home/fintan/ME4857Assignment2-master/install/sr_interfaces/lib/python3.12/site-packages/sr_interfaces/_sr_interfaces_s.ep.rosidl_typesupport_fastrtps_c.c
-- Up-to-date: /home/fintan/ME4857Assignment2-master/install/sr_interfaces/lib/python3.12/site-packages/sr_interfaces/sr_interfaces_s__rosidl_typesupport_introspection_c.so
Listing '/home/fintan/ME4857Assignment2-master/install/sr_interfaces/lib/python3.12/site-packages/sr_interfaces'...
Listing '/home/fintan/ME4857Assignment2-master/install/sr_interfaces/lib/python3.12/site-packages/sr_interfaces/action'...
-- Up-to-date: /home/fintan/ME4857Assignment2-master/install/sr_interfaces/lib/python3.12/site-packages/sr_interfaces/sr_interfaces_s__rosidl_typesupport_fastrtps_c.so
-- Up-to-date: /home/fintan/ME4857Assignment2-master/install/sr_interfaces/lib/python3.12/site-packages/sr_interfaces/sr_interfaces_s__rosidl_typesupport_introspection_c.so
-- Up-to-date: /home/fintan/ME4857Assignment2-master/install/sr_interfaces/lib/python3.12/site-packages/sr_interfaces/sr_interfaces_s__rosidl_typesupport_c.so
-- Up-to-date: /home/fintan/ME4857Assignment2-master/install/sr_interfaces/lib/libsr_interfaces__rosidl_generator_py.so
-- Up-to-date: /home/fintan/ME4857Assignment2-master/install/sr_interfaces/share/ament_index/resource_index/rust_packages/sr_interfaces
-- Up-to-date: /home/fintan/ME4857Assignment2-master/install/sr_interfaces/share/sr_interfaces/rust
-- Up-to-date: /home/fintan/ME4857Assignment2-master/install/sr_interfaces/share/sr_interfaces/rust/src
-- Up-to-date: /home/fintan/ME4857Assignment2-master/install/sr_interfaces/share/sr_interfaces/rust/src/action
-- Up-to-date: /home/fintan/ME4857Assignment2-master/install/sr_interfaces/share/sr_interfaces/rust/src/action/rmw.rs
-- Up-to-date: /home/fintan/ME4857Assignment2-master/install/sr_interfaces/share/sr_interfaces/rust/src/lib.rs
-- Up-to-date: /home/fintan/ME4857Assignment2-master/install/sr_interfaces/share/sr_interfaces/rust/src/action.rs
-- Up-to-date: /home/fintan/ME4857Assignment2-master/install/sr_interfaces/share/sr_interfaces/rust/Cargo.toml
-- Up-to-date: /home/fintan/ME4857Assignment2-master/install/sr_interfaces/share/sr_interfaces/rust/build.rs
-- Up-to-date: /home/fintan/ME4857Assignment2-master/install/sr_interfaces/share/sr_interfaces/action/NavigateToWaypoint.idl
-- Up-to-date: /home/fintan/ME4857Assignment2-master/install/sr_interfaces/share/sr_interfaces/action/NavigateToWaypoint.action
-- Up-to-date: /home/fintan/ME4857Assignment2-master/install/sr_interfaces/share/ament_index/resource_index/package_run_dependencies/sr_interfaces
-- Up-to-date: /home/fintan/ME4857Assignment2-master/install/sr_interfaces/share/ament_index/resource_index/parent_prefix_path/sr_interfaces
-- Up-to-date: /home/fintan/ME4857Assignment2-master/install/sr_interfaces/share/sr_interfaces/environment/ament_prefix_path.sh
-- Up-to-date: /home/fintan/ME4857Assignment2-master/install/sr_interfaces/share/sr_interfaces/environment/ament_prefix_path.dsv
-- Up-to-date: /home/fintan/ME4857Assignment2-master/install/sr_interfaces/share/sr_interfaces/environment/path.sh
-- Up-to-date: /home/fintan/ME4857Assignment2-master/install/sr_interfaces/share/sr_interfaces/environment/path.dsv
-- Up-to-date: /home/fintan/ME4857Assignment2-master/install/sr_interfaces/share/sr_interfaces/local_setup.bash
-- Up-to-date: /home/fintan/ME4857Assignment2-master/install/sr_interfaces/share/sr_interfaces/local_setup.sh
-- Up-to-date: /home/fintan/ME4857Assignment2-master/install/sr_interfaces/share/sr_interfaces/local_setup.zsh
-- Up-to-date: /home/fintan/ME4857Assignment2-master/install/sr_interfaces/share/sr_interfaces/local_setup.dsv
-- Installing: /home/fintan/ME4857Assignment2-master/install/sr_interfaces/share/sr_interfaces/package.dsv
-- Up-to-date: /home/fintan/ME4857Assignment2-master/install/sr_interfaces/share/ament_index/resource_index/packages/sr_interfaces
-- Up-to-date: /home/fintan/ME4857Assignment2-master/install/sr_interfaces/share/sr_interfaces/cmake/export_sr_interfaces__rosidl_generator_cExport.cmake
-- Up-to-date: /home/fintan/ME4857Assignment2-master/install/sr_interfaces/share/sr_interfaces/cmake/export_sr_interfaces__rosidl_generator_cExport-noconfig.cmake
-- Up-to-date: /home/fintan/ME4857Assignment2-master/install/sr_interfaces/share/sr_interfaces/cmake/export_sr_interfaces__rosidl_typesupport_fastrtps_cExport.cmake
-- Up-to-date: /home/fintan/ME4857Assignment2-master/install/sr_interfaces/share/sr_interfaces/cmake/export_sr_interfaces__rosidl_typesupport_fastrtps_cExport-noconfig.cmake
-- Up-to-date: /home/fintan/ME4857Assignment2-master/install/sr_interfaces/share/sr_interfaces/cmake/sr_interfaces__rosidl_typesupport_introspection_cExport.cmake
-- Up-to-date: /home/fintan/ME4857Assignment2-master/install/sr_interfaces/share/sr_interfaces/cmake/sr_interfaces__rosidl_typesupport_introspection_cExport-noconfig.cmake
-- Up-to-date: /home/fintan/ME4857Assignment2-master/install/sr_interfaces/share/sr_interfaces/cmake/sr_interfaces__rosidl_typesupport_cExport.cmake
-- Up-to-date: /home/fintan/ME4857Assignment2-master/install/sr_interfaces/share/sr_interfaces/cmake/sr_interfaces__rosidl_typesupport_cExport-noconfig.cmake
-- Up-to-date: /home/fintan/ME4857Assignment2-master/install/sr_interfaces/share/sr_interfaces/cmake/export_sr_interfaces__rosidl_generator_cppExport.cmake
-- Up-to-date: /home/fintan/ME4857Assignment2-master/install/sr_interfaces/share/sr_interfaces/cmake/export_sr_interfaces__rosidl_typesupport_fastrtps_cppExport.cmake
-- Up-to-date: /home/fintan/ME4857Assignment2-master/install/sr_interfaces/share/sr_interfaces/cmake/export_sr_interfaces__rosidl_typesupport_fastrtps_cppExport-noconfig.cmake
-- Up-to-date: /home/fintan/ME4857Assignment2-master/install/sr_interfaces/share/sr_interfaces/cmake/sr_interfaces__rosidl_typesupport_introspection_cppExport.cmake
-- Up-to-date: /home/fintan/ME4857Assignment2-master/install/sr_interfaces/share/sr_interfaces/cmake/sr_interfaces__rosidl_typesupport_introspection_cppExport-noconfig.cmake
-- Up-to-date: /home/fintan/ME4857Assignment2-master/install/sr_interfaces/share/sr_interfaces/cmake/sr_interfaces__rosidl_typesupport_cppExport.cmake
-- Up-to-date: /home/fintan/ME4857Assignment2-master/install/sr_interfaces/share/sr_interfaces/cmake/sr_interfaces__rosidl_typesupport_cppExport-noconfig.cmake
-- Up-to-date: /home/fintan/ME4857Assignment2-master/install/sr_interfaces/share/sr_interfaces/cmake/export_sr_interfaces__rosidl_generator_pyExport.cmake
-- Up-to-date: /home/fintan/ME4857Assignment2-master/install/sr_interfaces/share/sr_interfaces/cmake/export_sr_interfaces__rosidl_generator_pyExport-noconfig.cmake
-- Up-to-date: /home/fintan/ME4857Assignment2-master/install/sr_interfaces/share/sr_interfaces/cmake/rosidl_cmake-extras.cmake
-- Up-to-date: /home/fintan/ME4857Assignment2-master/install/sr_interfaces/share/sr_interfaces/cmake/ament_cmake_export_dependencies-extras.cmake
-- Up-to-date: /home/fintan/ME4857Assignment2-master/install/sr_interfaces/share/sr_interfaces/cmake/ament_cmake_export_include_directories-extras.cmake
-- Up-to-date: /home/fintan/ME4857Assignment2-master/install/sr_interfaces/share/sr_interfaces/cmake/ament_cmake_export_libraries-extras.cmake
-- Up-to-date: /home/fintan/ME4857Assignment2-master/install/sr_interfaces/share/sr_interfaces/cmake/ament_cmake_export_targets-extras.cmake
-- Up-to-date: /home/fintan/ME4857Assignment2-master/install/sr_interfaces/share/sr_interfaces/cmake/rosidl_cmake_export_typesupport_targets-extras.cmake
-- Up-to-date: /home/fintan/ME4857Assignment2-master/install/sr_interfaces/share/sr_interfaces/cmake/rosidl_cmake_export_typesupport_libraries-extras.cmake
-- Up-to-date: /home/fintan/ME4857Assignment2-master/install/sr_interfaces/share/sr_interfaces/cmake/sr_interfacesConfig.cmake
-- Up-to-date: /home/fintan/ME4857Assignment2-master/install/sr_interfaces/share/sr_interfaces/cmake/sr_interfacesConfig-version.cmake
-- Up-to-date: /home/fintan/ME4857Assignment2-master/install/sr_interfaces/share/sr_interfaces/package.xml
