[1.611s] DEBUG:colcon:Command line arguments: ['/usr/bin/colcon', 'build', '--packages-select', 'bt', '--symlink-install']
[1.611s] DEBUG:colcon:Parsed command line arguments: Namespace(log_base=None, log_level=None, verb_name='build', build_base='build', install_base='install', merge_install=False, symlink_install=True, test_result_base=None, continue_on_error=False, executor='parallel', parallel_workers=12, event_handlers=None, ignore_user_meta=False, metas=['./colcon.meta'], base_paths=['.'], packages_ignore=None, packages_ignore_regex=None, paths=None, packages_up_to=None, packages_up_to_regex=None, packages_above=None, packages_above_and_dependencies=None, packages_above_depth=None, packages_select_by_dep=None, packages_skip_by_dep=None, packages_skip_up_to=None, packages_select_build_failed=False, packages_skip_build_finished=False, packages_select_test_failures=False, packages_skip_test_passed=False, packages_select=['bt'], packages_skip=None, packages_select_regex=None, packages_skip_regex=None, packages_start=None, packages_end=None, allow_overriding=[], cmake_args=None, cmake_target=None, cmake_target_skip_unavailable=False, cmake_clean_cache=False, cmake_clean_first=False, cmake_force_configure=False, ament_cmake_args=None, catkin_cmake_args=None, catkin_skip_building_tests=False, verb_parser=<colcon_defaults.argument_parser.defaults.DefaultArgumentsDecorator object at 0x780f9eb5b350>, verb_extension=<colcon_core.verb.build.BuildVerb object at 0x780f9eb24bc0>, main=<bound method BuildVerb.main of <colcon_core.verb.build.BuildVerb object at 0x780f9eb24bc0>>)
[1.875s] Level 1:colcon.colcon_core.package_discovery:discover_packages(colcon_meta) check parameters
[1.878s] Level 1:colcon.colcon_core.package_discovery:discover_packages(recursive) check parameters
[1.886s] Level 1:colcon.colcon_core.package_discovery:discover_packages(ignore) check parameters
[1.886s] Level 1:colcon.colcon_core.package_discovery:discover_packages(path) check parameters
[1.886s] Level 1:colcon.colcon_core.package_discovery:discover_packages(colcon_meta) discover
[1.888s] Level 1:colcon.colcon_core.package_discovery:discover_packages(recursive) discover
[1.888s] INFO:colcon.colcon_core.package_discovery:Crawling recursively for packages in '/home/fintan/ME4857Assignment2-master'
[1.888s] Level 1:colcon.colcon_core.package_identification:_identify(.) by extensions ['ignore', 'ignore_ament_install']
[1.889s] Level 1:colcon.colcon_core.package_identification:_identify(.) by extension 'ignore'
[1.889s] Level 1:colcon.colcon_core.package_identification:_identify(.) by extension 'ignore_ament_install'
[1.889s] Level 1:colcon.colcon_core.package_identification:_identify(.) by extensions ['colcon_pkg']
[1.889s] Level 1:colcon.colcon_core.package_identification:_identify(.) by extension 'colcon_pkg'
[1.890s] Level 1:colcon.colcon_core.package_identification:_identify(.) by extensions ['colcon_meta']
[1.890s] Level 1:colcon.colcon_core.package_identification:_identify(.) by extension 'colcon_meta'
[1.890s] Level 1:colcon.colcon_core.package_identification:_identify(.) by extensions ['ros']
[1.890s] Level 1:colcon.colcon_core.package_identification:_identify(.) by extension 'ros'
[2.125s] Level 1:colcon.colcon_core.package_identification:_identify(.) by extensions ['cmake', 'python']
[2.125s] Level 1:colcon.colcon_core.package_identification:_identify(.) by extension 'cmake'
[2.126s] Level 1:colcon.colcon_core.package_identification:_identify(.) by extension 'python'
[2.126s] Level 1:colcon.colcon_core.package_identification:_identify(.) by extensions ['python_setup_py']
[2.127s] Level 1:colcon.colcon_core.package_identification:_identify(.) by extension 'python_setup_py'
[2.136s] Level 1:colcon.colcon_core.package_identification:_identify(build) by extensions ['ignore', 'ignore_ament_install']
[2.137s] Level 1:colcon.colcon_core.package_identification:_identify(build) by extension 'ignore'
[2.137s] Level 1:colcon.colcon_core.package_identification:_identify(build) ignored
[2.138s] Level 1:colcon.colcon_core.package_identification:_identify(install) by extensions ['ignore', 'ignore_ament_install']
[2.138s] Level 1:colcon.colcon_core.package_identification:_identify(install) by extension 'ignore'
[2.138s] Level 1:colcon.colcon_core.package_identification:_identify(install) ignored
[2.139s] Level 1:colcon.colcon_core.package_identification:_identify(log) by extensions ['ignore', 'ignore_ament_install']
[2.139s] Level 1:colcon.colcon_core.package_identification:_identify(log) by extension 'ignore'
[2.139s] Level 1:colcon.colcon_core.package_identification:_identify(log) ignored
[2.139s] Level 1:colcon.colcon_core.package_identification:_identify(src) by extensions ['ignore', 'ignore_ament_install']
[2.140s] Level 1:colcon.colcon_core.package_identification:_identify(src) by extension 'ignore'
[2.140s] Level 1:colcon.colcon_core.package_identification:_identify(src) by extension 'ignore_ament_install'
[2.140s] Level 1:colcon.colcon_core.package_identification:_identify(src) by extensions ['colcon_pkg']
[2.140s] Level 1:colcon.colcon_core.package_identification:_identify(src) by extension 'colcon_pkg'
[2.140s] Level 1:colcon.colcon_core.package_identification:_identify(src) by extensions ['colcon_meta']
[2.140s] Level 1:colcon.colcon_core.package_identification:_identify(src) by extension 'colcon_meta'
[2.140s] Level 1:colcon.colcon_core.package_identification:_identify(src) by extensions ['ros']
[2.140s] Level 1:colcon.colcon_core.package_identification:_identify(src) by extension 'ros'
[2.141s] Level 1:colcon.colcon_core.package_identification:_identify(src) by extensions ['cmake', 'python']
[2.141s] Level 1:colcon.colcon_core.package_identification:_identify(src) by extension 'cmake'
[2.141s] Level 1:colcon.colcon_core.package_identification:_identify(src) by extension 'python'
[2.141s] Level 1:colcon.colcon_core.package_identification:_identify(src) by extensions ['python_setup_py']
[2.141s] Level 1:colcon.colcon_core.package_identification:_identify(src) by extension 'python_setup_py'
[2.142s] Level 1:colcon.colcon_core.package_identification:_identify(src/bt) by extensions ['ignore', 'ignore_ament_install']
[2.142s] Level 1:colcon.colcon_core.package_identification:_identify(src/bt) by extension 'ignore'
[2.142s] Level 1:colcon.colcon_core.package_identification:_identify(src/bt) by extension 'ignore_ament_install'
[2.143s] Level 1:colcon.colcon_core.package_identification:_identify(src/bt) by extensions ['colcon_pkg']
[2.143s] Level 1:colcon.colcon_core.package_identification:_identify(src/bt) by extension 'colcon_pkg'
[2.143s] Level 1:colcon.colcon_core.package_identification:_identify(src/bt) by extensions ['colcon_meta']
[2.143s] Level 1:colcon.colcon_core.package_identification:_identify(src/bt) by extension 'colcon_meta'
[2.152s] Level 1:colcon.colcon_core.package_identification:_identify(src/bt) by extensions ['ros']
[2.152s] Level 1:colcon.colcon_core.package_identification:_identify(src/bt) by extension 'ros'
[2.176s] DEBUG:colcon.colcon_core.package_identification:Package 'src/bt' with type 'ros.ament_cmake' and name 'bt'
[2.177s] Level 1:colcon.colcon_core.package_identification:_identify(src/gazebo) by extensions ['ignore', 'ignore_ament_install']
[2.177s] Level 1:colcon.colcon_core.package_identification:_identify(src/gazebo) by extension 'ignore'
[2.178s] Level 1:colcon.colcon_core.package_identification:_identify(src/gazebo) by extension 'ignore_ament_install'
[2.178s] Level 1:colcon.colcon_core.package_identification:_identify(src/gazebo) by extensions ['colcon_pkg']
[2.178s] Level 1:colcon.colcon_core.package_identification:_identify(src/gazebo) by extension 'colcon_pkg'
[2.179s] Level 1:colcon.colcon_core.package_identification:_identify(src/gazebo) by extensions ['colcon_meta']
[2.179s] Level 1:colcon.colcon_core.package_identification:_identify(src/gazebo) by extension 'colcon_meta'
[2.179s] Level 1:colcon.colcon_core.package_identification:_identify(src/gazebo) by extensions ['ros']
[2.179s] Level 1:colcon.colcon_core.package_identification:_identify(src/gazebo) by extension 'ros'
[2.186s] DEBUG:colcon.colcon_core.package_identification:Package 'src/gazebo' with type 'ros.ament_cmake' and name 'gazebo_worlds'
[2.187s] Level 1:colcon.colcon_core.package_identification:_identify(src/robot_model) by extensions ['ignore', 'ignore_ament_install']
[2.188s] Level 1:colcon.colcon_core.package_identification:_identify(src/robot_model) by extension 'ignore'
[2.188s] Level 1:colcon.colcon_core.package_identification:_identify(src/robot_model) by extension 'ignore_ament_install'
[2.189s] Level 1:colcon.colcon_core.package_identification:_identify(src/robot_model) by extensions ['colcon_pkg']
[2.189s] Level 1:colcon.colcon_core.package_identification:_identify(src/robot_model) by extension 'colcon_pkg'
[2.190s] Level 1:colcon.colcon_core.package_identification:_identify(src/robot_model) by extensions ['colcon_meta']
[2.190s] Level 1:colcon.colcon_core.package_identification:_identify(src/robot_model) by extension 'colcon_meta'
[2.191s] Level 1:colcon.colcon_core.package_identification:_identify(src/robot_model) by extensions ['ros']
[2.191s] Level 1:colcon.colcon_core.package_identification:_identify(src/robot_model) by extension 'ros'
[2.194s] DEBUG:colcon.colcon_core.package_identification:Package 'src/robot_model' with type 'ros.ament_cmake' and name 'robot_model'
[2.194s] Level 1:colcon.colcon_core.package_identification:_identify(src/sr_interfaces) by extensions ['ignore', 'ignore_ament_install']
[2.195s] Level 1:colcon.colcon_core.package_identification:_identify(src/sr_interfaces) by extension 'ignore'
[2.195s] Level 1:colcon.colcon_core.package_identification:_identify(src/sr_interfaces) by extension 'ignore_ament_install'
[2.195s] Level 1:colcon.colcon_core.package_identification:_identify(src/sr_interfaces) by extensions ['colcon_pkg']
[2.195s] Level 1:colcon.colcon_core.package_identification:_identify(src/sr_interfaces) by extension 'colcon_pkg'
[2.195s] Level 1:colcon.colcon_core.package_identification:_identify(src/sr_interfaces) by extensions ['colcon_meta']
[2.195s] Level 1:colcon.colcon_core.package_identification:_identify(src/sr_interfaces) by extension 'colcon_meta'
[2.196s] Level 1:colcon.colcon_core.package_identification:_identify(src/sr_interfaces) by extensions ['ros']
[2.196s] Level 1:colcon.colcon_core.package_identification:_identify(src/sr_interfaces) by extension 'ros'
[2.197s] DEBUG:colcon.colcon_core.package_identification:Package 'src/sr_interfaces' with type 'ros.ament_cmake' and name 'sr_interfaces'
[2.198s] Level 1:colcon.colcon_core.package_identification:_identify(src/start_up) by extensions ['ignore', 'ignore_ament_install']
[2.199s] Level 1:colcon.colcon_core.package_identification:_identify(src/start_up) by extension 'ignore'
[2.199s] Level 1:colcon.colcon_core.package_identification:_identify(src/start_up) by extension 'ignore_ament_install'
[2.200s] Level 1:colcon.colcon_core.package_identification:_identify(src/start_up) by extensions ['colcon_pkg']
[2.200s] Level 1:colcon.colcon_core.package_identification:_identify(src/start_up) by extension 'colcon_pkg'
[2.200s] Level 1:colcon.colcon_core.package_identification:_identify(src/start_up) by extensions ['colcon_meta']
[2.200s] Level 1:colcon.colcon_core.package_identification:_identify(src/start_up) by extension 'colcon_meta'
[2.201s] Level 1:colcon.colcon_core.package_identification:_identify(src/start_up) by extensions ['ros']
[2.201s] Level 1:colcon.colcon_core.package_identification:_identify(src/start_up) by extension 'ros'
[2.207s] DEBUG:colcon.colcon_core.package_identification:Package 'src/start_up' with type 'ros.ament_cmake' and name 'start_up'
[2.207s] Level 1:colcon.colcon_core.package_discovery:discover_packages(recursive) using defaults
[2.208s] Level 1:colcon.colcon_core.package_discovery:discover_packages(ignore) discover
[2.208s] Level 1:colcon.colcon_core.package_discovery:discover_packages(ignore) using defaults
[2.208s] Level 1:colcon.colcon_core.package_discovery:discover_packages(path) discover
[2.208s] Level 1:colcon.colcon_core.package_discovery:discover_packages(path) using defaults
[2.322s] INFO:colcon.colcon_core.package_selection:Skipping not selected package 'gazebo_worlds' in 'src/gazebo'
[2.323s] INFO:colcon.colcon_core.package_selection:Skipping not selected package 'robot_model' in 'src/robot_model'
[2.323s] INFO:colcon.colcon_core.package_selection:Skipping not selected package 'sr_interfaces' in 'src/sr_interfaces'
[2.323s] INFO:colcon.colcon_core.package_selection:Skipping not selected package 'start_up' in 'src/start_up'
[2.325s] Level 1:colcon.colcon_core.package_discovery:discover_packages(prefix_path) check parameters
[2.326s] Level 1:colcon.colcon_core.package_discovery:discover_packages(prefix_path) discover
[2.349s] DEBUG:colcon.colcon_installed_package_information.package_discovery:Found 374 installed packages in /opt/ros/jazzy
[2.357s] Level 1:colcon.colcon_core.package_discovery:discover_packages(prefix_path) using defaults
[2.751s] Level 5:colcon.colcon_core.verb:set package 'bt' build argument 'cmake_args' from command line to 'None'
[2.752s] Level 5:colcon.colcon_core.verb:set package 'bt' build argument 'cmake_target' from command line to 'None'
[2.752s] Level 5:colcon.colcon_core.verb:set package 'bt' build argument 'cmake_target_skip_unavailable' from command line to 'False'
[2.752s] Level 5:colcon.colcon_core.verb:set package 'bt' build argument 'cmake_clean_cache' from command line to 'False'
[2.752s] Level 5:colcon.colcon_core.verb:set package 'bt' build argument 'cmake_clean_first' from command line to 'False'
[2.752s] Level 5:colcon.colcon_core.verb:set package 'bt' build argument 'cmake_force_configure' from command line to 'False'
[2.753s] Level 5:colcon.colcon_core.verb:set package 'bt' build argument 'ament_cmake_args' from command line to 'None'
[2.753s] Level 5:colcon.colcon_core.verb:set package 'bt' build argument 'catkin_cmake_args' from command line to 'None'
[2.753s] Level 5:colcon.colcon_core.verb:set package 'bt' build argument 'catkin_skip_building_tests' from command line to 'False'
[2.753s] DEBUG:colcon.colcon_core.verb:Building package 'bt' with the following arguments: {'ament_cmake_args': None, 'build_base': '/home/fintan/ME4857Assignment2-master/build/bt', 'catkin_cmake_args': None, 'catkin_skip_building_tests': False, 'cmake_args': None, 'cmake_clean_cache': False, 'cmake_clean_first': False, 'cmake_force_configure': False, 'cmake_target': None, 'cmake_target_skip_unavailable': False, 'install_base': '/home/fintan/ME4857Assignment2-master/install/bt', 'merge_install': False, 'path': '/home/fintan/ME4857Assignment2-master/src/bt', 'symlink_install': True, 'test_result_base': None}
[2.754s] INFO:colcon.colcon_core.executor:Executing jobs using 'parallel' executor
[2.766s] DEBUG:colcon.colcon_parallel_executor.executor.parallel:run_until_complete
[2.767s] INFO:colcon.colcon_ros.task.ament_cmake.build:Building ROS package in '/home/fintan/ME4857Assignment2-master/src/bt' with build type 'ament_cmake'
[2.767s] INFO:colcon.colcon_cmake.task.cmake.build:Building CMake package in '/home/fintan/ME4857Assignment2-master/src/bt'
[2.774s] INFO:colcon.colcon_core.plugin_system:Skipping extension 'colcon_core.shell.bat': Not used on non-Windows systems
[2.778s] INFO:colcon.colcon_core.shell:Skip shell extension 'powershell' for command environment: Not usable outside of PowerShell
[2.782s] DEBUG:colcon.colcon_core.shell:Skip shell extension 'dsv' for command environment
[3.832s] DEBUG:colcon.colcon_core.event_handler.log_command:Invoking command in '/home/fintan/ME4857Assignment2-master/build/bt': AMENT_PREFIX_PATH=/home/fintan/ME4857Assignment2-master/install/sr_interfaces:${AMENT_PREFIX_PATH} CMAKE_PREFIX_PATH=/home/fintan/ME4857Assignment2-master/install/sr_interfaces:/opt/ros/jazzy/opt/gz_sim_vendor:/opt/ros/jazzy/opt/gz_sensors_vendor:/opt/ros/jazzy/opt/gz_physics_vendor:/opt/ros/jazzy/opt/sdformat_vendor:/opt/ros/jazzy/opt/gz_gui_vendor:/opt/ros/jazzy/opt/gz_transport_vendor:/opt/ros/jazzy/opt/gz_rendering_vendor:/opt/ros/jazzy/opt/gz_plugin_vendor:/opt/ros/jazzy/opt/gz_fuel_tools_vendor:/opt/ros/jazzy/opt/gz_msgs_vendor:/opt/ros/jazzy/opt/gz_common_vendor:/opt/ros/jazzy/opt/gz_math_vendor:/opt/ros/jazzy/opt/gz_utils_vendor:/opt/ros/jazzy/opt/gz_tools_vendor:/opt/ros/jazzy/opt/gz_ogre_next_vendor:/opt/ros/jazzy/opt/gz_dartsim_vendor:/opt/ros/jazzy/opt/gz_cmake_vendor:/opt/ros/jazzy LD_LIBRARY_PATH=/home/fintan/ME4857Assignment2-master/install/sr_interfaces/lib:${LD_LIBRARY_PATH} PYTHONPATH=/home/fintan/ME4857Assignment2-master/install/sr_interfaces/lib/python3.12/site-packages:${PYTHONPATH} /usr/bin/cmake /home/fintan/ME4857Assignment2-master/src/bt -DAMENT_CMAKE_SYMLINK_INSTALL=1 -DCMAKE_INSTALL_PREFIX=/home/fintan/ME4857Assignment2-master/install/bt
[20.820s] DEBUG:colcon.colcon_core.event_handler.log_command:Invoked command in '/home/fintan/ME4857Assignment2-master/build/bt' returned '0': AMENT_PREFIX_PATH=/home/fintan/ME4857Assignment2-master/install/sr_interfaces:${AMENT_PREFIX_PATH} CMAKE_PREFIX_PATH=/home/fintan/ME4857Assignment2-master/install/sr_interfaces:/opt/ros/jazzy/opt/gz_sim_vendor:/opt/ros/jazzy/opt/gz_sensors_vendor:/opt/ros/jazzy/opt/gz_physics_vendor:/opt/ros/jazzy/opt/sdformat_vendor:/opt/ros/jazzy/opt/gz_gui_vendor:/opt/ros/jazzy/opt/gz_transport_vendor:/opt/ros/jazzy/opt/gz_rendering_vendor:/opt/ros/jazzy/opt/gz_plugin_vendor:/opt/ros/jazzy/opt/gz_fuel_tools_vendor:/opt/ros/jazzy/opt/gz_msgs_vendor:/opt/ros/jazzy/opt/gz_common_vendor:/opt/ros/jazzy/opt/gz_math_vendor:/opt/ros/jazzy/opt/gz_utils_vendor:/opt/ros/jazzy/opt/gz_tools_vendor:/opt/ros/jazzy/opt/gz_ogre_next_vendor:/opt/ros/jazzy/opt/gz_dartsim_vendor:/opt/ros/jazzy/opt/gz_cmake_vendor:/opt/ros/jazzy LD_LIBRARY_PATH=/home/fintan/ME4857Assignment2-master/install/sr_interfaces/lib:${LD_LIBRARY_PATH} PYTHONPATH=/home/fintan/ME4857Assignment2-master/install/sr_interfaces/lib/python3.12/site-packages:${PYTHONPATH} /usr/bin/cmake /home/fintan/ME4857Assignment2-master/src/bt -DAMENT_CMAKE_SYMLINK_INSTALL=1 -DCMAKE_INSTALL_PREFIX=/home/fintan/ME4857Assignment2-master/install/bt
[20.826s] DEBUG:colcon.colcon_core.event_handler.log_command:Invoking command in '/home/fintan/ME4857Assignment2-master/build/bt': AMENT_PREFIX_PATH=/home/fintan/ME4857Assignment2-master/install/sr_interfaces:${AMENT_PREFIX_PATH} CMAKE_PREFIX_PATH=/home/fintan/ME4857Assignment2-master/install/sr_interfaces:/opt/ros/jazzy/opt/gz_sim_vendor:/opt/ros/jazzy/opt/gz_sensors_vendor:/opt/ros/jazzy/opt/gz_physics_vendor:/opt/ros/jazzy/opt/sdformat_vendor:/opt/ros/jazzy/opt/gz_gui_vendor:/opt/ros/jazzy/opt/gz_transport_vendor:/opt/ros/jazzy/opt/gz_rendering_vendor:/opt/ros/jazzy/opt/gz_plugin_vendor:/opt/ros/jazzy/opt/gz_fuel_tools_vendor:/opt/ros/jazzy/opt/gz_msgs_vendor:/opt/ros/jazzy/opt/gz_common_vendor:/opt/ros/jazzy/opt/gz_math_vendor:/opt/ros/jazzy/opt/gz_utils_vendor:/opt/ros/jazzy/opt/gz_tools_vendor:/opt/ros/jazzy/opt/gz_ogre_next_vendor:/opt/ros/jazzy/opt/gz_dartsim_vendor:/opt/ros/jazzy/opt/gz_cmake_vendor:/opt/ros/jazzy LD_LIBRARY_PATH=/home/fintan/ME4857Assignment2-master/install/sr_interfaces/lib:${LD_LIBRARY_PATH} PYTHONPATH=/home/fintan/ME4857Assignment2-master/install/sr_interfaces/lib/python3.12/site-packages:${PYTHONPATH} /usr/bin/cmake --build /home/fintan/ME4857Assignment2-master/build/bt -- -j12 -l12
[22.631s] DEBUG:colcon.colcon_core.event_handler.log_command:Invoked command in '/home/fintan/ME4857Assignment2-master/build/bt' returned '0': AMENT_PREFIX_PATH=/home/fintan/ME4857Assignment2-master/install/sr_interfaces:${AMENT_PREFIX_PATH} CMAKE_PREFIX_PATH=/home/fintan/ME4857Assignment2-master/install/sr_interfaces:/opt/ros/jazzy/opt/gz_sim_vendor:/opt/ros/jazzy/opt/gz_sensors_vendor:/opt/ros/jazzy/opt/gz_physics_vendor:/opt/ros/jazzy/opt/sdformat_vendor:/opt/ros/jazzy/opt/gz_gui_vendor:/opt/ros/jazzy/opt/gz_transport_vendor:/opt/ros/jazzy/opt/gz_rendering_vendor:/opt/ros/jazzy/opt/gz_plugin_vendor:/opt/ros/jazzy/opt/gz_fuel_tools_vendor:/opt/ros/jazzy/opt/gz_msgs_vendor:/opt/ros/jazzy/opt/gz_common_vendor:/opt/ros/jazzy/opt/gz_math_vendor:/opt/ros/jazzy/opt/gz_utils_vendor:/opt/ros/jazzy/opt/gz_tools_vendor:/opt/ros/jazzy/opt/gz_ogre_next_vendor:/opt/ros/jazzy/opt/gz_dartsim_vendor:/opt/ros/jazzy/opt/gz_cmake_vendor:/opt/ros/jazzy LD_LIBRARY_PATH=/home/fintan/ME4857Assignment2-master/install/sr_interfaces/lib:${LD_LIBRARY_PATH} PYTHONPATH=/home/fintan/ME4857Assignment2-master/install/sr_interfaces/lib/python3.12/site-packages:${PYTHONPATH} /usr/bin/cmake --build /home/fintan/ME4857Assignment2-master/build/bt -- -j12 -l12
[22.659s] DEBUG:colcon.colcon_core.event_handler.log_command:Invoking command in '/home/fintan/ME4857Assignment2-master/build/bt': AMENT_PREFIX_PATH=/home/fintan/ME4857Assignment2-master/install/sr_interfaces:${AMENT_PREFIX_PATH} CMAKE_PREFIX_PATH=/home/fintan/ME4857Assignment2-master/install/sr_interfaces:/opt/ros/jazzy/opt/gz_sim_vendor:/opt/ros/jazzy/opt/gz_sensors_vendor:/opt/ros/jazzy/opt/gz_physics_vendor:/opt/ros/jazzy/opt/sdformat_vendor:/opt/ros/jazzy/opt/gz_gui_vendor:/opt/ros/jazzy/opt/gz_transport_vendor:/opt/ros/jazzy/opt/gz_rendering_vendor:/opt/ros/jazzy/opt/gz_plugin_vendor:/opt/ros/jazzy/opt/gz_fuel_tools_vendor:/opt/ros/jazzy/opt/gz_msgs_vendor:/opt/ros/jazzy/opt/gz_common_vendor:/opt/ros/jazzy/opt/gz_math_vendor:/opt/ros/jazzy/opt/gz_utils_vendor:/opt/ros/jazzy/opt/gz_tools_vendor:/opt/ros/jazzy/opt/gz_ogre_next_vendor:/opt/ros/jazzy/opt/gz_dartsim_vendor:/opt/ros/jazzy/opt/gz_cmake_vendor:/opt/ros/jazzy LD_LIBRARY_PATH=/home/fintan/ME4857Assignment2-master/install/sr_interfaces/lib:${LD_LIBRARY_PATH} PYTHONPATH=/home/fintan/ME4857Assignment2-master/install/sr_interfaces/lib/python3.12/site-packages:${PYTHONPATH} /usr/bin/cmake --install /home/fintan/ME4857Assignment2-master/build/bt
[24.486s] Level 1:colcon.colcon_core.environment:create_environment_scripts_only(bt)
[24.494s] DEBUG:colcon.colcon_core.event_handler.log_command:Invoked command in '/home/fintan/ME4857Assignment2-master/build/bt' returned '0': AMENT_PREFIX_PATH=/home/fintan/ME4857Assignment2-master/install/sr_interfaces:${AMENT_PREFIX_PATH} CMAKE_PREFIX_PATH=/home/fintan/ME4857Assignment2-master/install/sr_interfaces:/opt/ros/jazzy/opt/gz_sim_vendor:/opt/ros/jazzy/opt/gz_sensors_vendor:/opt/ros/jazzy/opt/gz_physics_vendor:/opt/ros/jazzy/opt/sdformat_vendor:/opt/ros/jazzy/opt/gz_gui_vendor:/opt/ros/jazzy/opt/gz_transport_vendor:/opt/ros/jazzy/opt/gz_rendering_vendor:/opt/ros/jazzy/opt/gz_plugin_vendor:/opt/ros/jazzy/opt/gz_fuel_tools_vendor:/opt/ros/jazzy/opt/gz_msgs_vendor:/opt/ros/jazzy/opt/gz_common_vendor:/opt/ros/jazzy/opt/gz_math_vendor:/opt/ros/jazzy/opt/gz_utils_vendor:/opt/ros/jazzy/opt/gz_tools_vendor:/opt/ros/jazzy/opt/gz_ogre_next_vendor:/opt/ros/jazzy/opt/gz_dartsim_vendor:/opt/ros/jazzy/opt/gz_cmake_vendor:/opt/ros/jazzy LD_LIBRARY_PATH=/home/fintan/ME4857Assignment2-master/install/sr_interfaces/lib:${LD_LIBRARY_PATH} PYTHONPATH=/home/fintan/ME4857Assignment2-master/install/sr_interfaces/lib/python3.12/site-packages:${PYTHONPATH} /usr/bin/cmake --install /home/fintan/ME4857Assignment2-master/build/bt
[24.515s] Level 1:colcon.colcon_core.environment:checking '/home/fintan/ME4857Assignment2-master/install/bt' for CMake module files
[24.518s] Level 1:colcon.colcon_core.environment:checking '/home/fintan/ME4857Assignment2-master/install/bt' for CMake config files
[24.520s] Level 1:colcon.colcon_core.shell:create_environment_hook('bt', 'cmake_prefix_path')
[24.520s] INFO:colcon.colcon_core.shell:Creating environment hook '/home/fintan/ME4857Assignment2-master/install/bt/share/bt/hook/cmake_prefix_path.ps1'
[24.522s] INFO:colcon.colcon_core.shell:Creating environment descriptor '/home/fintan/ME4857Assignment2-master/install/bt/share/bt/hook/cmake_prefix_path.dsv'
[24.531s] INFO:colcon.colcon_core.shell:Creating environment hook '/home/fintan/ME4857Assignment2-master/install/bt/share/bt/hook/cmake_prefix_path.sh'
[24.539s] Level 1:colcon.colcon_core.environment:checking '/home/fintan/ME4857Assignment2-master/install/bt/lib'
[24.540s] Level 1:colcon.colcon_core.environment:checking '/home/fintan/ME4857Assignment2-master/install/bt/bin'
[24.541s] Level 1:colcon.colcon_core.environment:checking '/home/fintan/ME4857Assignment2-master/install/bt/lib/pkgconfig/bt.pc'
[24.542s] Level 1:colcon.colcon_core.environment:checking '/home/fintan/ME4857Assignment2-master/install/bt/lib/python3.12/site-packages'
[24.543s] Level 1:colcon.colcon_core.shell:create_environment_hook('bt', 'pythonpath')
[24.544s] INFO:colcon.colcon_core.shell:Creating environment hook '/home/fintan/ME4857Assignment2-master/install/bt/share/bt/hook/pythonpath.ps1'
[24.556s] INFO:colcon.colcon_core.shell:Creating environment descriptor '/home/fintan/ME4857Assignment2-master/install/bt/share/bt/hook/pythonpath.dsv'
[24.557s] INFO:colcon.colcon_core.shell:Creating environment hook '/home/fintan/ME4857Assignment2-master/install/bt/share/bt/hook/pythonpath.sh'
[24.561s] Level 1:colcon.colcon_core.environment:checking '/home/fintan/ME4857Assignment2-master/install/bt/bin'
[24.562s] INFO:colcon.colcon_core.shell:Creating package script '/home/fintan/ME4857Assignment2-master/install/bt/share/bt/package.ps1'
[24.574s] INFO:colcon.colcon_core.shell:Creating package descriptor '/home/fintan/ME4857Assignment2-master/install/bt/share/bt/package.dsv'
[24.577s] INFO:colcon.colcon_core.shell:Creating package script '/home/fintan/ME4857Assignment2-master/install/bt/share/bt/package.sh'
[24.583s] INFO:colcon.colcon_core.shell:Creating package script '/home/fintan/ME4857Assignment2-master/install/bt/share/bt/package.bash'
[24.587s] INFO:colcon.colcon_core.shell:Creating package script '/home/fintan/ME4857Assignment2-master/install/bt/share/bt/package.zsh'
[24.600s] Level 1:colcon.colcon_core.environment:create_file_with_runtime_dependencies(/home/fintan/ME4857Assignment2-master/install/bt/share/colcon-core/packages/bt)
[24.608s] Level 1:colcon.colcon_core.environment:create_environment_scripts_only(bt)
[24.610s] Level 1:colcon.colcon_core.environment:checking '/home/fintan/ME4857Assignment2-master/install/bt' for CMake module files
[24.621s] Level 1:colcon.colcon_core.environment:checking '/home/fintan/ME4857Assignment2-master/install/bt' for CMake config files
[24.622s] Level 1:colcon.colcon_core.shell:create_environment_hook('bt', 'cmake_prefix_path')
[24.624s] INFO:colcon.colcon_core.shell:Creating environment hook '/home/fintan/ME4857Assignment2-master/install/bt/share/bt/hook/cmake_prefix_path.ps1'
[24.628s] INFO:colcon.colcon_core.shell:Creating environment descriptor '/home/fintan/ME4857Assignment2-master/install/bt/share/bt/hook/cmake_prefix_path.dsv'
[24.641s] INFO:colcon.colcon_core.shell:Creating environment hook '/home/fintan/ME4857Assignment2-master/install/bt/share/bt/hook/cmake_prefix_path.sh'
[24.644s] Level 1:colcon.colcon_core.environment:checking '/home/fintan/ME4857Assignment2-master/install/bt/lib'
[24.645s] Level 1:colcon.colcon_core.environment:checking '/home/fintan/ME4857Assignment2-master/install/bt/bin'
[24.645s] Level 1:colcon.colcon_core.environment:checking '/home/fintan/ME4857Assignment2-master/install/bt/lib/pkgconfig/bt.pc'
[24.646s] Level 1:colcon.colcon_core.environment:checking '/home/fintan/ME4857Assignment2-master/install/bt/lib/python3.12/site-packages'
[24.646s] Level 1:colcon.colcon_core.shell:create_environment_hook('bt', 'pythonpath')
[24.652s] INFO:colcon.colcon_core.shell:Creating environment hook '/home/fintan/ME4857Assignment2-master/install/bt/share/bt/hook/pythonpath.ps1'
[24.655s] INFO:colcon.colcon_core.shell:Creating environment descriptor '/home/fintan/ME4857Assignment2-master/install/bt/share/bt/hook/pythonpath.dsv'
[24.663s] INFO:colcon.colcon_core.shell:Creating environment hook '/home/fintan/ME4857Assignment2-master/install/bt/share/bt/hook/pythonpath.sh'
[24.666s] Level 1:colcon.colcon_core.environment:checking '/home/fintan/ME4857Assignment2-master/install/bt/bin'
[24.667s] INFO:colcon.colcon_core.shell:Creating package script '/home/fintan/ME4857Assignment2-master/install/bt/share/bt/package.ps1'
[24.670s] INFO:colcon.colcon_core.shell:Creating package descriptor '/home/fintan/ME4857Assignment2-master/install/bt/share/bt/package.dsv'
[24.683s] INFO:colcon.colcon_core.shell:Creating package script '/home/fintan/ME4857Assignment2-master/install/bt/share/bt/package.sh'
[24.686s] INFO:colcon.colcon_core.shell:Creating package script '/home/fintan/ME4857Assignment2-master/install/bt/share/bt/package.bash'
[24.688s] INFO:colcon.colcon_core.shell:Creating package script '/home/fintan/ME4857Assignment2-master/install/bt/share/bt/package.zsh'
[24.691s] Level 1:colcon.colcon_core.environment:create_file_with_runtime_dependencies(/home/fintan/ME4857Assignment2-master/install/bt/share/colcon-core/packages/bt)
[24.704s] DEBUG:colcon.colcon_parallel_executor.executor.parallel:closing loop
[24.705s] DEBUG:colcon.colcon_parallel_executor.executor.parallel:loop closed
[24.706s] DEBUG:colcon.colcon_parallel_executor.executor.parallel:run_until_complete finished with '0'
[24.707s] DEBUG:colcon.colcon_core.event_reactor:joining thread
[25.328s] INFO:colcon.colcon_core.plugin_system:Skipping extension 'colcon_notification.desktop_notification.notify_send': Could not find 'notify-send'
[25.329s] INFO:colcon.colcon_core.plugin_system:Skipping extension 'colcon_notification.desktop_notification.terminal_notifier': Not used on non-Darwin systems
[25.329s] INFO:colcon.colcon_core.plugin_system:Skipping extension 'colcon_notification.desktop_notification.win32': Not used on non-Windows systems
[25.329s] INFO:colcon.colcon_notification.desktop_notification:Sending desktop notification using 'notify2'
[25.332s] DEBUG:colcon.colcon_notification.desktop_notification.notify2:Failed to initialize notify2: org.freedesktop.DBus.Error.ServiceUnknown: The name org.freedesktop.Notifications was not provided by any .service files
[25.338s] DEBUG:colcon.colcon_core.event_reactor:joined thread
[25.340s] INFO:colcon.colcon_core.shell:Creating prefix script '/home/fintan/ME4857Assignment2-master/install/local_setup.ps1'
[25.343s] INFO:colcon.colcon_core.shell:Creating prefix util module '/home/fintan/ME4857Assignment2-master/install/_local_setup_util_ps1.py'
[25.350s] INFO:colcon.colcon_core.shell:Creating prefix chain script '/home/fintan/ME4857Assignment2-master/install/setup.ps1'
[25.357s] INFO:colcon.colcon_core.shell:Creating prefix script '/home/fintan/ME4857Assignment2-master/install/local_setup.sh'
[25.360s] INFO:colcon.colcon_core.shell:Creating prefix util module '/home/fintan/ME4857Assignment2-master/install/_local_setup_util_sh.py'
[25.364s] INFO:colcon.colcon_core.shell:Creating prefix chain script '/home/fintan/ME4857Assignment2-master/install/setup.sh'
[25.368s] INFO:colcon.colcon_core.shell:Creating prefix script '/home/fintan/ME4857Assignment2-master/install/local_setup.bash'
[25.371s] INFO:colcon.colcon_core.shell:Creating prefix chain script '/home/fintan/ME4857Assignment2-master/install/setup.bash'
[25.382s] INFO:colcon.colcon_core.shell:Creating prefix script '/home/fintan/ME4857Assignment2-master/install/local_setup.zsh'
[25.385s] INFO:colcon.colcon_core.shell:Creating prefix chain script '/home/fintan/ME4857Assignment2-master/install/setup.zsh'
