[0.573s] Invoking command in '/home/fintan/ME4857Assignment2-master/build/bt': AMENT_PREFIX_PATH=/home/fintan/ME4857Assignment2-master/install/sr_interfaces:${AMENT_PREFIX_PATH} CMAKE_PREFIX_PATH=/home/fintan/ME4857Assignment2-master/install/sr_interfaces:/opt/ros/jazzy/opt/gz_sim_vendor:/opt/ros/jazzy/opt/gz_sensors_vendor:/opt/ros/jazzy/opt/gz_physics_vendor:/opt/ros/jazzy/opt/sdformat_vendor:/opt/ros/jazzy/opt/gz_gui_vendor:/opt/ros/jazzy/opt/gz_transport_vendor:/opt/ros/jazzy/opt/gz_rendering_vendor:/opt/ros/jazzy/opt/gz_plugin_vendor:/opt/ros/jazzy/opt/gz_fuel_tools_vendor:/opt/ros/jazzy/opt/gz_msgs_vendor:/opt/ros/jazzy/opt/gz_common_vendor:/opt/ros/jazzy/opt/gz_math_vendor:/opt/ros/jazzy/opt/gz_utils_vendor:/opt/ros/jazzy/opt/gz_tools_vendor:/opt/ros/jazzy/opt/gz_ogre_next_vendor:/opt/ros/jazzy/opt/gz_dartsim_vendor:/opt/ros/jazzy/opt/gz_cmake_vendor:/opt/ros/jazzy LD_LIBRARY_PATH=/home/fintan/ME4857Assignment2-master/install/sr_interfaces/lib:${LD_LIBRARY_PATH} PYTHONPATH=/home/fintan/ME4857Assignment2-master/install/sr_interfaces/lib/python3.12/site-packages:${PYTHONPATH} /usr/bin/cmake --build /home/fintan/ME4857Assignment2-master/build/bt -- -j12 -l12
[0.740s] Built target ament_cmake_python_copy_bt_nodes
[1.403s] running egg_info
[1.466s] writing bt_nodes.egg-info/PKG-INFO
[1.467s] writing dependency_links to bt_nodes.egg-info/dependency_links.txt
[1.468s] writing top-level names to bt_nodes.egg-info/top_level.txt
[1.654s] reading manifest file 'bt_nodes.egg-info/SOURCES.txt'
[1.655s] writing manifest file 'bt_nodes.egg-info/SOURCES.txt'
[1.738s] Built target ament_cmake_python_build_bt_nodes_egg
[1.768s] Invoked command in '/home/fintan/ME4857Assignment2-master/build/bt' returned '0': AMENT_PREFIX_PATH=/home/fintan/ME4857Assignment2-master/install/sr_interfaces:${AMENT_PREFIX_PATH} CMAKE_PREFIX_PATH=/home/fintan/ME4857Assignment2-master/install/sr_interfaces:/opt/ros/jazzy/opt/gz_sim_vendor:/opt/ros/jazzy/opt/gz_sensors_vendor:/opt/ros/jazzy/opt/gz_physics_vendor:/opt/ros/jazzy/opt/sdformat_vendor:/opt/ros/jazzy/opt/gz_gui_vendor:/opt/ros/jazzy/opt/gz_transport_vendor:/opt/ros/jazzy/opt/gz_rendering_vendor:/opt/ros/jazzy/opt/gz_plugin_vendor:/opt/ros/jazzy/opt/gz_fuel_tools_vendor:/opt/ros/jazzy/opt/gz_msgs_vendor:/opt/ros/jazzy/opt/gz_common_vendor:/opt/ros/jazzy/opt/gz_math_vendor:/opt/ros/jazzy/opt/gz_utils_vendor:/opt/ros/jazzy/opt/gz_tools_vendor:/opt/ros/jazzy/opt/gz_ogre_next_vendor:/opt/ros/jazzy/opt/gz_dartsim_vendor:/opt/ros/jazzy/opt/gz_cmake_vendor:/opt/ros/jazzy LD_LIBRARY_PATH=/home/fintan/ME4857Assignment2-master/install/sr_interfaces/lib:${LD_LIBRARY_PATH} PYTHONPATH=/home/fintan/ME4857Assignment2-master/install/sr_interfaces/lib/python3.12/site-packages:${PYTHONPATH} /usr/bin/cmake --build /home/fintan/ME4857Assignment2-master/build/bt -- -j12 -l12
[1.771s] Invoking command in '/home/fintan/ME4857Assignment2-master/build/bt': AMENT_PREFIX_PATH=/home/fintan/ME4857Assignment2-master/install/sr_interfaces:${AMENT_PREFIX_PATH} CMAKE_PREFIX_PATH=/home/fintan/ME4857Assignment2-master/install/sr_interfaces:/opt/ros/jazzy/opt/gz_sim_vendor:/opt/ros/jazzy/opt/gz_sensors_vendor:/opt/ros/jazzy/opt/gz_physics_vendor:/opt/ros/jazzy/opt/sdformat_vendor:/opt/ros/jazzy/opt/gz_gui_vendor:/opt/ros/jazzy/opt/gz_transport_vendor:/opt/ros/jazzy/opt/gz_rendering_vendor:/opt/ros/jazzy/opt/gz_plugin_vendor:/opt/ros/jazzy/opt/gz_fuel_tools_vendor:/opt/ros/jazzy/opt/gz_msgs_vendor:/opt/ros/jazzy/opt/gz_common_vendor:/opt/ros/jazzy/opt/gz_math_vendor:/opt/ros/jazzy/opt/gz_utils_vendor:/opt/ros/jazzy/opt/gz_tools_vendor:/opt/ros/jazzy/opt/gz_ogre_next_vendor:/opt/ros/jazzy/opt/gz_dartsim_vendor:/opt/ros/jazzy/opt/gz_cmake_vendor:/opt/ros/jazzy LD_LIBRARY_PATH=/home/fintan/ME4857Assignment2-master/install/sr_interfaces/lib:${LD_LIBRARY_PATH} PYTHONPATH=/home/fintan/ME4857Assignment2-master/install/sr_interfaces/lib/python3.12/site-packages:${PYTHONPATH} /usr/bin/cmake --install /home/fintan/ME4857Assignment2-master/build/bt
[1.792s] -- Install configuration: ""
[1.793s] -- Up-to-date: /home/fintan/ME4857Assignment2-master/install/bt/share/bt/environment/pythonpath.sh
[1.793s] -- Up-to-date: /home/fintan/ME4857Assignment2-master/install/bt/share/bt/environment/pythonpath.dsv
[1.794s] -- Up-to-date: /home/fintan/ME4857Assignment2-master/install/bt/lib/python3.12/site-packages/bt_nodes-1.0.0-py3.12.egg-info
[1.794s] -- Installing: /home/fintan/ME4857Assignment2-master/install/bt/lib/python3.12/site-packages/bt_nodes-1.0.0-py3.12.egg-info/SOURCES.txt
[1.795s] -- Installing: /home/fintan/ME4857Assignment2-master/install/bt/lib/python3.12/site-packages/bt_nodes-1.0.0-py3.12.egg-info/dependency_links.txt
[1.796s] -- Installing: /home/fintan/ME4857Assignment2-master/install/bt/lib/python3.12/site-packages/bt_nodes-1.0.0-py3.12.egg-info/PKG-INFO
[1.796s] -- Installing: /home/fintan/ME4857Assignment2-master/install/bt/lib/python3.12/site-packages/bt_nodes-1.0.0-py3.12.egg-info/top_level.txt
[1.797s] -- Up-to-date: /home/fintan/ME4857Assignment2-master/install/bt/lib/python3.12/site-packages/bt_nodes
[1.797s] -- Up-to-date: /home/fintan/ME4857Assignment2-master/install/bt/lib/python3.12/site-packages/bt_nodes/__init__.py
[1.797s] -- Up-to-date: /home/fintan/ME4857Assignment2-master/install/bt/lib/python3.12/site-packages/bt_nodes/cmd_vel_converter.py
[1.798s] -- Up-to-date: /home/fintan/ME4857Assignment2-master/install/bt/lib/python3.12/site-packages/bt_nodes/fire_safety.py
[1.798s] -- Up-to-date: /home/fintan/ME4857Assignment2-master/install/bt/lib/python3.12/site-packages/bt_nodes/tf_publisher.py
[1.798s] -- Installing: /home/fintan/ME4857Assignment2-master/install/bt/lib/python3.12/site-packages/bt_nodes/bt_runner.py
[1.798s] -- Up-to-date: /home/fintan/ME4857Assignment2-master/install/bt/lib/python3.12/site-packages/bt_nodes/battery_monitor.py
[1.798s] -- Up-to-date: /home/fintan/ME4857Assignment2-master/install/bt/lib/python3.12/site-packages/bt_nodes/camera_colour_detector.py
[1.799s] -- Up-to-date: /home/fintan/ME4857Assignment2-master/install/bt/lib/python3.12/site-packages/bt_nodes/navigate_to_server.py
[1.799s] -- Up-to-date: /home/fintan/ME4857Assignment2-master/install/bt/lib/python3.12/site-packages/bt_nodes/obstacle_monitor.py
[1.899s] Listing '/home/fintan/ME4857Assignment2-master/install/bt/lib/python3.12/site-packages/bt_nodes'...
[1.899s] Compiling '/home/fintan/ME4857Assignment2-master/install/bt/lib/python3.12/site-packages/bt_nodes/bt_runner.py'...
[1.912s] -- Up-to-date: /home/fintan/ME4857Assignment2-master/install/bt/share/bt/bt_xml
[1.913s] -- Up-to-date: /home/fintan/ME4857Assignment2-master/install/bt/share/bt/bt_xml/bt.xml
[1.913s] -- Up-to-date: /home/fintan/ME4857Assignment2-master/install/bt/share/bt/launch
[1.913s] -- Installing: /home/fintan/ME4857Assignment2-master/install/bt/share/bt/launch/bt_launch.py
[1.920s] -- Installing: /home/fintan/ME4857Assignment2-master/install/bt/lib/bt/bt_runner.py
[1.920s] -- Up-to-date: /home/fintan/ME4857Assignment2-master/install/bt/lib/bt/battery_monitor.py
[1.920s] -- Up-to-date: /home/fintan/ME4857Assignment2-master/install/bt/lib/bt/fire_safety.py
[1.920s] -- Up-to-date: /home/fintan/ME4857Assignment2-master/install/bt/lib/bt/tf_publisher.py
[1.921s] -- Up-to-date: /home/fintan/ME4857Assignment2-master/install/bt/lib/bt/navigate_to_server.py
[1.921s] -- Up-to-date: /home/fintan/ME4857Assignment2-master/install/bt/lib/bt/obstacle_monitor.py
[1.921s] -- Up-to-date: /home/fintan/ME4857Assignment2-master/install/bt/lib/bt/cmd_vel_converter.py
[1.921s] -- Up-to-date: /home/fintan/ME4857Assignment2-master/install/bt/lib/bt/camera_colour_detector.py
[1.922s] -- Up-to-date: /home/fintan/ME4857Assignment2-master/install/bt/share/ament_index/resource_index/package_run_dependencies/bt
[1.922s] -- Up-to-date: /home/fintan/ME4857Assignment2-master/install/bt/share/ament_index/resource_index/parent_prefix_path/bt
[1.924s] -- Up-to-date: /home/fintan/ME4857Assignment2-master/install/bt/share/bt/environment/ament_prefix_path.sh
[1.927s] -- Up-to-date: /home/fintan/ME4857Assignment2-master/install/bt/share/bt/environment/ament_prefix_path.dsv
[1.928s] -- Up-to-date: /home/fintan/ME4857Assignment2-master/install/bt/share/bt/environment/path.sh
[1.929s] -- Up-to-date: /home/fintan/ME4857Assignment2-master/install/bt/share/bt/environment/path.dsv
[1.929s] -- Up-to-date: /home/fintan/ME4857Assignment2-master/install/bt/share/bt/local_setup.bash
[1.929s] -- Up-to-date: /home/fintan/ME4857Assignment2-master/install/bt/share/bt/local_setup.sh
[1.929s] -- Up-to-date: /home/fintan/ME4857Assignment2-master/install/bt/share/bt/local_setup.zsh
[1.930s] -- Up-to-date: /home/fintan/ME4857Assignment2-master/install/bt/share/bt/local_setup.dsv
[1.932s] -- Installing: /home/fintan/ME4857Assignment2-master/install/bt/share/bt/package.dsv
[1.934s] -- Up-to-date: /home/fintan/ME4857Assignment2-master/install/bt/share/ament_index/resource_index/packages/bt
[1.934s] -- Up-to-date: /home/fintan/ME4857Assignment2-master/install/bt/share/bt/cmake/btConfig.cmake
[1.934s] -- Up-to-date: /home/fintan/ME4857Assignment2-master/install/bt/share/bt/cmake/btConfig-version.cmake
[1.935s] -- Up-to-date: /home/fintan/ME4857Assignment2-master/install/bt/share/bt/package.xml
[1.936s] Invoked command in '/home/fintan/ME4857Assignment2-master/build/bt' returned '0': AMENT_PREFIX_PATH=/home/fintan/ME4857Assignment2-master/install/sr_interfaces:${AMENT_PREFIX_PATH} CMAKE_PREFIX_PATH=/home/fintan/ME4857Assignment2-master/install/sr_interfaces:/opt/ros/jazzy/opt/gz_sim_vendor:/opt/ros/jazzy/opt/gz_sensors_vendor:/opt/ros/jazzy/opt/gz_physics_vendor:/opt/ros/jazzy/opt/sdformat_vendor:/opt/ros/jazzy/opt/gz_gui_vendor:/opt/ros/jazzy/opt/gz_transport_vendor:/opt/ros/jazzy/opt/gz_rendering_vendor:/opt/ros/jazzy/opt/gz_plugin_vendor:/opt/ros/jazzy/opt/gz_fuel_tools_vendor:/opt/ros/jazzy/opt/gz_msgs_vendor:/opt/ros/jazzy/opt/gz_common_vendor:/opt/ros/jazzy/opt/gz_math_vendor:/opt/ros/jazzy/opt/gz_utils_vendor:/opt/ros/jazzy/opt/gz_tools_vendor:/opt/ros/jazzy/opt/gz_ogre_next_vendor:/opt/ros/jazzy/opt/gz_dartsim_vendor:/opt/ros/jazzy/opt/gz_cmake_vendor:/opt/ros/jazzy LD_LIBRARY_PATH=/home/fintan/ME4857Assignment2-master/install/sr_interfaces/lib:${LD_LIBRARY_PATH} PYTHONPATH=/home/fintan/ME4857Assignment2-master/install/sr_interfaces/lib/python3.12/site-packages:${PYTHONPATH} /usr/bin/cmake --install /home/fintan/ME4857Assignment2-master/build/bt
