[0.757s] Invoking command in '/home/fintan/ME4857Assignment2-master/build/start_up': CMAKE_PREFIX_PATH=/home/fintan/ME4857Assignment2-master/install/bt:/home/fintan/ME4857Assignment2-master/install/sr_interfaces:/home/fintan/ME4857Assignment2-master/install/robot_model:/home/fintan/ME4857Assignment2-master/install/start_up:/home/fintan/ME4857Assignment2-master/install/gazebo_worlds:/opt/ros/jazzy/opt/gz_sim_vendor:/opt/ros/jazzy/opt/gz_sensors_vendor:/opt/ros/jazzy/opt/gz_physics_vendor:/opt/ros/jazzy/opt/sdformat_vendor:/opt/ros/jazzy/opt/gz_gui_vendor:/opt/ros/jazzy/opt/gz_transport_vendor:/opt/ros/jazzy/opt/gz_rendering_vendor:/opt/ros/jazzy/opt/gz_plugin_vendor:/opt/ros/jazzy/opt/gz_fuel_tools_vendor:/opt/ros/jazzy/opt/gz_msgs_vendor:/opt/ros/jazzy/opt/gz_common_vendor:/opt/ros/jazzy/opt/gz_math_vendor:/opt/ros/jazzy/opt/gz_utils_vendor:/opt/ros/jazzy/opt/gz_tools_vendor:/opt/ros/jazzy/opt/gz_ogre_next_vendor:/opt/ros/jazzy/opt/gz_dartsim_vendor:/opt/ros/jazzy/opt/gz_cmake_vendor:/opt/ros/jazzy /usr/bin/cmake /home/fintan/ME4857Assignment2-master/src/start_up -DCMAKE_INSTALL_PREFIX=/home/fintan/ME4857Assignment2-master/install/start_up
[1.086s] -- The C compiler identification is GNU 13.3.0
[2.854s] -- The CXX compiler identification is GNU 13.3.0
[4.349s] -- Detecting C compiler ABI info
[5.046s] -- Detecting C compiler ABI info - done
[5.060s] -- Check for working C compiler: /usr/bin/cc - skipped
[5.060s] -- Detecting C compile features
[5.060s] -- Detecting C compile features - done
[5.362s] -- Detecting CXX compiler ABI info
[6.193s] -- Detecting CXX compiler ABI info - done
[6.215s] -- Check for working CXX compiler: /usr/bin/c++ - skipped
[6.215s] -- Detecting CXX compile features
[6.216s] -- Detecting CXX compile features - done
[6.230s] -- Found ament_cmake: 2.5.6 (/opt/ros/jazzy/share/ament_cmake/cmake)
[6.472s] -- Found Python3: /usr/bin/python3 (found version "3.12.3") found components: Interpreter 
[6.841s] -- Configuring done (6.1s)
[6.850s] -- Generating done (0.0s)
[6.854s] -- Build files have been written to: /home/fintan/ME4857Assignment2-master/build/start_up
[6.863s] Invoked command in '/home/fintan/ME4857Assignment2-master/build/start_up' returned '0': CMAKE_PREFIX_PATH=/home/fintan/ME4857Assignment2-master/install/bt:/home/fintan/ME4857Assignment2-master/install/sr_interfaces:/home/fintan/ME4857Assignment2-master/install/robot_model:/home/fintan/ME4857Assignment2-master/install/start_up:/home/fintan/ME4857Assignment2-master/install/gazebo_worlds:/opt/ros/jazzy/opt/gz_sim_vendor:/opt/ros/jazzy/opt/gz_sensors_vendor:/opt/ros/jazzy/opt/gz_physics_vendor:/opt/ros/jazzy/opt/sdformat_vendor:/opt/ros/jazzy/opt/gz_gui_vendor:/opt/ros/jazzy/opt/gz_transport_vendor:/opt/ros/jazzy/opt/gz_rendering_vendor:/opt/ros/jazzy/opt/gz_plugin_vendor:/opt/ros/jazzy/opt/gz_fuel_tools_vendor:/opt/ros/jazzy/opt/gz_msgs_vendor:/opt/ros/jazzy/opt/gz_common_vendor:/opt/ros/jazzy/opt/gz_math_vendor:/opt/ros/jazzy/opt/gz_utils_vendor:/opt/ros/jazzy/opt/gz_tools_vendor:/opt/ros/jazzy/opt/gz_ogre_next_vendor:/opt/ros/jazzy/opt/gz_dartsim_vendor:/opt/ros/jazzy/opt/gz_cmake_vendor:/opt/ros/jazzy /usr/bin/cmake /home/fintan/ME4857Assignment2-master/src/start_up -DCMAKE_INSTALL_PREFIX=/home/fintan/ME4857Assignment2-master/install/start_up
[6.866s] Invoking command in '/home/fintan/ME4857Assignment2-master/build/start_up': CMAKE_PREFIX_PATH=/home/fintan/ME4857Assignment2-master/install/bt:/home/fintan/ME4857Assignment2-master/install/sr_interfaces:/home/fintan/ME4857Assignment2-master/install/robot_model:/home/fintan/ME4857Assignment2-master/install/start_up:/home/fintan/ME4857Assignment2-master/install/gazebo_worlds:/opt/ros/jazzy/opt/gz_sim_vendor:/opt/ros/jazzy/opt/gz_sensors_vendor:/opt/ros/jazzy/opt/gz_physics_vendor:/opt/ros/jazzy/opt/sdformat_vendor:/opt/ros/jazzy/opt/gz_gui_vendor:/opt/ros/jazzy/opt/gz_transport_vendor:/opt/ros/jazzy/opt/gz_rendering_vendor:/opt/ros/jazzy/opt/gz_plugin_vendor:/opt/ros/jazzy/opt/gz_fuel_tools_vendor:/opt/ros/jazzy/opt/gz_msgs_vendor:/opt/ros/jazzy/opt/gz_common_vendor:/opt/ros/jazzy/opt/gz_math_vendor:/opt/ros/jazzy/opt/gz_utils_vendor:/opt/ros/jazzy/opt/gz_tools_vendor:/opt/ros/jazzy/opt/gz_ogre_next_vendor:/opt/ros/jazzy/opt/gz_dartsim_vendor:/opt/ros/jazzy/opt/gz_cmake_vendor:/opt/ros/jazzy /usr/bin/cmake --build /home/fintan/ME4857Assignment2-master/build/start_up -- -j12 -l12
[6.947s] Invoked command in '/home/fintan/ME4857Assignment2-master/build/start_up' returned '0': CMAKE_PREFIX_PATH=/home/fintan/ME4857Assignment2-master/install/bt:/home/fintan/ME4857Assignment2-master/install/sr_interfaces:/home/fintan/ME4857Assignment2-master/install/robot_model:/home/fintan/ME4857Assignment2-master/install/start_up:/home/fintan/ME4857Assignment2-master/install/gazebo_worlds:/opt/ros/jazzy/opt/gz_sim_vendor:/opt/ros/jazzy/opt/gz_sensors_vendor:/opt/ros/jazzy/opt/gz_physics_vendor:/opt/ros/jazzy/opt/sdformat_vendor:/opt/ros/jazzy/opt/gz_gui_vendor:/opt/ros/jazzy/opt/gz_transport_vendor:/opt/ros/jazzy/opt/gz_rendering_vendor:/opt/ros/jazzy/opt/gz_plugin_vendor:/opt/ros/jazzy/opt/gz_fuel_tools_vendor:/opt/ros/jazzy/opt/gz_msgs_vendor:/opt/ros/jazzy/opt/gz_common_vendor:/opt/ros/jazzy/opt/gz_math_vendor:/opt/ros/jazzy/opt/gz_utils_vendor:/opt/ros/jazzy/opt/gz_tools_vendor:/opt/ros/jazzy/opt/gz_ogre_next_vendor:/opt/ros/jazzy/opt/gz_dartsim_vendor:/opt/ros/jazzy/opt/gz_cmake_vendor:/opt/ros/jazzy /usr/bin/cmake --build /home/fintan/ME4857Assignment2-master/build/start_up -- -j12 -l12
[6.949s] Invoking command in '/home/fintan/ME4857Assignment2-master/build/start_up': CMAKE_PREFIX_PATH=/home/fintan/ME4857Assignment2-master/install/bt:/home/fintan/ME4857Assignment2-master/install/sr_interfaces:/home/fintan/ME4857Assignment2-master/install/robot_model:/home/fintan/ME4857Assignment2-master/install/start_up:/home/fintan/ME4857Assignment2-master/install/gazebo_worlds:/opt/ros/jazzy/opt/gz_sim_vendor:/opt/ros/jazzy/opt/gz_sensors_vendor:/opt/ros/jazzy/opt/gz_physics_vendor:/opt/ros/jazzy/opt/sdformat_vendor:/opt/ros/jazzy/opt/gz_gui_vendor:/opt/ros/jazzy/opt/gz_transport_vendor:/opt/ros/jazzy/opt/gz_rendering_vendor:/opt/ros/jazzy/opt/gz_plugin_vendor:/opt/ros/jazzy/opt/gz_fuel_tools_vendor:/opt/ros/jazzy/opt/gz_msgs_vendor:/opt/ros/jazzy/opt/gz_common_vendor:/opt/ros/jazzy/opt/gz_math_vendor:/opt/ros/jazzy/opt/gz_utils_vendor:/opt/ros/jazzy/opt/gz_tools_vendor:/opt/ros/jazzy/opt/gz_ogre_next_vendor:/opt/ros/jazzy/opt/gz_dartsim_vendor:/opt/ros/jazzy/opt/gz_cmake_vendor:/opt/ros/jazzy /usr/bin/cmake --install /home/fintan/ME4857Assignment2-master/build/start_up
[6.966s] -- Install configuration: ""
[6.966s] -- Installing: /home/fintan/ME4857Assignment2-master/install/start_up/share/start_up/launch
[6.968s] -- Installing: /home/fintan/ME4857Assignment2-master/install/start_up/share/start_up/launch/start_up.py
[6.968s] -- Installing: /home/fintan/ME4857Assignment2-master/install/start_up/share/start_up/config
[6.969s] -- Installing: /home/fintan/ME4857Assignment2-master/install/start_up/share/start_up/config/mission.yaml
[6.971s] -- Installing: /home/fintan/ME4857Assignment2-master/install/start_up/share/ament_index/resource_index/package_run_dependencies/start_up
[6.972s] -- Installing: /home/fintan/ME4857Assignment2-master/install/start_up/share/ament_index/resource_index/parent_prefix_path/start_up
[6.973s] -- Installing: /home/fintan/ME4857Assignment2-master/install/start_up/share/start_up/environment/ament_prefix_path.sh
[6.973s] -- Installing: /home/fintan/ME4857Assignment2-master/install/start_up/share/start_up/environment/ament_prefix_path.dsv
[6.974s] -- Installing: /home/fintan/ME4857Assignment2-master/install/start_up/share/start_up/environment/path.sh
[6.974s] -- Installing: /home/fintan/ME4857Assignment2-master/install/start_up/share/start_up/environment/path.dsv
[6.974s] -- Installing: /home/fintan/ME4857Assignment2-master/install/start_up/share/start_up/local_setup.bash
[6.975s] -- Installing: /home/fintan/ME4857Assignment2-master/install/start_up/share/start_up/local_setup.sh
[6.975s] -- Installing: /home/fintan/ME4857Assignment2-master/install/start_up/share/start_up/local_setup.zsh
[6.975s] -- Installing: /home/fintan/ME4857Assignment2-master/install/start_up/share/start_up/local_setup.dsv
[6.975s] -- Installing: /home/fintan/ME4857Assignment2-master/install/start_up/share/start_up/package.dsv
[6.976s] -- Installing: /home/fintan/ME4857Assignment2-master/install/start_up/share/ament_index/resource_index/packages/start_up
[6.978s] -- Installing: /home/fintan/ME4857Assignment2-master/install/start_up/share/start_up/cmake/start_upConfig.cmake
[6.978s] -- Installing: /home/fintan/ME4857Assignment2-master/install/start_up/share/start_up/cmake/start_upConfig-version.cmake
[6.979s] -- Installing: /home/fintan/ME4857Assignment2-master/install/start_up/share/start_up/package.xml
[6.984s] Invoked command in '/home/fintan/ME4857Assignment2-master/build/start_up' returned '0': CMAKE_PREFIX_PATH=/home/fintan/ME4857Assignment2-master/install/bt:/home/fintan/ME4857Assignment2-master/install/sr_interfaces:/home/fintan/ME4857Assignment2-master/install/robot_model:/home/fintan/ME4857Assignment2-master/install/start_up:/home/fintan/ME4857Assignment2-master/install/gazebo_worlds:/opt/ros/jazzy/opt/gz_sim_vendor:/opt/ros/jazzy/opt/gz_sensors_vendor:/opt/ros/jazzy/opt/gz_physics_vendor:/opt/ros/jazzy/opt/sdformat_vendor:/opt/ros/jazzy/opt/gz_gui_vendor:/opt/ros/jazzy/opt/gz_transport_vendor:/opt/ros/jazzy/opt/gz_rendering_vendor:/opt/ros/jazzy/opt/gz_plugin_vendor:/opt/ros/jazzy/opt/gz_fuel_tools_vendor:/opt/ros/jazzy/opt/gz_msgs_vendor:/opt/ros/jazzy/opt/gz_common_vendor:/opt/ros/jazzy/opt/gz_math_vendor:/opt/ros/jazzy/opt/gz_utils_vendor:/opt/ros/jazzy/opt/gz_tools_vendor:/opt/ros/jazzy/opt/gz_ogre_next_vendor:/opt/ros/jazzy/opt/gz_dartsim_vendor:/opt/ros/jazzy/opt/gz_cmake_vendor:/opt/ros/jazzy /usr/bin/cmake --install /home/fintan/ME4857Assignment2-master/build/start_up
