[0.468s] Invoking command in '/home/fintan/ME4857Assignment2-master/build/bt': CMAKE_PREFIX_PATH=/home/fintan/ME4857Assignment2-master/install/sr_interfaces:/home/fintan/ME4857Assignment2-master/install/start_up:/home/fintan/ME4857Assignment2-master/install/bt:/home/fintan/ME4857Assignment2-master/install/robot_model:/home/fintan/ME4857Assignment2-master/install/gazebo_worlds:/opt/ros/jazzy/opt/gz_sim_vendor:/opt/ros/jazzy/opt/gz_sensors_vendor:/opt/ros/jazzy/opt/gz_physics_vendor:/opt/ros/jazzy/opt/sdformat_vendor:/opt/ros/jazzy/opt/gz_gui_vendor:/opt/ros/jazzy/opt/gz_transport_vendor:/opt/ros/jazzy/opt/gz_rendering_vendor:/opt/ros/jazzy/opt/gz_plugin_vendor:/opt/ros/jazzy/opt/gz_fuel_tools_vendor:/opt/ros/jazzy/opt/gz_msgs_vendor:/opt/ros/jazzy/opt/gz_common_vendor:/opt/ros/jazzy/opt/gz_math_vendor:/opt/ros/jazzy/opt/gz_utils_vendor:/opt/ros/jazzy/opt/gz_tools_vendor:/opt/ros/jazzy/opt/gz_ogre_next_vendor:/opt/ros/jazzy/opt/gz_dartsim_vendor:/opt/ros/jazzy/opt/gz_cmake_vendor:/opt/ros/jazzy PYTHONPATH=/home/fintan/ME4857Assignment2-master/install/sr_interfaces/lib/python3.12/site-packages:/home/fintan/ME4857Assignment2-master/install/bt/lib/python3.12/site-packages:/opt/ros/jazzy/lib/python3.12/site-packages /usr/bin/cmake /home/fintan/ME4857Assignment2-master/src/bt -DCMAKE_INSTALL_PREFIX=/home/fintan/ME4857Assignment2-master/install/bt
[0.838s] -- The C compiler identification is GNU 13.3.0
[2.169s] -- The CXX compiler identification is GNU 13.3.0
[3.695s] -- Detecting C compiler ABI info
[4.384s] -- Detecting C compiler ABI info - done
[4.403s] -- Check for working C compiler: /usr/bin/cc - skipped
[4.403s] -- Detecting C compile features
[4.404s] -- Detecting C compile features - done
[4.609s] -- Detecting CXX compiler ABI info
[5.175s] -- Detecting CXX compiler ABI info - done
[5.188s] -- Check for working CXX compiler: /usr/bin/c++ - skipped
[5.188s] -- Detecting CXX compile features
[5.189s] -- Detecting CXX compile features - done
[5.197s] -- Found ament_cmake: 2.5.6 (/opt/ros/jazzy/share/ament_cmake/cmake)
[5.477s] -- Found Python3: /usr/bin/python3 (found version "3.12.3") found components: Interpreter 
[5.995s] -- Configuring done (5.5s)
[6.007s] -- Generating done (0.0s)
[6.012s] -- Build files have been written to: /home/fintan/ME4857Assignment2-master/build/bt
[6.020s] Invoked command in '/home/fintan/ME4857Assignment2-master/build/bt' returned '0': CMAKE_PREFIX_PATH=/home/fintan/ME4857Assignment2-master/install/sr_interfaces:/home/fintan/ME4857Assignment2-master/install/start_up:/home/fintan/ME4857Assignment2-master/install/bt:/home/fintan/ME4857Assignment2-master/install/robot_model:/home/fintan/ME4857Assignment2-master/install/gazebo_worlds:/opt/ros/jazzy/opt/gz_sim_vendor:/opt/ros/jazzy/opt/gz_sensors_vendor:/opt/ros/jazzy/opt/gz_physics_vendor:/opt/ros/jazzy/opt/sdformat_vendor:/opt/ros/jazzy/opt/gz_gui_vendor:/opt/ros/jazzy/opt/gz_transport_vendor:/opt/ros/jazzy/opt/gz_rendering_vendor:/opt/ros/jazzy/opt/gz_plugin_vendor:/opt/ros/jazzy/opt/gz_fuel_tools_vendor:/opt/ros/jazzy/opt/gz_msgs_vendor:/opt/ros/jazzy/opt/gz_common_vendor:/opt/ros/jazzy/opt/gz_math_vendor:/opt/ros/jazzy/opt/gz_utils_vendor:/opt/ros/jazzy/opt/gz_tools_vendor:/opt/ros/jazzy/opt/gz_ogre_next_vendor:/opt/ros/jazzy/opt/gz_dartsim_vendor:/opt/ros/jazzy/opt/gz_cmake_vendor:/opt/ros/jazzy PYTHONPATH=/home/fintan/ME4857Assignment2-master/install/sr_interfaces/lib/python3.12/site-packages:/home/fintan/ME4857Assignment2-master/install/bt/lib/python3.12/site-packages:/opt/ros/jazzy/lib/python3.12/site-packages /usr/bin/cmake /home/fintan/ME4857Assignment2-master/src/bt -DCMAKE_INSTALL_PREFIX=/home/fintan/ME4857Assignment2-master/install/bt
[6.022s] Invoking command in '/home/fintan/ME4857Assignment2-master/build/bt': CMAKE_PREFIX_PATH=/home/fintan/ME4857Assignment2-master/install/sr_interfaces:/home/fintan/ME4857Assignment2-master/install/start_up:/home/fintan/ME4857Assignment2-master/install/bt:/home/fintan/ME4857Assignment2-master/install/robot_model:/home/fintan/ME4857Assignment2-master/install/gazebo_worlds:/opt/ros/jazzy/opt/gz_sim_vendor:/opt/ros/jazzy/opt/gz_sensors_vendor:/opt/ros/jazzy/opt/gz_physics_vendor:/opt/ros/jazzy/opt/sdformat_vendor:/opt/ros/jazzy/opt/gz_gui_vendor:/opt/ros/jazzy/opt/gz_transport_vendor:/opt/ros/jazzy/opt/gz_rendering_vendor:/opt/ros/jazzy/opt/gz_plugin_vendor:/opt/ros/jazzy/opt/gz_fuel_tools_vendor:/opt/ros/jazzy/opt/gz_msgs_vendor:/opt/ros/jazzy/opt/gz_common_vendor:/opt/ros/jazzy/opt/gz_math_vendor:/opt/ros/jazzy/opt/gz_utils_vendor:/opt/ros/jazzy/opt/gz_tools_vendor:/opt/ros/jazzy/opt/gz_ogre_next_vendor:/opt/ros/jazzy/opt/gz_dartsim_vendor:/opt/ros/jazzy/opt/gz_cmake_vendor:/opt/ros/jazzy PYTHONPATH=/home/fintan/ME4857Assignment2-master/install/sr_interfaces/lib/python3.12/site-packages:/home/fintan/ME4857Assignment2-master/install/bt/lib/python3.12/site-packages:/opt/ros/jazzy/lib/python3.12/site-packages /usr/bin/cmake --build /home/fintan/ME4857Assignment2-master/build/bt -- -j12 -l12
[6.126s] Built target ament_cmake_python_copy_bt_nodes
[6.547s] running egg_info
[6.548s] creating bt_nodes.egg-info
[6.578s] writing bt_nodes.egg-info/PKG-INFO
[6.579s] writing dependency_links to bt_nodes.egg-info/dependency_links.txt
[6.579s] writing top-level names to bt_nodes.egg-info/top_level.txt
[6.579s] writing manifest file 'bt_nodes.egg-info/SOURCES.txt'
[6.682s] reading manifest file 'bt_nodes.egg-info/SOURCES.txt'
[6.683s] writing manifest file 'bt_nodes.egg-info/SOURCES.txt'
[6.735s] Built target ament_cmake_python_build_bt_nodes_egg
[6.764s] Invoked command in '/home/fintan/ME4857Assignment2-master/build/bt' returned '0': CMAKE_PREFIX_PATH=/home/fintan/ME4857Assignment2-master/install/sr_interfaces:/home/fintan/ME4857Assignment2-master/install/start_up:/home/fintan/ME4857Assignment2-master/install/bt:/home/fintan/ME4857Assignment2-master/install/robot_model:/home/fintan/ME4857Assignment2-master/install/gazebo_worlds:/opt/ros/jazzy/opt/gz_sim_vendor:/opt/ros/jazzy/opt/gz_sensors_vendor:/opt/ros/jazzy/opt/gz_physics_vendor:/opt/ros/jazzy/opt/sdformat_vendor:/opt/ros/jazzy/opt/gz_gui_vendor:/opt/ros/jazzy/opt/gz_transport_vendor:/opt/ros/jazzy/opt/gz_rendering_vendor:/opt/ros/jazzy/opt/gz_plugin_vendor:/opt/ros/jazzy/opt/gz_fuel_tools_vendor:/opt/ros/jazzy/opt/gz_msgs_vendor:/opt/ros/jazzy/opt/gz_common_vendor:/opt/ros/jazzy/opt/gz_math_vendor:/opt/ros/jazzy/opt/gz_utils_vendor:/opt/ros/jazzy/opt/gz_tools_vendor:/opt/ros/jazzy/opt/gz_ogre_next_vendor:/opt/ros/jazzy/opt/gz_dartsim_vendor:/opt/ros/jazzy/opt/gz_cmake_vendor:/opt/ros/jazzy PYTHONPATH=/home/fintan/ME4857Assignment2-master/install/sr_interfaces/lib/python3.12/site-packages:/home/fintan/ME4857Assignment2-master/install/bt/lib/python3.12/site-packages:/opt/ros/jazzy/lib/python3.12/site-packages /usr/bin/cmake --build /home/fintan/ME4857Assignment2-master/build/bt -- -j12 -l12
[6.766s] Invoking command in '/home/fintan/ME4857Assignment2-master/build/bt': CMAKE_PREFIX_PATH=/home/fintan/ME4857Assignment2-master/install/sr_interfaces:/home/fintan/ME4857Assignment2-master/install/start_up:/home/fintan/ME4857Assignment2-master/install/bt:/home/fintan/ME4857Assignment2-master/install/robot_model:/home/fintan/ME4857Assignment2-master/install/gazebo_worlds:/opt/ros/jazzy/opt/gz_sim_vendor:/opt/ros/jazzy/opt/gz_sensors_vendor:/opt/ros/jazzy/opt/gz_physics_vendor:/opt/ros/jazzy/opt/sdformat_vendor:/opt/ros/jazzy/opt/gz_gui_vendor:/opt/ros/jazzy/opt/gz_transport_vendor:/opt/ros/jazzy/opt/gz_rendering_vendor:/opt/ros/jazzy/opt/gz_plugin_vendor:/opt/ros/jazzy/opt/gz_fuel_tools_vendor:/opt/ros/jazzy/opt/gz_msgs_vendor:/opt/ros/jazzy/opt/gz_common_vendor:/opt/ros/jazzy/opt/gz_math_vendor:/opt/ros/jazzy/opt/gz_utils_vendor:/opt/ros/jazzy/opt/gz_tools_vendor:/opt/ros/jazzy/opt/gz_ogre_next_vendor:/opt/ros/jazzy/opt/gz_dartsim_vendor:/opt/ros/jazzy/opt/gz_cmake_vendor:/opt/ros/jazzy PYTHONPATH=/home/fintan/ME4857Assignment2-master/install/sr_interfaces/lib/python3.12/site-packages:/home/fintan/ME4857Assignment2-master/install/bt/lib/python3.12/site-packages:/opt/ros/jazzy/lib/python3.12/site-packages /usr/bin/cmake --install /home/fintan/ME4857Assignment2-master/build/bt
[6.787s] -- Install configuration: ""
[6.789s] -- Installing: /home/fintan/ME4857Assignment2-master/install/bt/share/bt/environment/pythonpath.sh
[6.790s] -- Installing: /home/fintan/ME4857Assignment2-master/install/bt/share/bt/environment/pythonpath.dsv
[6.790s] -- Installing: /home/fintan/ME4857Assignment2-master/install/bt/lib/python3.12/site-packages/bt_nodes-1.0.0-py3.12.egg-info
[6.792s] -- Installing: /home/fintan/ME4857Assignment2-master/install/bt/lib/python3.12/site-packages/bt_nodes-1.0.0-py3.12.egg-info/SOURCES.txt
[6.793s] -- Installing: /home/fintan/ME4857Assignment2-master/install/bt/lib/python3.12/site-packages/bt_nodes-1.0.0-py3.12.egg-info/dependency_links.txt
[6.793s] -- Installing: /home/fintan/ME4857Assignment2-master/install/bt/lib/python3.12/site-packages/bt_nodes-1.0.0-py3.12.egg-info/PKG-INFO
[6.794s] -- Installing: /home/fintan/ME4857Assignment2-master/install/bt/lib/python3.12/site-packages/bt_nodes-1.0.0-py3.12.egg-info/top_level.txt
[6.794s] -- Installing: /home/fintan/ME4857Assignment2-master/install/bt/lib/python3.12/site-packages/bt_nodes
[6.794s] -- Installing: /home/fintan/ME4857Assignment2-master/install/bt/lib/python3.12/site-packages/bt_nodes/__init__.py
[6.795s] -- Installing: /home/fintan/ME4857Assignment2-master/install/bt/lib/python3.12/site-packages/bt_nodes/cmd_vel_converter.py
[6.795s] -- Installing: /home/fintan/ME4857Assignment2-master/install/bt/lib/python3.12/site-packages/bt_nodes/fire_safety.py
[6.795s] -- Installing: /home/fintan/ME4857Assignment2-master/install/bt/lib/python3.12/site-packages/bt_nodes/tf_publisher.py
[6.796s] -- Installing: /home/fintan/ME4857Assignment2-master/install/bt/lib/python3.12/site-packages/bt_nodes/bt_runner.py
[6.796s] -- Installing: /home/fintan/ME4857Assignment2-master/install/bt/lib/python3.12/site-packages/bt_nodes/battery_monitor.py
[6.797s] -- Installing: /home/fintan/ME4857Assignment2-master/install/bt/lib/python3.12/site-packages/bt_nodes/camera_colour_detector.py
[6.797s] -- Installing: /home/fintan/ME4857Assignment2-master/install/bt/lib/python3.12/site-packages/bt_nodes/navigate_to_server.py
[6.797s] -- Installing: /home/fintan/ME4857Assignment2-master/install/bt/lib/python3.12/site-packages/bt_nodes/obstacle_monitor.py
[6.909s] Listing '/home/fintan/ME4857Assignment2-master/install/bt/lib/python3.12/site-packages/bt_nodes'...
[6.911s] Compiling '/home/fintan/ME4857Assignment2-master/install/bt/lib/python3.12/site-packages/bt_nodes/__init__.py'...
[6.911s] Compiling '/home/fintan/ME4857Assignment2-master/install/bt/lib/python3.12/site-packages/bt_nodes/battery_monitor.py'...
[6.911s] Compiling '/home/fintan/ME4857Assignment2-master/install/bt/lib/python3.12/site-packages/bt_nodes/bt_runner.py'...
[6.911s] Compiling '/home/fintan/ME4857Assignment2-master/install/bt/lib/python3.12/site-packages/bt_nodes/camera_colour_detector.py'...
[6.912s] Compiling '/home/fintan/ME4857Assignment2-master/install/bt/lib/python3.12/site-packages/bt_nodes/cmd_vel_converter.py'...
[6.912s] Compiling '/home/fintan/ME4857Assignment2-master/install/bt/lib/python3.12/site-packages/bt_nodes/fire_safety.py'...
[6.912s] Compiling '/home/fintan/ME4857Assignment2-master/install/bt/lib/python3.12/site-packages/bt_nodes/navigate_to_server.py'...
[6.912s] Compiling '/home/fintan/ME4857Assignment2-master/install/bt/lib/python3.12/site-packages/bt_nodes/obstacle_monitor.py'...
[6.912s] Compiling '/home/fintan/ME4857Assignment2-master/install/bt/lib/python3.12/site-packages/bt_nodes/tf_publisher.py'...
[6.921s] -- Installing: /home/fintan/ME4857Assignment2-master/install/bt/share/bt/bt_xml
[6.921s] -- Installing: /home/fintan/ME4857Assignment2-master/install/bt/share/bt/bt_xml/bt.xml
[6.922s] -- Installing: /home/fintan/ME4857Assignment2-master/install/bt/share/bt/launch
[6.923s] -- Installing: /home/fintan/ME4857Assignment2-master/install/bt/share/bt/launch/bt_launch.py
[6.925s] -- Installing: /home/fintan/ME4857Assignment2-master/install/bt/lib/bt/bt_runner.py
[6.926s] -- Installing: /home/fintan/ME4857Assignment2-master/install/bt/lib/bt/battery_monitor.py
[6.926s] -- Installing: /home/fintan/ME4857Assignment2-master/install/bt/lib/bt/fire_safety.py
[6.927s] -- Installing: /home/fintan/ME4857Assignment2-master/install/bt/lib/bt/tf_publisher.py
[6.927s] -- Installing: /home/fintan/ME4857Assignment2-master/install/bt/lib/bt/navigate_to_server.py
[6.927s] -- Installing: /home/fintan/ME4857Assignment2-master/install/bt/lib/bt/obstacle_monitor.py
[6.927s] -- Installing: /home/fintan/ME4857Assignment2-master/install/bt/lib/bt/cmd_vel_converter.py
[6.928s] -- Installing: /home/fintan/ME4857Assignment2-master/install/bt/lib/bt/camera_colour_detector.py
[6.932s] -- Installing: /home/fintan/ME4857Assignment2-master/install/bt/share/ament_index/resource_index/package_run_dependencies/bt
[6.934s] -- Installing: /home/fintan/ME4857Assignment2-master/install/bt/share/ament_index/resource_index/parent_prefix_path/bt
[6.934s] -- Installing: /home/fintan/ME4857Assignment2-master/install/bt/share/bt/environment/ament_prefix_path.sh
[6.935s] -- Installing: /home/fintan/ME4857Assignment2-master/install/bt/share/bt/environment/ament_prefix_path.dsv
[6.935s] -- Installing: /home/fintan/ME4857Assignment2-master/install/bt/share/bt/environment/path.sh
[6.936s] -- Installing: /home/fintan/ME4857Assignment2-master/install/bt/share/bt/environment/path.dsv
[6.936s] -- Installing: /home/fintan/ME4857Assignment2-master/install/bt/share/bt/local_setup.bash
[6.937s] -- Installing: /home/fintan/ME4857Assignment2-master/install/bt/share/bt/local_setup.sh
[6.937s] -- Installing: /home/fintan/ME4857Assignment2-master/install/bt/share/bt/local_setup.zsh
[6.937s] -- Installing: /home/fintan/ME4857Assignment2-master/install/bt/share/bt/local_setup.dsv
[6.937s] -- Installing: /home/fintan/ME4857Assignment2-master/install/bt/share/bt/package.dsv
[6.938s] -- Installing: /home/fintan/ME4857Assignment2-master/install/bt/share/ament_index/resource_index/packages/bt
[6.944s] -- Installing: /home/fintan/ME4857Assignment2-master/install/bt/share/bt/cmake/btConfig.cmake
[6.944s] -- Installing: /home/fintan/ME4857Assignment2-master/install/bt/share/bt/cmake/btConfig-version.cmake
[6.945s] -- Installing: /home/fintan/ME4857Assignment2-master/install/bt/share/bt/package.xml
[6.950s] Invoked command in '/home/fintan/ME4857Assignment2-master/build/bt' returned '0': CMAKE_PREFIX_PATH=/home/fintan/ME4857Assignment2-master/install/sr_interfaces:/home/fintan/ME4857Assignment2-master/install/start_up:/home/fintan/ME4857Assignment2-master/install/bt:/home/fintan/ME4857Assignment2-master/install/robot_model:/home/fintan/ME4857Assignment2-master/install/gazebo_worlds:/opt/ros/jazzy/opt/gz_sim_vendor:/opt/ros/jazzy/opt/gz_sensors_vendor:/opt/ros/jazzy/opt/gz_physics_vendor:/opt/ros/jazzy/opt/sdformat_vendor:/opt/ros/jazzy/opt/gz_gui_vendor:/opt/ros/jazzy/opt/gz_transport_vendor:/opt/ros/jazzy/opt/gz_rendering_vendor:/opt/ros/jazzy/opt/gz_plugin_vendor:/opt/ros/jazzy/opt/gz_fuel_tools_vendor:/opt/ros/jazzy/opt/gz_msgs_vendor:/opt/ros/jazzy/opt/gz_common_vendor:/opt/ros/jazzy/opt/gz_math_vendor:/opt/ros/jazzy/opt/gz_utils_vendor:/opt/ros/jazzy/opt/gz_tools_vendor:/opt/ros/jazzy/opt/gz_ogre_next_vendor:/opt/ros/jazzy/opt/gz_dartsim_vendor:/opt/ros/jazzy/opt/gz_cmake_vendor:/opt/ros/jazzy PYTHONPATH=/home/fintan/ME4857Assignment2-master/install/sr_interfaces/lib/python3.12/site-packages:/home/fintan/ME4857Assignment2-master/install/bt/lib/python3.12/site-packages:/opt/ros/jazzy/lib/python3.12/site-packages /usr/bin/cmake --install /home/fintan/ME4857Assignment2-master/build/bt
