[0.461s] Invoking command in '/home/fintan/ME4857Assignment2-master/build/bt': CMAKE_PREFIX_PATH=/home/fintan/ME4857Assignment2-master/install/sr_interfaces:/home/fintan/ME4857Assignment2-master/install/start_up:/home/fintan/ME4857Assignment2-master/install/bt:/home/fintan/ME4857Assignment2-master/install/robot_model:/home/fintan/ME4857Assignment2-master/install/gazebo_worlds:/opt/ros/jazzy/opt/gz_sim_vendor:/opt/ros/jazzy/opt/gz_sensors_vendor:/opt/ros/jazzy/opt/gz_physics_vendor:/opt/ros/jazzy/opt/sdformat_vendor:/opt/ros/jazzy/opt/gz_gui_vendor:/opt/ros/jazzy/opt/gz_transport_vendor:/opt/ros/jazzy/opt/gz_rendering_vendor:/opt/ros/jazzy/opt/gz_plugin_vendor:/opt/ros/jazzy/opt/gz_fuel_tools_vendor:/opt/ros/jazzy/opt/gz_msgs_vendor:/opt/ros/jazzy/opt/gz_common_vendor:/opt/ros/jazzy/opt/gz_math_vendor:/opt/ros/jazzy/opt/gz_utils_vendor:/opt/ros/jazzy/opt/gz_tools_vendor:/opt/ros/jazzy/opt/gz_ogre_next_vendor:/opt/ros/jazzy/opt/gz_dartsim_vendor:/opt/ros/jazzy/opt/gz_cmake_vendor:/opt/ros/jazzy PYTHONPATH=/home/fintan/ME4857Assignment2-master/install/sr_interfaces/lib/python3.12/site-packages:/home/fintan/ME4857Assignment2-master/install/bt/lib/python3.12/site-packages:/opt/ros/jazzy/lib/python3.12/site-packages /usr/bin/cmake --build /home/fintan/ME4857Assignment2-master/build/bt -- -j12 -l12
[0.573s] Built target ament_cmake_python_symlink_bt_nodes
[0.898s] running egg_info
[0.931s] writing bt_nodes.egg-info/PKG-INFO
[0.932s] writing dependency_links to bt_nodes.egg-info/dependency_links.txt
[0.932s] writing top-level names to bt_nodes.egg-info/top_level.txt
[1.029s] reading manifest file 'bt_nodes.egg-info/SOURCES.txt'
[1.031s] writing manifest file 'bt_nodes.egg-info/SOURCES.txt'
[1.080s] Built target ament_cmake_python_build_bt_nodes_egg
[1.103s] Invoked command in '/home/fintan/ME4857Assignment2-master/build/bt' returned '0': CMAKE_PREFIX_PATH=/home/fintan/ME4857Assignment2-master/install/sr_interfaces:/home/fintan/ME4857Assignment2-master/install/start_up:/home/fintan/ME4857Assignment2-master/install/bt:/home/fintan/ME4857Assignment2-master/install/robot_model:/home/fintan/ME4857Assignment2-master/install/gazebo_worlds:/opt/ros/jazzy/opt/gz_sim_vendor:/opt/ros/jazzy/opt/gz_sensors_vendor:/opt/ros/jazzy/opt/gz_physics_vendor:/opt/ros/jazzy/opt/sdformat_vendor:/opt/ros/jazzy/opt/gz_gui_vendor:/opt/ros/jazzy/opt/gz_transport_vendor:/opt/ros/jazzy/opt/gz_rendering_vendor:/opt/ros/jazzy/opt/gz_plugin_vendor:/opt/ros/jazzy/opt/gz_fuel_tools_vendor:/opt/ros/jazzy/opt/gz_msgs_vendor:/opt/ros/jazzy/opt/gz_common_vendor:/opt/ros/jazzy/opt/gz_math_vendor:/opt/ros/jazzy/opt/gz_utils_vendor:/opt/ros/jazzy/opt/gz_tools_vendor:/opt/ros/jazzy/opt/gz_ogre_next_vendor:/opt/ros/jazzy/opt/gz_dartsim_vendor:/opt/ros/jazzy/opt/gz_cmake_vendor:/opt/ros/jazzy PYTHONPATH=/home/fintan/ME4857Assignment2-master/install/sr_interfaces/lib/python3.12/site-packages:/home/fintan/ME4857Assignment2-master/install/bt/lib/python3.12/site-packages:/opt/ros/jazzy/lib/python3.12/site-packages /usr/bin/cmake --build /home/fintan/ME4857Assignment2-master/build/bt -- -j12 -l12
[1.131s] Invoking command in '/home/fintan/ME4857Assignment2-master/build/bt': CMAKE_PREFIX_PATH=/home/fintan/ME4857Assignment2-master/install/sr_interfaces:/home/fintan/ME4857Assignment2-master/install/start_up:/home/fintan/ME4857Assignment2-master/install/bt:/home/fintan/ME4857Assignment2-master/install/robot_model:/home/fintan/ME4857Assignment2-master/install/gazebo_worlds:/opt/ros/jazzy/opt/gz_sim_vendor:/opt/ros/jazzy/opt/gz_sensors_vendor:/opt/ros/jazzy/opt/gz_physics_vendor:/opt/ros/jazzy/opt/sdformat_vendor:/opt/ros/jazzy/opt/gz_gui_vendor:/opt/ros/jazzy/opt/gz_transport_vendor:/opt/ros/jazzy/opt/gz_rendering_vendor:/opt/ros/jazzy/opt/gz_plugin_vendor:/opt/ros/jazzy/opt/gz_fuel_tools_vendor:/opt/ros/jazzy/opt/gz_msgs_vendor:/opt/ros/jazzy/opt/gz_common_vendor:/opt/ros/jazzy/opt/gz_math_vendor:/opt/ros/jazzy/opt/gz_utils_vendor:/opt/ros/jazzy/opt/gz_tools_vendor:/opt/ros/jazzy/opt/gz_ogre_next_vendor:/opt/ros/jazzy/opt/gz_dartsim_vendor:/opt/ros/jazzy/opt/gz_cmake_vendor:/opt/ros/jazzy PYTHONPATH=/home/fintan/ME4857Assignment2-master/install/sr_interfaces/lib/python3.12/site-packages:/home/fintan/ME4857Assignment2-master/install/bt/lib/python3.12/site-packages:/opt/ros/jazzy/lib/python3.12/site-packages /usr/bin/cmake --install /home/fintan/ME4857Assignment2-master/build/bt
[1.146s] -- Install configuration: ""
[1.147s] -- Execute custom install script
[1.147s] -- Up-to-date symlink: /home/fintan/ME4857Assignment2-master/install/bt/share/bt/environment/pythonpath.sh
[1.148s] -- Up-to-date symlink: /home/fintan/ME4857Assignment2-master/install/bt/share/bt/environment/pythonpath.dsv
[1.148s] -- Up-to-date symlink: /home/fintan/ME4857Assignment2-master/install/bt/lib/python3.12/site-packages/bt_nodes-1.0.0-py3.12.egg-info/PKG-INFO
[1.149s] -- Up-to-date symlink: /home/fintan/ME4857Assignment2-master/install/bt/lib/python3.12/site-packages/bt_nodes-1.0.0-py3.12.egg-info/SOURCES.txt
[1.150s] -- Up-to-date symlink: /home/fintan/ME4857Assignment2-master/install/bt/lib/python3.12/site-packages/bt_nodes-1.0.0-py3.12.egg-info/dependency_links.txt
[1.150s] -- Up-to-date symlink: /home/fintan/ME4857Assignment2-master/install/bt/lib/python3.12/site-packages/bt_nodes-1.0.0-py3.12.egg-info/top_level.txt
[1.151s] -- Up-to-date symlink: /home/fintan/ME4857Assignment2-master/install/bt/lib/python3.12/site-packages/bt_nodes/__init__.py
[1.151s] -- Up-to-date symlink: /home/fintan/ME4857Assignment2-master/install/bt/lib/python3.12/site-packages/bt_nodes/battery_monitor.py
[1.152s] -- Up-to-date symlink: /home/fintan/ME4857Assignment2-master/install/bt/lib/python3.12/site-packages/bt_nodes/bt_runner.py
[1.153s] -- Up-to-date symlink: /home/fintan/ME4857Assignment2-master/install/bt/lib/python3.12/site-packages/bt_nodes/camera_colour_detector.py
[1.153s] -- Up-to-date symlink: /home/fintan/ME4857Assignment2-master/install/bt/lib/python3.12/site-packages/bt_nodes/cmd_vel_converter.py
[1.153s] -- Up-to-date symlink: /home/fintan/ME4857Assignment2-master/install/bt/lib/python3.12/site-packages/bt_nodes/fire_safety.py
[1.153s] -- Up-to-date symlink: /home/fintan/ME4857Assignment2-master/install/bt/lib/python3.12/site-packages/bt_nodes/navigate_to_server.py
[1.154s] -- Up-to-date symlink: /home/fintan/ME4857Assignment2-master/install/bt/lib/python3.12/site-packages/bt_nodes/obstacle_monitor.py
[1.154s] -- Up-to-date symlink: /home/fintan/ME4857Assignment2-master/install/bt/lib/python3.12/site-packages/bt_nodes/tf_publisher.py
[1.154s] -- Up-to-date symlink: /home/fintan/ME4857Assignment2-master/install/bt/share/bt/bt_xml/bt.xml
[1.154s] -- Up-to-date symlink: /home/fintan/ME4857Assignment2-master/install/bt/share/bt/launch/bt_launch.py
[1.155s] -- Up-to-date symlink: /home/fintan/ME4857Assignment2-master/install/bt/lib/bt/bt_runner.py
[1.155s] -- Up-to-date symlink: /home/fintan/ME4857Assignment2-master/install/bt/lib/bt/battery_monitor.py
[1.156s] -- Up-to-date symlink: /home/fintan/ME4857Assignment2-master/install/bt/lib/bt/fire_safety.py
[1.156s] -- Up-to-date symlink: /home/fintan/ME4857Assignment2-master/install/bt/lib/bt/tf_publisher.py
[1.156s] -- Up-to-date symlink: /home/fintan/ME4857Assignment2-master/install/bt/lib/bt/navigate_to_server.py
[1.157s] -- Up-to-date symlink: /home/fintan/ME4857Assignment2-master/install/bt/lib/bt/obstacle_monitor.py
[1.157s] -- Up-to-date symlink: /home/fintan/ME4857Assignment2-master/install/bt/lib/bt/cmd_vel_converter.py
[1.158s] -- Up-to-date symlink: /home/fintan/ME4857Assignment2-master/install/bt/lib/bt/camera_colour_detector.py
[1.158s] -- Up-to-date symlink: /home/fintan/ME4857Assignment2-master/install/bt/share/ament_index/resource_index/package_run_dependencies/bt
[1.159s] -- Up-to-date symlink: /home/fintan/ME4857Assignment2-master/install/bt/share/ament_index/resource_index/parent_prefix_path/bt
[1.159s] -- Up-to-date symlink: /home/fintan/ME4857Assignment2-master/install/bt/share/bt/environment/ament_prefix_path.sh
[1.159s] -- Up-to-date symlink: /home/fintan/ME4857Assignment2-master/install/bt/share/bt/environment/ament_prefix_path.dsv
[1.160s] -- Up-to-date symlink: /home/fintan/ME4857Assignment2-master/install/bt/share/bt/environment/path.sh
[1.160s] -- Up-to-date symlink: /home/fintan/ME4857Assignment2-master/install/bt/share/bt/environment/path.dsv
[1.161s] -- Up-to-date symlink: /home/fintan/ME4857Assignment2-master/install/bt/share/bt/local_setup.bash
[1.161s] -- Up-to-date symlink: /home/fintan/ME4857Assignment2-master/install/bt/share/bt/local_setup.sh
[1.161s] -- Up-to-date symlink: /home/fintan/ME4857Assignment2-master/install/bt/share/bt/local_setup.zsh
[1.161s] -- Up-to-date symlink: /home/fintan/ME4857Assignment2-master/install/bt/share/bt/local_setup.dsv
[1.161s] -- Symlinking: /home/fintan/ME4857Assignment2-master/install/bt/share/bt/package.dsv
[1.180s] -- Up-to-date symlink: /home/fintan/ME4857Assignment2-master/install/bt/share/ament_index/resource_index/packages/bt
[1.180s] -- Up-to-date symlink: /home/fintan/ME4857Assignment2-master/install/bt/share/bt/cmake/btConfig.cmake
[1.181s] -- Up-to-date symlink: /home/fintan/ME4857Assignment2-master/install/bt/share/bt/cmake/btConfig-version.cmake
[1.181s] -- Up-to-date symlink: /home/fintan/ME4857Assignment2-master/install/bt/share/bt/package.xml
[1.241s] Listing '/home/fintan/ME4857Assignment2-master/install/bt/lib/python3.12/site-packages/bt_nodes'...
[1.251s] Invoked command in '/home/fintan/ME4857Assignment2-master/build/bt' returned '0': CMAKE_PREFIX_PATH=/home/fintan/ME4857Assignment2-master/install/sr_interfaces:/home/fintan/ME4857Assignment2-master/install/start_up:/home/fintan/ME4857Assignment2-master/install/bt:/home/fintan/ME4857Assignment2-master/install/robot_model:/home/fintan/ME4857Assignment2-master/install/gazebo_worlds:/opt/ros/jazzy/opt/gz_sim_vendor:/opt/ros/jazzy/opt/gz_sensors_vendor:/opt/ros/jazzy/opt/gz_physics_vendor:/opt/ros/jazzy/opt/sdformat_vendor:/opt/ros/jazzy/opt/gz_gui_vendor:/opt/ros/jazzy/opt/gz_transport_vendor:/opt/ros/jazzy/opt/gz_rendering_vendor:/opt/ros/jazzy/opt/gz_plugin_vendor:/opt/ros/jazzy/opt/gz_fuel_tools_vendor:/opt/ros/jazzy/opt/gz_msgs_vendor:/opt/ros/jazzy/opt/gz_common_vendor:/opt/ros/jazzy/opt/gz_math_vendor:/opt/ros/jazzy/opt/gz_utils_vendor:/opt/ros/jazzy/opt/gz_tools_vendor:/opt/ros/jazzy/opt/gz_ogre_next_vendor:/opt/ros/jazzy/opt/gz_dartsim_vendor:/opt/ros/jazzy/opt/gz_cmake_vendor:/opt/ros/jazzy PYTHONPATH=/home/fintan/ME4857Assignment2-master/install/sr_interfaces/lib/python3.12/site-packages:/home/fintan/ME4857Assignment2-master/install/bt/lib/python3.12/site-packages:/opt/ros/jazzy/lib/python3.12/site-packages /usr/bin/cmake --install /home/fintan/ME4857Assignment2-master/build/bt
