[1.033s] DEBUG:colcon:Command line arguments: ['/usr/bin/colcon', 'build']
[1.034s] DEBUG:colcon:Parsed command line arguments: Namespace(log_base=None, log_level=None, verb_name='build', build_base='build', install_base='install', merge_install=False, symlink_install=False, test_result_base=None, continue_on_error=False, executor='parallel', parallel_workers=12, event_handlers=None, ignore_user_meta=False, metas=['./colcon.meta'], base_paths=['.'], packages_ignore=None, packages_ignore_regex=None, paths=None, packages_up_to=None, packages_up_to_regex=None, packages_above=None, packages_above_and_dependencies=None, packages_above_depth=None, packages_select_by_dep=None, packages_skip_by_dep=None, packages_skip_up_to=None, packages_select_build_failed=False, packages_skip_build_finished=False, packages_select_test_failures=False, packages_skip_test_passed=False, packages_select=None, packages_skip=None, packages_select_regex=None, packages_skip_regex=None, packages_start=None, packages_end=None, allow_overriding=[], cmake_args=None, cmake_target=None, cmake_target_skip_unavailable=False, cmake_clean_cache=False, cmake_clean_first=False, cmake_force_configure=False, ament_cmake_args=None, catkin_cmake_args=None, catkin_skip_building_tests=False, verb_parser=<colcon_defaults.argument_parser.defaults.DefaultArgumentsDecorator object at 0x726088567440>, verb_extension=<colcon_core.verb.build.BuildVerb object at 0x726088697b00>, main=<bound method BuildVerb.main of <colcon_core.verb.build.BuildVerb object at 0x726088697b00>>)
[1.193s] Level 1:colcon.colcon_core.package_discovery:discover_packages(colcon_meta) check parameters
[1.194s] Level 1:colcon.colcon_core.package_discovery:discover_packages(recursive) check parameters
[1.194s] Level 1:colcon.colcon_core.package_discovery:discover_packages(ignore) check parameters
[1.194s] Level 1:colcon.colcon_core.package_discovery:discover_packages(path) check parameters
[1.195s] Level 1:colcon.colcon_core.package_discovery:discover_packages(colcon_meta) discover
[1.196s] Level 1:colcon.colcon_core.package_discovery:discover_packages(recursive) discover
[1.196s] INFO:colcon.colcon_core.package_discovery:Crawling recursively for packages in '/home/fintan/ME4857Assignment2-master'
[1.197s] Level 1:colcon.colcon_core.package_identification:_identify(.) by extensions ['ignore', 'ignore_ament_install']
[1.197s] Level 1:colcon.colcon_core.package_identification:_identify(.) by extension 'ignore'
[1.197s] Level 1:colcon.colcon_core.package_identification:_identify(.) by extension 'ignore_ament_install'
[1.197s] Level 1:colcon.colcon_core.package_identification:_identify(.) by extensions ['colcon_pkg']
[1.198s] Level 1:colcon.colcon_core.package_identification:_identify(.) by extension 'colcon_pkg'
[1.198s] Level 1:colcon.colcon_core.package_identification:_identify(.) by extensions ['colcon_meta']
[1.198s] Level 1:colcon.colcon_core.package_identification:_identify(.) by extension 'colcon_meta'
[1.198s] Level 1:colcon.colcon_core.package_identification:_identify(.) by extensions ['ros']
[1.198s] Level 1:colcon.colcon_core.package_identification:_identify(.) by extension 'ros'
[1.329s] Level 1:colcon.colcon_core.package_identification:_identify(.) by extensions ['cmake', 'python']
[1.329s] Level 1:colcon.colcon_core.package_identification:_identify(.) by extension 'cmake'
[1.329s] Level 1:colcon.colcon_core.package_identification:_identify(.) by extension 'python'
[1.330s] Level 1:colcon.colcon_core.package_identification:_identify(.) by extensions ['python_setup_py']
[1.330s] Level 1:colcon.colcon_core.package_identification:_identify(.) by extension 'python_setup_py'
[1.330s] Level 1:colcon.colcon_core.package_identification:_identify(build) by extensions ['ignore', 'ignore_ament_install']
[1.331s] Level 1:colcon.colcon_core.package_identification:_identify(build) by extension 'ignore'
[1.331s] Level 1:colcon.colcon_core.package_identification:_identify(build) ignored
[1.331s] Level 1:colcon.colcon_core.package_identification:_identify(install) by extensions ['ignore', 'ignore_ament_install']
[1.332s] Level 1:colcon.colcon_core.package_identification:_identify(install) by extension 'ignore'
[1.332s] Level 1:colcon.colcon_core.package_identification:_identify(install) ignored
[1.333s] Level 1:colcon.colcon_core.package_identification:_identify(log) by extensions ['ignore', 'ignore_ament_install']
[1.333s] Level 1:colcon.colcon_core.package_identification:_identify(log) by extension 'ignore'
[1.334s] Level 1:colcon.colcon_core.package_identification:_identify(log) ignored
[1.334s] Level 1:colcon.colcon_core.package_identification:_identify(src) by extensions ['ignore', 'ignore_ament_install']
[1.335s] Level 1:colcon.colcon_core.package_identification:_identify(src) by extension 'ignore'
[1.335s] Level 1:colcon.colcon_core.package_identification:_identify(src) by extension 'ignore_ament_install'
[1.335s] Level 1:colcon.colcon_core.package_identification:_identify(src) by extensions ['colcon_pkg']
[1.336s] Level 1:colcon.colcon_core.package_identification:_identify(src) by extension 'colcon_pkg'
[1.336s] Level 1:colcon.colcon_core.package_identification:_identify(src) by extensions ['colcon_meta']
[1.336s] Level 1:colcon.colcon_core.package_identification:_identify(src) by extension 'colcon_meta'
[1.336s] Level 1:colcon.colcon_core.package_identification:_identify(src) by extensions ['ros']
[1.336s] Level 1:colcon.colcon_core.package_identification:_identify(src) by extension 'ros'
[1.337s] Level 1:colcon.colcon_core.package_identification:_identify(src) by extensions ['cmake', 'python']
[1.337s] Level 1:colcon.colcon_core.package_identification:_identify(src) by extension 'cmake'
[1.338s] Level 1:colcon.colcon_core.package_identification:_identify(src) by extension 'python'
[1.338s] Level 1:colcon.colcon_core.package_identification:_identify(src) by extensions ['python_setup_py']
[1.338s] Level 1:colcon.colcon_core.package_identification:_identify(src) by extension 'python_setup_py'
[1.339s] Level 1:colcon.colcon_core.package_identification:_identify(src/bt) by extensions ['ignore', 'ignore_ament_install']
[1.339s] Level 1:colcon.colcon_core.package_identification:_identify(src/bt) by extension 'ignore'
[1.339s] Level 1:colcon.colcon_core.package_identification:_identify(src/bt) by extension 'ignore_ament_install'
[1.340s] Level 1:colcon.colcon_core.package_identification:_identify(src/bt) by extensions ['colcon_pkg']
[1.340s] Level 1:colcon.colcon_core.package_identification:_identify(src/bt) by extension 'colcon_pkg'
[1.340s] Level 1:colcon.colcon_core.package_identification:_identify(src/bt) by extensions ['colcon_meta']
[1.340s] Level 1:colcon.colcon_core.package_identification:_identify(src/bt) by extension 'colcon_meta'
[1.340s] Level 1:colcon.colcon_core.package_identification:_identify(src/bt) by extensions ['ros']
[1.340s] Level 1:colcon.colcon_core.package_identification:_identify(src/bt) by extension 'ros'
[1.356s] DEBUG:colcon.colcon_core.package_identification:Package 'src/bt' with type 'ros.ament_cmake' and name 'bt'
[1.357s] Level 1:colcon.colcon_core.package_identification:_identify(src/gazebo) by extensions ['ignore', 'ignore_ament_install']
[1.358s] Level 1:colcon.colcon_core.package_identification:_identify(src/gazebo) by extension 'ignore'
[1.358s] Level 1:colcon.colcon_core.package_identification:_identify(src/gazebo) by extension 'ignore_ament_install'
[1.358s] Level 1:colcon.colcon_core.package_identification:_identify(src/gazebo) by extensions ['colcon_pkg']
[1.358s] Level 1:colcon.colcon_core.package_identification:_identify(src/gazebo) by extension 'colcon_pkg'
[1.359s] Level 1:colcon.colcon_core.package_identification:_identify(src/gazebo) by extensions ['colcon_meta']
[1.359s] Level 1:colcon.colcon_core.package_identification:_identify(src/gazebo) by extension 'colcon_meta'
[1.359s] Level 1:colcon.colcon_core.package_identification:_identify(src/gazebo) by extensions ['ros']
[1.359s] Level 1:colcon.colcon_core.package_identification:_identify(src/gazebo) by extension 'ros'
[1.364s] DEBUG:colcon.colcon_core.package_identification:Package 'src/gazebo' with type 'ros.ament_cmake' and name 'gazebo_worlds'
[1.365s] Level 1:colcon.colcon_core.package_identification:_identify(src/robot_model) by extensions ['ignore', 'ignore_ament_install']
[1.365s] Level 1:colcon.colcon_core.package_identification:_identify(src/robot_model) by extension 'ignore'
[1.366s] Level 1:colcon.colcon_core.package_identification:_identify(src/robot_model) by extension 'ignore_ament_install'
[1.366s] Level 1:colcon.colcon_core.package_identification:_identify(src/robot_model) by extensions ['colcon_pkg']
[1.367s] Level 1:colcon.colcon_core.package_identification:_identify(src/robot_model) by extension 'colcon_pkg'
[1.367s] Level 1:colcon.colcon_core.package_identification:_identify(src/robot_model) by extensions ['colcon_meta']
[1.367s] Level 1:colcon.colcon_core.package_identification:_identify(src/robot_model) by extension 'colcon_meta'
[1.367s] Level 1:colcon.colcon_core.package_identification:_identify(src/robot_model) by extensions ['ros']
[1.367s] Level 1:colcon.colcon_core.package_identification:_identify(src/robot_model) by extension 'ros'
[1.371s] DEBUG:colcon.colcon_core.package_identification:Package 'src/robot_model' with type 'ros.ament_cmake' and name 'robot_model'
[1.371s] Level 1:colcon.colcon_core.package_identification:_identify(src/sr_interfaces) by extensions ['ignore', 'ignore_ament_install']
[1.371s] Level 1:colcon.colcon_core.package_identification:_identify(src/sr_interfaces) by extension 'ignore'
[1.372s] Level 1:colcon.colcon_core.package_identification:_identify(src/sr_interfaces) by extension 'ignore_ament_install'
[1.372s] Level 1:colcon.colcon_core.package_identification:_identify(src/sr_interfaces) by extensions ['colcon_pkg']
[1.372s] Level 1:colcon.colcon_core.package_identification:_identify(src/sr_interfaces) by extension 'colcon_pkg'
[1.372s] Level 1:colcon.colcon_core.package_identification:_identify(src/sr_interfaces) by extensions ['colcon_meta']
[1.372s] Level 1:colcon.colcon_core.package_identification:_identify(src/sr_interfaces) by extension 'colcon_meta'
[1.372s] Level 1:colcon.colcon_core.package_identification:_identify(src/sr_interfaces) by extensions ['ros']
[1.372s] Level 1:colcon.colcon_core.package_identification:_identify(src/sr_interfaces) by extension 'ros'
[1.374s] DEBUG:colcon.colcon_core.package_identification:Package 'src/sr_interfaces' with type 'ros.ament_cmake' and name 'sr_interfaces'
[1.374s] Level 1:colcon.colcon_core.package_identification:_identify(src/start_up) by extensions ['ignore', 'ignore_ament_install']
[1.375s] Level 1:colcon.colcon_core.package_identification:_identify(src/start_up) by extension 'ignore'
[1.375s] Level 1:colcon.colcon_core.package_identification:_identify(src/start_up) by extension 'ignore_ament_install'
[1.375s] Level 1:colcon.colcon_core.package_identification:_identify(src/start_up) by extensions ['colcon_pkg']
[1.375s] Level 1:colcon.colcon_core.package_identification:_identify(src/start_up) by extension 'colcon_pkg'
[1.375s] Level 1:colcon.colcon_core.package_identification:_identify(src/start_up) by extensions ['colcon_meta']
[1.376s] Level 1:colcon.colcon_core.package_identification:_identify(src/start_up) by extension 'colcon_meta'
[1.376s] Level 1:colcon.colcon_core.package_identification:_identify(src/start_up) by extensions ['ros']
[1.376s] Level 1:colcon.colcon_core.package_identification:_identify(src/start_up) by extension 'ros'
[1.380s] DEBUG:colcon.colcon_core.package_identification:Package 'src/start_up' with type 'ros.ament_cmake' and name 'start_up'
[1.381s] Level 1:colcon.colcon_core.package_discovery:discover_packages(recursive) using defaults
[1.381s] Level 1:colcon.colcon_core.package_discovery:discover_packages(ignore) discover
[1.381s] Level 1:colcon.colcon_core.package_discovery:discover_packages(ignore) using defaults
[1.382s] Level 1:colcon.colcon_core.package_discovery:discover_packages(path) discover
[1.382s] Level 1:colcon.colcon_core.package_discovery:discover_packages(path) using defaults
[1.454s] Level 1:colcon.colcon_core.package_discovery:discover_packages(prefix_path) check parameters
[1.455s] Level 1:colcon.colcon_core.package_discovery:discover_packages(prefix_path) discover
[1.470s] DEBUG:colcon.colcon_installed_package_information.package_discovery:Found 374 installed packages in /opt/ros/jazzy
[1.473s] Level 1:colcon.colcon_core.package_discovery:discover_packages(prefix_path) using defaults
[1.706s] Level 5:colcon.colcon_core.verb:set package 'gazebo_worlds' build argument 'cmake_args' from command line to 'None'
[1.706s] Level 5:colcon.colcon_core.verb:set package 'gazebo_worlds' build argument 'cmake_target' from command line to 'None'
[1.706s] Level 5:colcon.colcon_core.verb:set package 'gazebo_worlds' build argument 'cmake_target_skip_unavailable' from command line to 'False'
[1.707s] Level 5:colcon.colcon_core.verb:set package 'gazebo_worlds' build argument 'cmake_clean_cache' from command line to 'False'
[1.707s] Level 5:colcon.colcon_core.verb:set package 'gazebo_worlds' build argument 'cmake_clean_first' from command line to 'False'
[1.707s] Level 5:colcon.colcon_core.verb:set package 'gazebo_worlds' build argument 'cmake_force_configure' from command line to 'False'
[1.707s] Level 5:colcon.colcon_core.verb:set package 'gazebo_worlds' build argument 'ament_cmake_args' from command line to 'None'
[1.707s] Level 5:colcon.colcon_core.verb:set package 'gazebo_worlds' build argument 'catkin_cmake_args' from command line to 'None'
[1.707s] Level 5:colcon.colcon_core.verb:set package 'gazebo_worlds' build argument 'catkin_skip_building_tests' from command line to 'False'
[1.707s] DEBUG:colcon.colcon_core.verb:Building package 'gazebo_worlds' with the following arguments: {'ament_cmake_args': None, 'build_base': '/home/fintan/ME4857Assignment2-master/build/gazebo_worlds', 'catkin_cmake_args': None, 'catkin_skip_building_tests': False, 'cmake_args': None, 'cmake_clean_cache': False, 'cmake_clean_first': False, 'cmake_force_configure': False, 'cmake_target': None, 'cmake_target_skip_unavailable': False, 'install_base': '/home/fintan/ME4857Assignment2-master/install/gazebo_worlds', 'merge_install': False, 'path': '/home/fintan/ME4857Assignment2-master/src/gazebo', 'symlink_install': False, 'test_result_base': None}
[1.708s] Level 5:colcon.colcon_core.verb:set package 'robot_model' build argument 'cmake_args' from command line to 'None'
[1.708s] Level 5:colcon.colcon_core.verb:set package 'robot_model' build argument 'cmake_target' from command line to 'None'
[1.708s] Level 5:colcon.colcon_core.verb:set package 'robot_model' build argument 'cmake_target_skip_unavailable' from command line to 'False'
[1.708s] Level 5:colcon.colcon_core.verb:set package 'robot_model' build argument 'cmake_clean_cache' from command line to 'False'
[1.708s] Level 5:colcon.colcon_core.verb:set package 'robot_model' build argument 'cmake_clean_first' from command line to 'False'
[1.710s] Level 5:colcon.colcon_core.verb:set package 'robot_model' build argument 'cmake_force_configure' from command line to 'False'
[1.710s] Level 5:colcon.colcon_core.verb:set package 'robot_model' build argument 'ament_cmake_args' from command line to 'None'
[1.710s] Level 5:colcon.colcon_core.verb:set package 'robot_model' build argument 'catkin_cmake_args' from command line to 'None'
[1.711s] Level 5:colcon.colcon_core.verb:set package 'robot_model' build argument 'catkin_skip_building_tests' from command line to 'False'
[1.711s] DEBUG:colcon.colcon_core.verb:Building package 'robot_model' with the following arguments: {'ament_cmake_args': None, 'build_base': '/home/fintan/ME4857Assignment2-master/build/robot_model', 'catkin_cmake_args': None, 'catkin_skip_building_tests': False, 'cmake_args': None, 'cmake_clean_cache': False, 'cmake_clean_first': False, 'cmake_force_configure': False, 'cmake_target': None, 'cmake_target_skip_unavailable': False, 'install_base': '/home/fintan/ME4857Assignment2-master/install/robot_model', 'merge_install': False, 'path': '/home/fintan/ME4857Assignment2-master/src/robot_model', 'symlink_install': False, 'test_result_base': None}
[1.712s] Level 5:colcon.colcon_core.verb:set package 'sr_interfaces' build argument 'cmake_args' from command line to 'None'
[1.712s] Level 5:colcon.colcon_core.verb:set package 'sr_interfaces' build argument 'cmake_target' from command line to 'None'
[1.712s] Level 5:colcon.colcon_core.verb:set package 'sr_interfaces' build argument 'cmake_target_skip_unavailable' from command line to 'False'
[1.712s] Level 5:colcon.colcon_core.verb:set package 'sr_interfaces' build argument 'cmake_clean_cache' from command line to 'False'
[1.713s] Level 5:colcon.colcon_core.verb:set package 'sr_interfaces' build argument 'cmake_clean_first' from command line to 'False'
[1.713s] Level 5:colcon.colcon_core.verb:set package 'sr_interfaces' build argument 'cmake_force_configure' from command line to 'False'
[1.713s] Level 5:colcon.colcon_core.verb:set package 'sr_interfaces' build argument 'ament_cmake_args' from command line to 'None'
[1.713s] Level 5:colcon.colcon_core.verb:set package 'sr_interfaces' build argument 'catkin_cmake_args' from command line to 'None'
[1.713s] Level 5:colcon.colcon_core.verb:set package 'sr_interfaces' build argument 'catkin_skip_building_tests' from command line to 'False'
[1.713s] DEBUG:colcon.colcon_core.verb:Building package 'sr_interfaces' with the following arguments: {'ament_cmake_args': None, 'build_base': '/home/fintan/ME4857Assignment2-master/build/sr_interfaces', 'catkin_cmake_args': None, 'catkin_skip_building_tests': False, 'cmake_args': None, 'cmake_clean_cache': False, 'cmake_clean_first': False, 'cmake_force_configure': False, 'cmake_target': None, 'cmake_target_skip_unavailable': False, 'install_base': '/home/fintan/ME4857Assignment2-master/install/sr_interfaces', 'merge_install': False, 'path': '/home/fintan/ME4857Assignment2-master/src/sr_interfaces', 'symlink_install': False, 'test_result_base': None}
[1.714s] Level 5:colcon.colcon_core.verb:set package 'bt' build argument 'cmake_args' from command line to 'None'
[1.715s] Level 5:colcon.colcon_core.verb:set package 'bt' build argument 'cmake_target' from command line to 'None'
[1.715s] Level 5:colcon.colcon_core.verb:set package 'bt' build argument 'cmake_target_skip_unavailable' from command line to 'False'
[1.715s] Level 5:colcon.colcon_core.verb:set package 'bt' build argument 'cmake_clean_cache' from command line to 'False'
[1.715s] Level 5:colcon.colcon_core.verb:set package 'bt' build argument 'cmake_clean_first' from command line to 'False'
[1.715s] Level 5:colcon.colcon_core.verb:set package 'bt' build argument 'cmake_force_configure' from command line to 'False'
[1.715s] Level 5:colcon.colcon_core.verb:set package 'bt' build argument 'ament_cmake_args' from command line to 'None'
[1.715s] Level 5:colcon.colcon_core.verb:set package 'bt' build argument 'catkin_cmake_args' from command line to 'None'
[1.715s] Level 5:colcon.colcon_core.verb:set package 'bt' build argument 'catkin_skip_building_tests' from command line to 'False'
[1.715s] DEBUG:colcon.colcon_core.verb:Building package 'bt' with the following arguments: {'ament_cmake_args': None, 'build_base': '/home/fintan/ME4857Assignment2-master/build/bt', 'catkin_cmake_args': None, 'catkin_skip_building_tests': False, 'cmake_args': None, 'cmake_clean_cache': False, 'cmake_clean_first': False, 'cmake_force_configure': False, 'cmake_target': None, 'cmake_target_skip_unavailable': False, 'install_base': '/home/fintan/ME4857Assignment2-master/install/bt', 'merge_install': False, 'path': '/home/fintan/ME4857Assignment2-master/src/bt', 'symlink_install': False, 'test_result_base': None}
[1.716s] Level 5:colcon.colcon_core.verb:set package 'start_up' build argument 'cmake_args' from command line to 'None'
[1.716s] Level 5:colcon.colcon_core.verb:set package 'start_up' build argument 'cmake_target' from command line to 'None'
[1.716s] Level 5:colcon.colcon_core.verb:set package 'start_up' build argument 'cmake_target_skip_unavailable' from command line to 'False'
[1.716s] Level 5:colcon.colcon_core.verb:set package 'start_up' build argument 'cmake_clean_cache' from command line to 'False'
[1.717s] Level 5:colcon.colcon_core.verb:set package 'start_up' build argument 'cmake_clean_first' from command line to 'False'
[1.717s] Level 5:colcon.colcon_core.verb:set package 'start_up' build argument 'cmake_force_configure' from command line to 'False'
[1.717s] Level 5:colcon.colcon_core.verb:set package 'start_up' build argument 'ament_cmake_args' from command line to 'None'
[1.717s] Level 5:colcon.colcon_core.verb:set package 'start_up' build argument 'catkin_cmake_args' from command line to 'None'
[1.717s] Level 5:colcon.colcon_core.verb:set package 'start_up' build argument 'catkin_skip_building_tests' from command line to 'False'
[1.717s] DEBUG:colcon.colcon_core.verb:Building package 'start_up' with the following arguments: {'ament_cmake_args': None, 'build_base': '/home/fintan/ME4857Assignment2-master/build/start_up', 'catkin_cmake_args': None, 'catkin_skip_building_tests': False, 'cmake_args': None, 'cmake_clean_cache': False, 'cmake_clean_first': False, 'cmake_force_configure': False, 'cmake_target': None, 'cmake_target_skip_unavailable': False, 'install_base': '/home/fintan/ME4857Assignment2-master/install/start_up', 'merge_install': False, 'path': '/home/fintan/ME4857Assignment2-master/src/start_up', 'symlink_install': False, 'test_result_base': None}
[1.717s] INFO:colcon.colcon_core.executor:Executing jobs using 'parallel' executor
[1.719s] DEBUG:colcon.colcon_parallel_executor.executor.parallel:run_until_complete
[1.720s] INFO:colcon.colcon_ros.task.ament_cmake.build:Building ROS package in '/home/fintan/ME4857Assignment2-master/src/sr_interfaces' with build type 'ament_cmake'
[1.721s] INFO:colcon.colcon_cmake.task.cmake.build:Building CMake package in '/home/fintan/ME4857Assignment2-master/src/sr_interfaces'
[1.730s] INFO:colcon.colcon_core.plugin_system:Skipping extension 'colcon_core.shell.bat': Not used on non-Windows systems
[1.731s] INFO:colcon.colcon_core.shell:Skip shell extension 'powershell' for command environment: Not usable outside of PowerShell
[1.731s] DEBUG:colcon.colcon_core.shell:Skip shell extension 'dsv' for command environment
[1.749s] INFO:colcon.colcon_ros.task.ament_cmake.build:Building ROS package in '/home/fintan/ME4857Assignment2-master/src/robot_model' with build type 'ament_cmake'
[1.750s] INFO:colcon.colcon_cmake.task.cmake.build:Building CMake package in '/home/fintan/ME4857Assignment2-master/src/robot_model'
[1.751s] INFO:colcon.colcon_core.shell:Skip shell extension 'powershell' for command environment: Not usable outside of PowerShell
[1.751s] DEBUG:colcon.colcon_core.shell:Skip shell extension 'dsv' for command environment
[1.769s] INFO:colcon.colcon_ros.task.ament_cmake.build:Building ROS package in '/home/fintan/ME4857Assignment2-master/src/gazebo' with build type 'ament_cmake'
[1.770s] INFO:colcon.colcon_cmake.task.cmake.build:Building CMake package in '/home/fintan/ME4857Assignment2-master/src/gazebo'
[1.770s] INFO:colcon.colcon_core.shell:Skip shell extension 'powershell' for command environment: Not usable outside of PowerShell
[1.770s] DEBUG:colcon.colcon_core.shell:Skip shell extension 'dsv' for command environment
[1.822s] DEBUG:colcon.colcon_core.event_handler.log_command:Invoking command in '/home/fintan/ME4857Assignment2-master/build/sr_interfaces': CMAKE_PREFIX_PATH=${CMAKE_PREFIX_PATH}:/opt/ros/jazzy /usr/bin/cmake --build /home/fintan/ME4857Assignment2-master/build/sr_interfaces -- -j12 -l12
[1.845s] DEBUG:colcon.colcon_core.event_handler.log_command:Invoking command in '/home/fintan/ME4857Assignment2-master/build/robot_model': CMAKE_PREFIX_PATH=${CMAKE_PREFIX_PATH}:/opt/ros/jazzy /usr/bin/cmake --build /home/fintan/ME4857Assignment2-master/build/robot_model -- -j12 -l12
[1.852s] DEBUG:colcon.colcon_core.event_handler.log_command:Invoking command in '/home/fintan/ME4857Assignment2-master/build/gazebo_worlds': CMAKE_PREFIX_PATH=${CMAKE_PREFIX_PATH}:/opt/ros/jazzy /usr/bin/cmake --build /home/fintan/ME4857Assignment2-master/build/gazebo_worlds -- -j12 -l12
[2.028s] DEBUG:colcon.colcon_core.event_handler.log_command:Invoked command in '/home/fintan/ME4857Assignment2-master/build/gazebo_worlds' returned '0': CMAKE_PREFIX_PATH=${CMAKE_PREFIX_PATH}:/opt/ros/jazzy /usr/bin/cmake --build /home/fintan/ME4857Assignment2-master/build/gazebo_worlds -- -j12 -l12
[2.064s] DEBUG:colcon.colcon_core.event_handler.log_command:Invoking command in '/home/fintan/ME4857Assignment2-master/build/gazebo_worlds': CMAKE_PREFIX_PATH=${CMAKE_PREFIX_PATH}:/opt/ros/jazzy /usr/bin/cmake --install /home/fintan/ME4857Assignment2-master/build/gazebo_worlds
[2.076s] DEBUG:colcon.colcon_core.event_handler.log_command:Invoked command in '/home/fintan/ME4857Assignment2-master/build/robot_model' returned '0': CMAKE_PREFIX_PATH=${CMAKE_PREFIX_PATH}:/opt/ros/jazzy /usr/bin/cmake --build /home/fintan/ME4857Assignment2-master/build/robot_model -- -j12 -l12
[2.080s] DEBUG:colcon.colcon_core.event_handler.log_command:Invoking command in '/home/fintan/ME4857Assignment2-master/build/robot_model': CMAKE_PREFIX_PATH=${CMAKE_PREFIX_PATH}:/opt/ros/jazzy /usr/bin/cmake --install /home/fintan/ME4857Assignment2-master/build/robot_model
[2.138s] Level 1:colcon.colcon_core.environment:create_environment_scripts_only(gazebo_worlds)
[2.163s] Level 1:colcon.colcon_core.environment:checking '/home/fintan/ME4857Assignment2-master/install/gazebo_worlds' for CMake module files
[2.170s] DEBUG:colcon.colcon_core.event_handler.log_command:Invoked command in '/home/fintan/ME4857Assignment2-master/build/gazebo_worlds' returned '0': CMAKE_PREFIX_PATH=${CMAKE_PREFIX_PATH}:/opt/ros/jazzy /usr/bin/cmake --install /home/fintan/ME4857Assignment2-master/build/gazebo_worlds
[2.176s] Level 1:colcon.colcon_core.environment:checking '/home/fintan/ME4857Assignment2-master/install/gazebo_worlds' for CMake config files
[2.178s] Level 1:colcon.colcon_core.shell:create_environment_hook('gazebo_worlds', 'cmake_prefix_path')
[2.179s] INFO:colcon.colcon_core.shell:Creating environment hook '/home/fintan/ME4857Assignment2-master/install/gazebo_worlds/share/gazebo_worlds/hook/cmake_prefix_path.ps1'
[2.181s] INFO:colcon.colcon_core.shell:Creating environment descriptor '/home/fintan/ME4857Assignment2-master/install/gazebo_worlds/share/gazebo_worlds/hook/cmake_prefix_path.dsv'
[2.183s] INFO:colcon.colcon_core.shell:Creating environment hook '/home/fintan/ME4857Assignment2-master/install/gazebo_worlds/share/gazebo_worlds/hook/cmake_prefix_path.sh'
[2.185s] Level 1:colcon.colcon_core.environment:checking '/home/fintan/ME4857Assignment2-master/install/gazebo_worlds/bin'
[2.185s] Level 1:colcon.colcon_core.environment:checking '/home/fintan/ME4857Assignment2-master/install/gazebo_worlds/lib/pkgconfig/gazebo_worlds.pc'
[2.186s] Level 1:colcon.colcon_core.environment:checking '/home/fintan/ME4857Assignment2-master/install/gazebo_worlds/lib/python3.12/site-packages'
[2.188s] Level 1:colcon.colcon_core.environment:checking '/home/fintan/ME4857Assignment2-master/install/gazebo_worlds/bin'
[2.190s] INFO:colcon.colcon_core.shell:Creating package script '/home/fintan/ME4857Assignment2-master/install/gazebo_worlds/share/gazebo_worlds/package.ps1'
[2.195s] INFO:colcon.colcon_core.shell:Creating package descriptor '/home/fintan/ME4857Assignment2-master/install/gazebo_worlds/share/gazebo_worlds/package.dsv'
[2.197s] INFO:colcon.colcon_core.shell:Creating package script '/home/fintan/ME4857Assignment2-master/install/gazebo_worlds/share/gazebo_worlds/package.sh'
[2.198s] INFO:colcon.colcon_core.shell:Creating package script '/home/fintan/ME4857Assignment2-master/install/gazebo_worlds/share/gazebo_worlds/package.bash'
[2.201s] INFO:colcon.colcon_core.shell:Creating package script '/home/fintan/ME4857Assignment2-master/install/gazebo_worlds/share/gazebo_worlds/package.zsh'
[2.202s] Level 1:colcon.colcon_core.environment:create_file_with_runtime_dependencies(/home/fintan/ME4857Assignment2-master/install/gazebo_worlds/share/colcon-core/packages/gazebo_worlds)
[2.204s] Level 1:colcon.colcon_core.environment:create_environment_scripts_only(gazebo_worlds)
[2.205s] Level 1:colcon.colcon_core.environment:checking '/home/fintan/ME4857Assignment2-master/install/gazebo_worlds' for CMake module files
[2.209s] Level 1:colcon.colcon_core.environment:checking '/home/fintan/ME4857Assignment2-master/install/gazebo_worlds' for CMake config files
[2.210s] Level 1:colcon.colcon_core.shell:create_environment_hook('gazebo_worlds', 'cmake_prefix_path')
[2.210s] INFO:colcon.colcon_core.shell:Creating environment hook '/home/fintan/ME4857Assignment2-master/install/gazebo_worlds/share/gazebo_worlds/hook/cmake_prefix_path.ps1'
[2.212s] INFO:colcon.colcon_core.shell:Creating environment descriptor '/home/fintan/ME4857Assignment2-master/install/gazebo_worlds/share/gazebo_worlds/hook/cmake_prefix_path.dsv'
[2.213s] INFO:colcon.colcon_core.shell:Creating environment hook '/home/fintan/ME4857Assignment2-master/install/gazebo_worlds/share/gazebo_worlds/hook/cmake_prefix_path.sh'
[2.215s] Level 1:colcon.colcon_core.environment:checking '/home/fintan/ME4857Assignment2-master/install/gazebo_worlds/bin'
[2.215s] Level 1:colcon.colcon_core.environment:checking '/home/fintan/ME4857Assignment2-master/install/gazebo_worlds/lib/pkgconfig/gazebo_worlds.pc'
[2.219s] Level 1:colcon.colcon_core.environment:checking '/home/fintan/ME4857Assignment2-master/install/gazebo_worlds/lib/python3.12/site-packages'
[2.221s] Level 1:colcon.colcon_core.environment:checking '/home/fintan/ME4857Assignment2-master/install/gazebo_worlds/bin'
[2.222s] INFO:colcon.colcon_core.shell:Creating package script '/home/fintan/ME4857Assignment2-master/install/gazebo_worlds/share/gazebo_worlds/package.ps1'
[2.228s] INFO:colcon.colcon_core.shell:Creating package descriptor '/home/fintan/ME4857Assignment2-master/install/gazebo_worlds/share/gazebo_worlds/package.dsv'
[2.231s] INFO:colcon.colcon_core.shell:Creating package script '/home/fintan/ME4857Assignment2-master/install/gazebo_worlds/share/gazebo_worlds/package.sh'
[2.234s] INFO:colcon.colcon_core.shell:Creating package script '/home/fintan/ME4857Assignment2-master/install/gazebo_worlds/share/gazebo_worlds/package.bash'
[2.235s] INFO:colcon.colcon_core.shell:Creating package script '/home/fintan/ME4857Assignment2-master/install/gazebo_worlds/share/gazebo_worlds/package.zsh'
[2.237s] Level 1:colcon.colcon_core.environment:create_file_with_runtime_dependencies(/home/fintan/ME4857Assignment2-master/install/gazebo_worlds/share/colcon-core/packages/gazebo_worlds)
[2.245s] Level 1:colcon.colcon_core.environment:create_environment_scripts_only(robot_model)
[2.245s] Level 1:colcon.colcon_core.environment:checking '/home/fintan/ME4857Assignment2-master/install/robot_model' for CMake module files
[2.247s] DEBUG:colcon.colcon_core.event_handler.log_command:Invoked command in '/home/fintan/ME4857Assignment2-master/build/robot_model' returned '0': CMAKE_PREFIX_PATH=${CMAKE_PREFIX_PATH}:/opt/ros/jazzy /usr/bin/cmake --install /home/fintan/ME4857Assignment2-master/build/robot_model
[2.249s] Level 1:colcon.colcon_core.environment:checking '/home/fintan/ME4857Assignment2-master/install/robot_model' for CMake config files
[2.249s] Level 1:colcon.colcon_core.shell:create_environment_hook('robot_model', 'cmake_prefix_path')
[2.250s] INFO:colcon.colcon_core.shell:Creating environment hook '/home/fintan/ME4857Assignment2-master/install/robot_model/share/robot_model/hook/cmake_prefix_path.ps1'
[2.251s] INFO:colcon.colcon_core.shell:Creating environment descriptor '/home/fintan/ME4857Assignment2-master/install/robot_model/share/robot_model/hook/cmake_prefix_path.dsv'
[2.252s] INFO:colcon.colcon_core.shell:Creating environment hook '/home/fintan/ME4857Assignment2-master/install/robot_model/share/robot_model/hook/cmake_prefix_path.sh'
[2.254s] Level 1:colcon.colcon_core.environment:checking '/home/fintan/ME4857Assignment2-master/install/robot_model/bin'
[2.254s] Level 1:colcon.colcon_core.environment:checking '/home/fintan/ME4857Assignment2-master/install/robot_model/lib/pkgconfig/robot_model.pc'
[2.255s] Level 1:colcon.colcon_core.environment:checking '/home/fintan/ME4857Assignment2-master/install/robot_model/lib/python3.12/site-packages'
[2.257s] Level 1:colcon.colcon_core.environment:checking '/home/fintan/ME4857Assignment2-master/install/robot_model/bin'
[2.258s] INFO:colcon.colcon_core.shell:Creating package script '/home/fintan/ME4857Assignment2-master/install/robot_model/share/robot_model/package.ps1'
[2.263s] INFO:colcon.colcon_core.shell:Creating package descriptor '/home/fintan/ME4857Assignment2-master/install/robot_model/share/robot_model/package.dsv'
[2.265s] INFO:colcon.colcon_core.shell:Creating package script '/home/fintan/ME4857Assignment2-master/install/robot_model/share/robot_model/package.sh'
[2.266s] INFO:colcon.colcon_core.shell:Creating package script '/home/fintan/ME4857Assignment2-master/install/robot_model/share/robot_model/package.bash'
[2.267s] INFO:colcon.colcon_core.shell:Creating package script '/home/fintan/ME4857Assignment2-master/install/robot_model/share/robot_model/package.zsh'
[2.268s] Level 1:colcon.colcon_core.environment:create_file_with_runtime_dependencies(/home/fintan/ME4857Assignment2-master/install/robot_model/share/colcon-core/packages/robot_model)
[2.271s] Level 1:colcon.colcon_core.environment:create_environment_scripts_only(robot_model)
[2.272s] Level 1:colcon.colcon_core.environment:checking '/home/fintan/ME4857Assignment2-master/install/robot_model' for CMake module files
[2.274s] Level 1:colcon.colcon_core.environment:checking '/home/fintan/ME4857Assignment2-master/install/robot_model' for CMake config files
[2.275s] Level 1:colcon.colcon_core.shell:create_environment_hook('robot_model', 'cmake_prefix_path')
[2.276s] INFO:colcon.colcon_core.shell:Creating environment hook '/home/fintan/ME4857Assignment2-master/install/robot_model/share/robot_model/hook/cmake_prefix_path.ps1'
[2.278s] INFO:colcon.colcon_core.shell:Creating environment descriptor '/home/fintan/ME4857Assignment2-master/install/robot_model/share/robot_model/hook/cmake_prefix_path.dsv'
[2.280s] INFO:colcon.colcon_core.shell:Creating environment hook '/home/fintan/ME4857Assignment2-master/install/robot_model/share/robot_model/hook/cmake_prefix_path.sh'
[2.282s] Level 1:colcon.colcon_core.environment:checking '/home/fintan/ME4857Assignment2-master/install/robot_model/bin'
[2.283s] Level 1:colcon.colcon_core.environment:checking '/home/fintan/ME4857Assignment2-master/install/robot_model/lib/pkgconfig/robot_model.pc'
[2.284s] Level 1:colcon.colcon_core.environment:checking '/home/fintan/ME4857Assignment2-master/install/robot_model/lib/python3.12/site-packages'
[2.285s] Level 1:colcon.colcon_core.environment:checking '/home/fintan/ME4857Assignment2-master/install/robot_model/bin'
[2.287s] INFO:colcon.colcon_core.shell:Creating package script '/home/fintan/ME4857Assignment2-master/install/robot_model/share/robot_model/package.ps1'
[2.290s] INFO:colcon.colcon_core.shell:Creating package descriptor '/home/fintan/ME4857Assignment2-master/install/robot_model/share/robot_model/package.dsv'
[2.293s] INFO:colcon.colcon_core.shell:Creating package script '/home/fintan/ME4857Assignment2-master/install/robot_model/share/robot_model/package.sh'
[2.297s] INFO:colcon.colcon_core.shell:Creating package script '/home/fintan/ME4857Assignment2-master/install/robot_model/share/robot_model/package.bash'
[2.298s] INFO:colcon.colcon_core.shell:Creating package script '/home/fintan/ME4857Assignment2-master/install/robot_model/share/robot_model/package.zsh'
[2.300s] Level 1:colcon.colcon_core.environment:create_file_with_runtime_dependencies(/home/fintan/ME4857Assignment2-master/install/robot_model/share/colcon-core/packages/robot_model)
[3.728s] DEBUG:colcon.colcon_core.event_handler.log_command:Invoked command in '/home/fintan/ME4857Assignment2-master/build/sr_interfaces' returned '0': CMAKE_PREFIX_PATH=${CMAKE_PREFIX_PATH}:/opt/ros/jazzy /usr/bin/cmake --build /home/fintan/ME4857Assignment2-master/build/sr_interfaces -- -j12 -l12
[3.730s] DEBUG:colcon.colcon_core.event_handler.log_command:Invoking command in '/home/fintan/ME4857Assignment2-master/build/sr_interfaces': CMAKE_PREFIX_PATH=${CMAKE_PREFIX_PATH}:/opt/ros/jazzy /usr/bin/cmake --install /home/fintan/ME4857Assignment2-master/build/sr_interfaces
[4.009s] Level 1:colcon.colcon_core.environment:create_environment_scripts_only(sr_interfaces)
[4.010s] Level 1:colcon.colcon_core.environment:checking '/home/fintan/ME4857Assignment2-master/install/sr_interfaces' for CMake module files
[4.016s] DEBUG:colcon.colcon_core.event_handler.log_command:Invoked command in '/home/fintan/ME4857Assignment2-master/build/sr_interfaces' returned '0': CMAKE_PREFIX_PATH=${CMAKE_PREFIX_PATH}:/opt/ros/jazzy /usr/bin/cmake --install /home/fintan/ME4857Assignment2-master/build/sr_interfaces
[4.020s] Level 1:colcon.colcon_core.environment:checking '/home/fintan/ME4857Assignment2-master/install/sr_interfaces' for CMake config files
[4.021s] Level 1:colcon.colcon_core.shell:create_environment_hook('sr_interfaces', 'cmake_prefix_path')
[4.022s] INFO:colcon.colcon_core.shell:Creating environment hook '/home/fintan/ME4857Assignment2-master/install/sr_interfaces/share/sr_interfaces/hook/cmake_prefix_path.ps1'
[4.023s] INFO:colcon.colcon_core.shell:Creating environment descriptor '/home/fintan/ME4857Assignment2-master/install/sr_interfaces/share/sr_interfaces/hook/cmake_prefix_path.dsv'
[4.025s] INFO:colcon.colcon_core.shell:Creating environment hook '/home/fintan/ME4857Assignment2-master/install/sr_interfaces/share/sr_interfaces/hook/cmake_prefix_path.sh'
[4.028s] Level 1:colcon.colcon_core.environment:checking '/home/fintan/ME4857Assignment2-master/install/sr_interfaces/lib'
[4.028s] Level 1:colcon.colcon_core.shell:create_environment_hook('sr_interfaces', 'ld_library_path_lib')
[4.029s] INFO:colcon.colcon_core.shell:Creating environment hook '/home/fintan/ME4857Assignment2-master/install/sr_interfaces/share/sr_interfaces/hook/ld_library_path_lib.ps1'
[4.031s] INFO:colcon.colcon_core.shell:Creating environment descriptor '/home/fintan/ME4857Assignment2-master/install/sr_interfaces/share/sr_interfaces/hook/ld_library_path_lib.dsv'
[4.034s] INFO:colcon.colcon_core.shell:Creating environment hook '/home/fintan/ME4857Assignment2-master/install/sr_interfaces/share/sr_interfaces/hook/ld_library_path_lib.sh'
[4.036s] Level 1:colcon.colcon_core.environment:checking '/home/fintan/ME4857Assignment2-master/install/sr_interfaces/bin'
[4.036s] Level 1:colcon.colcon_core.environment:checking '/home/fintan/ME4857Assignment2-master/install/sr_interfaces/lib/pkgconfig/sr_interfaces.pc'
[4.037s] Level 1:colcon.colcon_core.environment:checking '/home/fintan/ME4857Assignment2-master/install/sr_interfaces/lib/python3.12/site-packages'
[4.038s] Level 1:colcon.colcon_core.shell:create_environment_hook('sr_interfaces', 'pythonpath')
[4.039s] INFO:colcon.colcon_core.shell:Creating environment hook '/home/fintan/ME4857Assignment2-master/install/sr_interfaces/share/sr_interfaces/hook/pythonpath.ps1'
[4.040s] INFO:colcon.colcon_core.shell:Creating environment descriptor '/home/fintan/ME4857Assignment2-master/install/sr_interfaces/share/sr_interfaces/hook/pythonpath.dsv'
[4.042s] INFO:colcon.colcon_core.shell:Creating environment hook '/home/fintan/ME4857Assignment2-master/install/sr_interfaces/share/sr_interfaces/hook/pythonpath.sh'
[4.045s] Level 1:colcon.colcon_core.environment:checking '/home/fintan/ME4857Assignment2-master/install/sr_interfaces/bin'
[4.046s] INFO:colcon.colcon_core.shell:Creating package script '/home/fintan/ME4857Assignment2-master/install/sr_interfaces/share/sr_interfaces/package.ps1'
[4.049s] INFO:colcon.colcon_core.shell:Creating package descriptor '/home/fintan/ME4857Assignment2-master/install/sr_interfaces/share/sr_interfaces/package.dsv'
[4.052s] INFO:colcon.colcon_core.shell:Creating package script '/home/fintan/ME4857Assignment2-master/install/sr_interfaces/share/sr_interfaces/package.sh'
[4.054s] INFO:colcon.colcon_core.shell:Creating package script '/home/fintan/ME4857Assignment2-master/install/sr_interfaces/share/sr_interfaces/package.bash'
[4.055s] INFO:colcon.colcon_core.shell:Creating package script '/home/fintan/ME4857Assignment2-master/install/sr_interfaces/share/sr_interfaces/package.zsh'
[4.056s] Level 1:colcon.colcon_core.environment:create_file_with_runtime_dependencies(/home/fintan/ME4857Assignment2-master/install/sr_interfaces/share/colcon-core/packages/sr_interfaces)
[4.058s] Level 1:colcon.colcon_core.environment:create_environment_scripts_only(sr_interfaces)
[4.058s] Level 1:colcon.colcon_core.environment:checking '/home/fintan/ME4857Assignment2-master/install/sr_interfaces' for CMake module files
[4.060s] Level 1:colcon.colcon_core.environment:checking '/home/fintan/ME4857Assignment2-master/install/sr_interfaces' for CMake config files
[4.062s] Level 1:colcon.colcon_core.shell:create_environment_hook('sr_interfaces', 'cmake_prefix_path')
[4.062s] INFO:colcon.colcon_core.shell:Creating environment hook '/home/fintan/ME4857Assignment2-master/install/sr_interfaces/share/sr_interfaces/hook/cmake_prefix_path.ps1'
[4.065s] INFO:colcon.colcon_core.shell:Creating environment descriptor '/home/fintan/ME4857Assignment2-master/install/sr_interfaces/share/sr_interfaces/hook/cmake_prefix_path.dsv'
[4.066s] INFO:colcon.colcon_core.shell:Creating environment hook '/home/fintan/ME4857Assignment2-master/install/sr_interfaces/share/sr_interfaces/hook/cmake_prefix_path.sh'
[4.068s] Level 1:colcon.colcon_core.environment:checking '/home/fintan/ME4857Assignment2-master/install/sr_interfaces/lib'
[4.068s] Level 1:colcon.colcon_core.shell:create_environment_hook('sr_interfaces', 'ld_library_path_lib')
[4.068s] INFO:colcon.colcon_core.shell:Creating environment hook '/home/fintan/ME4857Assignment2-master/install/sr_interfaces/share/sr_interfaces/hook/ld_library_path_lib.ps1'
[4.070s] INFO:colcon.colcon_core.shell:Creating environment descriptor '/home/fintan/ME4857Assignment2-master/install/sr_interfaces/share/sr_interfaces/hook/ld_library_path_lib.dsv'
[4.072s] INFO:colcon.colcon_core.shell:Creating environment hook '/home/fintan/ME4857Assignment2-master/install/sr_interfaces/share/sr_interfaces/hook/ld_library_path_lib.sh'
[4.074s] Level 1:colcon.colcon_core.environment:checking '/home/fintan/ME4857Assignment2-master/install/sr_interfaces/bin'
[4.074s] Level 1:colcon.colcon_core.environment:checking '/home/fintan/ME4857Assignment2-master/install/sr_interfaces/lib/pkgconfig/sr_interfaces.pc'
[4.075s] Level 1:colcon.colcon_core.environment:checking '/home/fintan/ME4857Assignment2-master/install/sr_interfaces/lib/python3.12/site-packages'
[4.076s] Level 1:colcon.colcon_core.shell:create_environment_hook('sr_interfaces', 'pythonpath')
[4.081s] INFO:colcon.colcon_core.shell:Creating environment hook '/home/fintan/ME4857Assignment2-master/install/sr_interfaces/share/sr_interfaces/hook/pythonpath.ps1'
[4.083s] INFO:colcon.colcon_core.shell:Creating environment descriptor '/home/fintan/ME4857Assignment2-master/install/sr_interfaces/share/sr_interfaces/hook/pythonpath.dsv'
[4.086s] INFO:colcon.colcon_core.shell:Creating environment hook '/home/fintan/ME4857Assignment2-master/install/sr_interfaces/share/sr_interfaces/hook/pythonpath.sh'
[4.089s] Level 1:colcon.colcon_core.environment:checking '/home/fintan/ME4857Assignment2-master/install/sr_interfaces/bin'
[4.089s] INFO:colcon.colcon_core.shell:Creating package script '/home/fintan/ME4857Assignment2-master/install/sr_interfaces/share/sr_interfaces/package.ps1'
[4.091s] INFO:colcon.colcon_core.shell:Creating package descriptor '/home/fintan/ME4857Assignment2-master/install/sr_interfaces/share/sr_interfaces/package.dsv'
[4.093s] INFO:colcon.colcon_core.shell:Creating package script '/home/fintan/ME4857Assignment2-master/install/sr_interfaces/share/sr_interfaces/package.sh'
[4.098s] INFO:colcon.colcon_core.shell:Creating package script '/home/fintan/ME4857Assignment2-master/install/sr_interfaces/share/sr_interfaces/package.bash'
[4.100s] INFO:colcon.colcon_core.shell:Creating package script '/home/fintan/ME4857Assignment2-master/install/sr_interfaces/share/sr_interfaces/package.zsh'
[4.101s] Level 1:colcon.colcon_core.environment:create_file_with_runtime_dependencies(/home/fintan/ME4857Assignment2-master/install/sr_interfaces/share/colcon-core/packages/sr_interfaces)
[4.102s] INFO:colcon.colcon_ros.task.ament_cmake.build:Building ROS package in '/home/fintan/ME4857Assignment2-master/src/bt' with build type 'ament_cmake'
[4.103s] INFO:colcon.colcon_cmake.task.cmake.build:Building CMake package in '/home/fintan/ME4857Assignment2-master/src/bt'
[4.109s] INFO:colcon.colcon_core.shell:Skip shell extension 'powershell' for command environment: Not usable outside of PowerShell
[4.109s] DEBUG:colcon.colcon_core.shell:Skip shell extension 'dsv' for command environment
[5.157s] DEBUG:colcon.colcon_core.event_handler.log_command:Invoking command in '/home/fintan/ME4857Assignment2-master/build/bt': AMENT_PREFIX_PATH=/home/fintan/ME4857Assignment2-master/install/sr_interfaces:${AMENT_PREFIX_PATH} CMAKE_PREFIX_PATH=/home/fintan/ME4857Assignment2-master/install/sr_interfaces:/opt/ros/jazzy/opt/gz_sim_vendor:/opt/ros/jazzy/opt/gz_sensors_vendor:/opt/ros/jazzy/opt/gz_physics_vendor:/opt/ros/jazzy/opt/sdformat_vendor:/opt/ros/jazzy/opt/gz_gui_vendor:/opt/ros/jazzy/opt/gz_transport_vendor:/opt/ros/jazzy/opt/gz_rendering_vendor:/opt/ros/jazzy/opt/gz_plugin_vendor:/opt/ros/jazzy/opt/gz_fuel_tools_vendor:/opt/ros/jazzy/opt/gz_msgs_vendor:/opt/ros/jazzy/opt/gz_common_vendor:/opt/ros/jazzy/opt/gz_math_vendor:/opt/ros/jazzy/opt/gz_utils_vendor:/opt/ros/jazzy/opt/gz_tools_vendor:/opt/ros/jazzy/opt/gz_ogre_next_vendor:/opt/ros/jazzy/opt/gz_dartsim_vendor:/opt/ros/jazzy/opt/gz_cmake_vendor:/opt/ros/jazzy LD_LIBRARY_PATH=/home/fintan/ME4857Assignment2-master/install/sr_interfaces/lib:${LD_LIBRARY_PATH} PYTHONPATH=/home/fintan/ME4857Assignment2-master/install/sr_interfaces/lib/python3.12/site-packages:${PYTHONPATH} /usr/bin/cmake --build /home/fintan/ME4857Assignment2-master/build/bt -- -j12 -l12
[7.415s] DEBUG:colcon.colcon_core.event_handler.log_command:Invoked command in '/home/fintan/ME4857Assignment2-master/build/bt' returned '0': AMENT_PREFIX_PATH=/home/fintan/ME4857Assignment2-master/install/sr_interfaces:${AMENT_PREFIX_PATH} CMAKE_PREFIX_PATH=/home/fintan/ME4857Assignment2-master/install/sr_interfaces:/opt/ros/jazzy/opt/gz_sim_vendor:/opt/ros/jazzy/opt/gz_sensors_vendor:/opt/ros/jazzy/opt/gz_physics_vendor:/opt/ros/jazzy/opt/sdformat_vendor:/opt/ros/jazzy/opt/gz_gui_vendor:/opt/ros/jazzy/opt/gz_transport_vendor:/opt/ros/jazzy/opt/gz_rendering_vendor:/opt/ros/jazzy/opt/gz_plugin_vendor:/opt/ros/jazzy/opt/gz_fuel_tools_vendor:/opt/ros/jazzy/opt/gz_msgs_vendor:/opt/ros/jazzy/opt/gz_common_vendor:/opt/ros/jazzy/opt/gz_math_vendor:/opt/ros/jazzy/opt/gz_utils_vendor:/opt/ros/jazzy/opt/gz_tools_vendor:/opt/ros/jazzy/opt/gz_ogre_next_vendor:/opt/ros/jazzy/opt/gz_dartsim_vendor:/opt/ros/jazzy/opt/gz_cmake_vendor:/opt/ros/jazzy LD_LIBRARY_PATH=/home/fintan/ME4857Assignment2-master/install/sr_interfaces/lib:${LD_LIBRARY_PATH} PYTHONPATH=/home/fintan/ME4857Assignment2-master/install/sr_interfaces/lib/python3.12/site-packages:${PYTHONPATH} /usr/bin/cmake --build /home/fintan/ME4857Assignment2-master/build/bt -- -j12 -l12
[7.418s] DEBUG:colcon.colcon_core.event_handler.log_command:Invoking command in '/home/fintan/ME4857Assignment2-master/build/bt': AMENT_PREFIX_PATH=/home/fintan/ME4857Assignment2-master/install/sr_interfaces:${AMENT_PREFIX_PATH} CMAKE_PREFIX_PATH=/home/fintan/ME4857Assignment2-master/install/sr_interfaces:/opt/ros/jazzy/opt/gz_sim_vendor:/opt/ros/jazzy/opt/gz_sensors_vendor:/opt/ros/jazzy/opt/gz_physics_vendor:/opt/ros/jazzy/opt/sdformat_vendor:/opt/ros/jazzy/opt/gz_gui_vendor:/opt/ros/jazzy/opt/gz_transport_vendor:/opt/ros/jazzy/opt/gz_rendering_vendor:/opt/ros/jazzy/opt/gz_plugin_vendor:/opt/ros/jazzy/opt/gz_fuel_tools_vendor:/opt/ros/jazzy/opt/gz_msgs_vendor:/opt/ros/jazzy/opt/gz_common_vendor:/opt/ros/jazzy/opt/gz_math_vendor:/opt/ros/jazzy/opt/gz_utils_vendor:/opt/ros/jazzy/opt/gz_tools_vendor:/opt/ros/jazzy/opt/gz_ogre_next_vendor:/opt/ros/jazzy/opt/gz_dartsim_vendor:/opt/ros/jazzy/opt/gz_cmake_vendor:/opt/ros/jazzy LD_LIBRARY_PATH=/home/fintan/ME4857Assignment2-master/install/sr_interfaces/lib:${LD_LIBRARY_PATH} PYTHONPATH=/home/fintan/ME4857Assignment2-master/install/sr_interfaces/lib/python3.12/site-packages:${PYTHONPATH} /usr/bin/cmake --install /home/fintan/ME4857Assignment2-master/build/bt
[7.710s] Level 1:colcon.colcon_core.environment:create_environment_scripts_only(bt)
[7.711s] Level 1:colcon.colcon_core.environment:checking '/home/fintan/ME4857Assignment2-master/install/bt' for CMake module files
[7.716s] DEBUG:colcon.colcon_core.event_handler.log_command:Invoked command in '/home/fintan/ME4857Assignment2-master/build/bt' returned '0': AMENT_PREFIX_PATH=/home/fintan/ME4857Assignment2-master/install/sr_interfaces:${AMENT_PREFIX_PATH} CMAKE_PREFIX_PATH=/home/fintan/ME4857Assignment2-master/install/sr_interfaces:/opt/ros/jazzy/opt/gz_sim_vendor:/opt/ros/jazzy/opt/gz_sensors_vendor:/opt/ros/jazzy/opt/gz_physics_vendor:/opt/ros/jazzy/opt/sdformat_vendor:/opt/ros/jazzy/opt/gz_gui_vendor:/opt/ros/jazzy/opt/gz_transport_vendor:/opt/ros/jazzy/opt/gz_rendering_vendor:/opt/ros/jazzy/opt/gz_plugin_vendor:/opt/ros/jazzy/opt/gz_fuel_tools_vendor:/opt/ros/jazzy/opt/gz_msgs_vendor:/opt/ros/jazzy/opt/gz_common_vendor:/opt/ros/jazzy/opt/gz_math_vendor:/opt/ros/jazzy/opt/gz_utils_vendor:/opt/ros/jazzy/opt/gz_tools_vendor:/opt/ros/jazzy/opt/gz_ogre_next_vendor:/opt/ros/jazzy/opt/gz_dartsim_vendor:/opt/ros/jazzy/opt/gz_cmake_vendor:/opt/ros/jazzy LD_LIBRARY_PATH=/home/fintan/ME4857Assignment2-master/install/sr_interfaces/lib:${LD_LIBRARY_PATH} PYTHONPATH=/home/fintan/ME4857Assignment2-master/install/sr_interfaces/lib/python3.12/site-packages:${PYTHONPATH} /usr/bin/cmake --install /home/fintan/ME4857Assignment2-master/build/bt
[7.717s] Level 1:colcon.colcon_core.environment:checking '/home/fintan/ME4857Assignment2-master/install/bt' for CMake config files
[7.718s] Level 1:colcon.colcon_core.shell:create_environment_hook('bt', 'cmake_prefix_path')
[7.719s] INFO:colcon.colcon_core.shell:Creating environment hook '/home/fintan/ME4857Assignment2-master/install/bt/share/bt/hook/cmake_prefix_path.ps1'
[7.723s] INFO:colcon.colcon_core.shell:Creating environment descriptor '/home/fintan/ME4857Assignment2-master/install/bt/share/bt/hook/cmake_prefix_path.dsv'
[7.724s] INFO:colcon.colcon_core.shell:Creating environment hook '/home/fintan/ME4857Assignment2-master/install/bt/share/bt/hook/cmake_prefix_path.sh'
[7.726s] Level 1:colcon.colcon_core.environment:checking '/home/fintan/ME4857Assignment2-master/install/bt/lib'
[7.727s] Level 1:colcon.colcon_core.environment:checking '/home/fintan/ME4857Assignment2-master/install/bt/bin'
[7.727s] Level 1:colcon.colcon_core.environment:checking '/home/fintan/ME4857Assignment2-master/install/bt/lib/pkgconfig/bt.pc'
[7.728s] Level 1:colcon.colcon_core.environment:checking '/home/fintan/ME4857Assignment2-master/install/bt/lib/python3.12/site-packages'
[7.728s] Level 1:colcon.colcon_core.shell:create_environment_hook('bt', 'pythonpath')
[7.729s] INFO:colcon.colcon_core.shell:Creating environment hook '/home/fintan/ME4857Assignment2-master/install/bt/share/bt/hook/pythonpath.ps1'
[7.730s] INFO:colcon.colcon_core.shell:Creating environment descriptor '/home/fintan/ME4857Assignment2-master/install/bt/share/bt/hook/pythonpath.dsv'
[7.731s] INFO:colcon.colcon_core.shell:Creating environment hook '/home/fintan/ME4857Assignment2-master/install/bt/share/bt/hook/pythonpath.sh'
[7.733s] Level 1:colcon.colcon_core.environment:checking '/home/fintan/ME4857Assignment2-master/install/bt/bin'
[7.734s] INFO:colcon.colcon_core.shell:Creating package script '/home/fintan/ME4857Assignment2-master/install/bt/share/bt/package.ps1'
[7.735s] INFO:colcon.colcon_core.shell:Creating package descriptor '/home/fintan/ME4857Assignment2-master/install/bt/share/bt/package.dsv'
[7.745s] INFO:colcon.colcon_core.shell:Creating package script '/home/fintan/ME4857Assignment2-master/install/bt/share/bt/package.sh'
[7.749s] INFO:colcon.colcon_core.shell:Creating package script '/home/fintan/ME4857Assignment2-master/install/bt/share/bt/package.bash'
[7.750s] INFO:colcon.colcon_core.shell:Creating package script '/home/fintan/ME4857Assignment2-master/install/bt/share/bt/package.zsh'
[7.751s] Level 1:colcon.colcon_core.environment:create_file_with_runtime_dependencies(/home/fintan/ME4857Assignment2-master/install/bt/share/colcon-core/packages/bt)
[7.752s] Level 1:colcon.colcon_core.environment:create_environment_scripts_only(bt)
[7.753s] Level 1:colcon.colcon_core.environment:checking '/home/fintan/ME4857Assignment2-master/install/bt' for CMake module files
[7.756s] Level 1:colcon.colcon_core.environment:checking '/home/fintan/ME4857Assignment2-master/install/bt' for CMake config files
[7.758s] Level 1:colcon.colcon_core.shell:create_environment_hook('bt', 'cmake_prefix_path')
[7.759s] INFO:colcon.colcon_core.shell:Creating environment hook '/home/fintan/ME4857Assignment2-master/install/bt/share/bt/hook/cmake_prefix_path.ps1'
[7.761s] INFO:colcon.colcon_core.shell:Creating environment descriptor '/home/fintan/ME4857Assignment2-master/install/bt/share/bt/hook/cmake_prefix_path.dsv'
[7.763s] INFO:colcon.colcon_core.shell:Creating environment hook '/home/fintan/ME4857Assignment2-master/install/bt/share/bt/hook/cmake_prefix_path.sh'
[7.765s] Level 1:colcon.colcon_core.environment:checking '/home/fintan/ME4857Assignment2-master/install/bt/lib'
[7.766s] Level 1:colcon.colcon_core.environment:checking '/home/fintan/ME4857Assignment2-master/install/bt/bin'
[7.766s] Level 1:colcon.colcon_core.environment:checking '/home/fintan/ME4857Assignment2-master/install/bt/lib/pkgconfig/bt.pc'
[7.767s] Level 1:colcon.colcon_core.environment:checking '/home/fintan/ME4857Assignment2-master/install/bt/lib/python3.12/site-packages'
[7.767s] Level 1:colcon.colcon_core.shell:create_environment_hook('bt', 'pythonpath')
[7.768s] INFO:colcon.colcon_core.shell:Creating environment hook '/home/fintan/ME4857Assignment2-master/install/bt/share/bt/hook/pythonpath.ps1'
[7.769s] INFO:colcon.colcon_core.shell:Creating environment descriptor '/home/fintan/ME4857Assignment2-master/install/bt/share/bt/hook/pythonpath.dsv'
[7.771s] INFO:colcon.colcon_core.shell:Creating environment hook '/home/fintan/ME4857Assignment2-master/install/bt/share/bt/hook/pythonpath.sh'
[7.776s] Level 1:colcon.colcon_core.environment:checking '/home/fintan/ME4857Assignment2-master/install/bt/bin'
[7.778s] INFO:colcon.colcon_core.shell:Creating package script '/home/fintan/ME4857Assignment2-master/install/bt/share/bt/package.ps1'
[7.784s] INFO:colcon.colcon_core.shell:Creating package descriptor '/home/fintan/ME4857Assignment2-master/install/bt/share/bt/package.dsv'
[7.786s] INFO:colcon.colcon_core.shell:Creating package script '/home/fintan/ME4857Assignment2-master/install/bt/share/bt/package.sh'
[7.788s] INFO:colcon.colcon_core.shell:Creating package script '/home/fintan/ME4857Assignment2-master/install/bt/share/bt/package.bash'
[7.791s] INFO:colcon.colcon_core.shell:Creating package script '/home/fintan/ME4857Assignment2-master/install/bt/share/bt/package.zsh'
[7.794s] Level 1:colcon.colcon_core.environment:create_file_with_runtime_dependencies(/home/fintan/ME4857Assignment2-master/install/bt/share/colcon-core/packages/bt)
[7.797s] INFO:colcon.colcon_ros.task.ament_cmake.build:Building ROS package in '/home/fintan/ME4857Assignment2-master/src/start_up' with build type 'ament_cmake'
[7.797s] INFO:colcon.colcon_cmake.task.cmake.build:Building CMake package in '/home/fintan/ME4857Assignment2-master/src/start_up'
[7.797s] INFO:colcon.colcon_core.shell:Skip shell extension 'powershell' for command environment: Not usable outside of PowerShell
[7.797s] DEBUG:colcon.colcon_core.shell:Skip shell extension 'dsv' for command environment
[9.839s] DEBUG:colcon.colcon_core.event_handler.log_command:Invoking command in '/home/fintan/ME4857Assignment2-master/build/start_up': AMENT_PREFIX_PATH=/home/fintan/ME4857Assignment2-master/install/bt:/home/fintan/ME4857Assignment2-master/install/sr_interfaces:/home/fintan/ME4857Assignment2-master/install/robot_model:${AMENT_PREFIX_PATH} CMAKE_PREFIX_PATH=/home/fintan/ME4857Assignment2-master/install/bt:/home/fintan/ME4857Assignment2-master/install/sr_interfaces:/home/fintan/ME4857Assignment2-master/install/robot_model:/opt/ros/jazzy/opt/gz_sim_vendor:/opt/ros/jazzy/opt/gz_sensors_vendor:/opt/ros/jazzy/opt/gz_physics_vendor:/opt/ros/jazzy/opt/sdformat_vendor:/opt/ros/jazzy/opt/gz_gui_vendor:/opt/ros/jazzy/opt/gz_transport_vendor:/opt/ros/jazzy/opt/gz_rendering_vendor:/opt/ros/jazzy/opt/gz_plugin_vendor:/opt/ros/jazzy/opt/gz_fuel_tools_vendor:/opt/ros/jazzy/opt/gz_msgs_vendor:/opt/ros/jazzy/opt/gz_common_vendor:/opt/ros/jazzy/opt/gz_math_vendor:/opt/ros/jazzy/opt/gz_utils_vendor:/opt/ros/jazzy/opt/gz_tools_vendor:/opt/ros/jazzy/opt/gz_ogre_next_vendor:/opt/ros/jazzy/opt/gz_dartsim_vendor:/opt/ros/jazzy/opt/gz_cmake_vendor:/opt/ros/jazzy LD_LIBRARY_PATH=/home/fintan/ME4857Assignment2-master/install/sr_interfaces/lib:${LD_LIBRARY_PATH} PYTHONPATH=/home/fintan/ME4857Assignment2-master/install/bt/lib/python3.12/site-packages:/home/fintan/ME4857Assignment2-master/install/sr_interfaces/lib/python3.12/site-packages:${PYTHONPATH} /usr/bin/cmake --build /home/fintan/ME4857Assignment2-master/build/start_up -- -j12 -l12
[10.093s] DEBUG:colcon.colcon_core.event_handler.log_command:Invoked command in '/home/fintan/ME4857Assignment2-master/build/start_up' returned '0': AMENT_PREFIX_PATH=/home/fintan/ME4857Assignment2-master/install/bt:/home/fintan/ME4857Assignment2-master/install/sr_interfaces:/home/fintan/ME4857Assignment2-master/install/robot_model:${AMENT_PREFIX_PATH} CMAKE_PREFIX_PATH=/home/fintan/ME4857Assignment2-master/install/bt:/home/fintan/ME4857Assignment2-master/install/sr_interfaces:/home/fintan/ME4857Assignment2-master/install/robot_model:/opt/ros/jazzy/opt/gz_sim_vendor:/opt/ros/jazzy/opt/gz_sensors_vendor:/opt/ros/jazzy/opt/gz_physics_vendor:/opt/ros/jazzy/opt/sdformat_vendor:/opt/ros/jazzy/opt/gz_gui_vendor:/opt/ros/jazzy/opt/gz_transport_vendor:/opt/ros/jazzy/opt/gz_rendering_vendor:/opt/ros/jazzy/opt/gz_plugin_vendor:/opt/ros/jazzy/opt/gz_fuel_tools_vendor:/opt/ros/jazzy/opt/gz_msgs_vendor:/opt/ros/jazzy/opt/gz_common_vendor:/opt/ros/jazzy/opt/gz_math_vendor:/opt/ros/jazzy/opt/gz_utils_vendor:/opt/ros/jazzy/opt/gz_tools_vendor:/opt/ros/jazzy/opt/gz_ogre_next_vendor:/opt/ros/jazzy/opt/gz_dartsim_vendor:/opt/ros/jazzy/opt/gz_cmake_vendor:/opt/ros/jazzy LD_LIBRARY_PATH=/home/fintan/ME4857Assignment2-master/install/sr_interfaces/lib:${LD_LIBRARY_PATH} PYTHONPATH=/home/fintan/ME4857Assignment2-master/install/bt/lib/python3.12/site-packages:/home/fintan/ME4857Assignment2-master/install/sr_interfaces/lib/python3.12/site-packages:${PYTHONPATH} /usr/bin/cmake --build /home/fintan/ME4857Assignment2-master/build/start_up -- -j12 -l12
[10.100s] DEBUG:colcon.colcon_core.event_handler.log_command:Invoking command in '/home/fintan/ME4857Assignment2-master/build/start_up': AMENT_PREFIX_PATH=/home/fintan/ME4857Assignment2-master/install/bt:/home/fintan/ME4857Assignment2-master/install/sr_interfaces:/home/fintan/ME4857Assignment2-master/install/robot_model:${AMENT_PREFIX_PATH} CMAKE_PREFIX_PATH=/home/fintan/ME4857Assignment2-master/install/bt:/home/fintan/ME4857Assignment2-master/install/sr_interfaces:/home/fintan/ME4857Assignment2-master/install/robot_model:/opt/ros/jazzy/opt/gz_sim_vendor:/opt/ros/jazzy/opt/gz_sensors_vendor:/opt/ros/jazzy/opt/gz_physics_vendor:/opt/ros/jazzy/opt/sdformat_vendor:/opt/ros/jazzy/opt/gz_gui_vendor:/opt/ros/jazzy/opt/gz_transport_vendor:/opt/ros/jazzy/opt/gz_rendering_vendor:/opt/ros/jazzy/opt/gz_plugin_vendor:/opt/ros/jazzy/opt/gz_fuel_tools_vendor:/opt/ros/jazzy/opt/gz_msgs_vendor:/opt/ros/jazzy/opt/gz_common_vendor:/opt/ros/jazzy/opt/gz_math_vendor:/opt/ros/jazzy/opt/gz_utils_vendor:/opt/ros/jazzy/opt/gz_tools_vendor:/opt/ros/jazzy/opt/gz_ogre_next_vendor:/opt/ros/jazzy/opt/gz_dartsim_vendor:/opt/ros/jazzy/opt/gz_cmake_vendor:/opt/ros/jazzy LD_LIBRARY_PATH=/home/fintan/ME4857Assignment2-master/install/sr_interfaces/lib:${LD_LIBRARY_PATH} PYTHONPATH=/home/fintan/ME4857Assignment2-master/install/bt/lib/python3.12/site-packages:/home/fintan/ME4857Assignment2-master/install/sr_interfaces/lib/python3.12/site-packages:${PYTHONPATH} /usr/bin/cmake --install /home/fintan/ME4857Assignment2-master/build/start_up
[10.177s] Level 1:colcon.colcon_core.environment:create_environment_scripts_only(start_up)
[10.178s] Level 1:colcon.colcon_core.environment:checking '/home/fintan/ME4857Assignment2-master/install/start_up' for CMake module files
[10.180s] Level 1:colcon.colcon_core.environment:checking '/home/fintan/ME4857Assignment2-master/install/start_up' for CMake config files
[10.182s] DEBUG:colcon.colcon_core.event_handler.log_command:Invoked command in '/home/fintan/ME4857Assignment2-master/build/start_up' returned '0': AMENT_PREFIX_PATH=/home/fintan/ME4857Assignment2-master/install/bt:/home/fintan/ME4857Assignment2-master/install/sr_interfaces:/home/fintan/ME4857Assignment2-master/install/robot_model:${AMENT_PREFIX_PATH} CMAKE_PREFIX_PATH=/home/fintan/ME4857Assignment2-master/install/bt:/home/fintan/ME4857Assignment2-master/install/sr_interfaces:/home/fintan/ME4857Assignment2-master/install/robot_model:/opt/ros/jazzy/opt/gz_sim_vendor:/opt/ros/jazzy/opt/gz_sensors_vendor:/opt/ros/jazzy/opt/gz_physics_vendor:/opt/ros/jazzy/opt/sdformat_vendor:/opt/ros/jazzy/opt/gz_gui_vendor:/opt/ros/jazzy/opt/gz_transport_vendor:/opt/ros/jazzy/opt/gz_rendering_vendor:/opt/ros/jazzy/opt/gz_plugin_vendor:/opt/ros/jazzy/opt/gz_fuel_tools_vendor:/opt/ros/jazzy/opt/gz_msgs_vendor:/opt/ros/jazzy/opt/gz_common_vendor:/opt/ros/jazzy/opt/gz_math_vendor:/opt/ros/jazzy/opt/gz_utils_vendor:/opt/ros/jazzy/opt/gz_tools_vendor:/opt/ros/jazzy/opt/gz_ogre_next_vendor:/opt/ros/jazzy/opt/gz_dartsim_vendor:/opt/ros/jazzy/opt/gz_cmake_vendor:/opt/ros/jazzy LD_LIBRARY_PATH=/home/fintan/ME4857Assignment2-master/install/sr_interfaces/lib:${LD_LIBRARY_PATH} PYTHONPATH=/home/fintan/ME4857Assignment2-master/install/bt/lib/python3.12/site-packages:/home/fintan/ME4857Assignment2-master/install/sr_interfaces/lib/python3.12/site-packages:${PYTHONPATH} /usr/bin/cmake --install /home/fintan/ME4857Assignment2-master/build/start_up
[10.182s] Level 1:colcon.colcon_core.shell:create_environment_hook('start_up', 'cmake_prefix_path')
[10.183s] INFO:colcon.colcon_core.shell:Creating environment hook '/home/fintan/ME4857Assignment2-master/install/start_up/share/start_up/hook/cmake_prefix_path.ps1'
[10.194s] INFO:colcon.colcon_core.shell:Creating environment descriptor '/home/fintan/ME4857Assignment2-master/install/start_up/share/start_up/hook/cmake_prefix_path.dsv'
[10.197s] INFO:colcon.colcon_core.shell:Creating environment hook '/home/fintan/ME4857Assignment2-master/install/start_up/share/start_up/hook/cmake_prefix_path.sh'
[10.201s] Level 1:colcon.colcon_core.environment:checking '/home/fintan/ME4857Assignment2-master/install/start_up/bin'
[10.201s] Level 1:colcon.colcon_core.environment:checking '/home/fintan/ME4857Assignment2-master/install/start_up/lib/pkgconfig/start_up.pc'
[10.202s] Level 1:colcon.colcon_core.environment:checking '/home/fintan/ME4857Assignment2-master/install/start_up/lib/python3.12/site-packages'
[10.203s] Level 1:colcon.colcon_core.environment:checking '/home/fintan/ME4857Assignment2-master/install/start_up/bin'
[10.205s] INFO:colcon.colcon_core.shell:Creating package script '/home/fintan/ME4857Assignment2-master/install/start_up/share/start_up/package.ps1'
[10.210s] INFO:colcon.colcon_core.shell:Creating package descriptor '/home/fintan/ME4857Assignment2-master/install/start_up/share/start_up/package.dsv'
[10.211s] INFO:colcon.colcon_core.shell:Creating package script '/home/fintan/ME4857Assignment2-master/install/start_up/share/start_up/package.sh'
[10.214s] INFO:colcon.colcon_core.shell:Creating package script '/home/fintan/ME4857Assignment2-master/install/start_up/share/start_up/package.bash'
[10.215s] INFO:colcon.colcon_core.shell:Creating package script '/home/fintan/ME4857Assignment2-master/install/start_up/share/start_up/package.zsh'
[10.217s] Level 1:colcon.colcon_core.environment:create_file_with_runtime_dependencies(/home/fintan/ME4857Assignment2-master/install/start_up/share/colcon-core/packages/start_up)
[10.219s] Level 1:colcon.colcon_core.environment:create_environment_scripts_only(start_up)
[10.220s] Level 1:colcon.colcon_core.environment:checking '/home/fintan/ME4857Assignment2-master/install/start_up' for CMake module files
[10.221s] Level 1:colcon.colcon_core.environment:checking '/home/fintan/ME4857Assignment2-master/install/start_up' for CMake config files
[10.223s] Level 1:colcon.colcon_core.shell:create_environment_hook('start_up', 'cmake_prefix_path')
[10.224s] INFO:colcon.colcon_core.shell:Creating environment hook '/home/fintan/ME4857Assignment2-master/install/start_up/share/start_up/hook/cmake_prefix_path.ps1'
[10.228s] INFO:colcon.colcon_core.shell:Creating environment descriptor '/home/fintan/ME4857Assignment2-master/install/start_up/share/start_up/hook/cmake_prefix_path.dsv'
[10.229s] INFO:colcon.colcon_core.shell:Creating environment hook '/home/fintan/ME4857Assignment2-master/install/start_up/share/start_up/hook/cmake_prefix_path.sh'
[10.233s] Level 1:colcon.colcon_core.environment:checking '/home/fintan/ME4857Assignment2-master/install/start_up/bin'
[10.234s] Level 1:colcon.colcon_core.environment:checking '/home/fintan/ME4857Assignment2-master/install/start_up/lib/pkgconfig/start_up.pc'
[10.235s] Level 1:colcon.colcon_core.environment:checking '/home/fintan/ME4857Assignment2-master/install/start_up/lib/python3.12/site-packages'
[10.239s] Level 1:colcon.colcon_core.environment:checking '/home/fintan/ME4857Assignment2-master/install/start_up/bin'
[10.241s] INFO:colcon.colcon_core.shell:Creating package script '/home/fintan/ME4857Assignment2-master/install/start_up/share/start_up/package.ps1'
[10.245s] INFO:colcon.colcon_core.shell:Creating package descriptor '/home/fintan/ME4857Assignment2-master/install/start_up/share/start_up/package.dsv'
[10.247s] INFO:colcon.colcon_core.shell:Creating package script '/home/fintan/ME4857Assignment2-master/install/start_up/share/start_up/package.sh'
[10.249s] INFO:colcon.colcon_core.shell:Creating package script '/home/fintan/ME4857Assignment2-master/install/start_up/share/start_up/package.bash'
[10.251s] INFO:colcon.colcon_core.shell:Creating package script '/home/fintan/ME4857Assignment2-master/install/start_up/share/start_up/package.zsh'
[10.252s] Level 1:colcon.colcon_core.environment:create_file_with_runtime_dependencies(/home/fintan/ME4857Assignment2-master/install/start_up/share/colcon-core/packages/start_up)
[10.253s] DEBUG:colcon.colcon_parallel_executor.executor.parallel:closing loop
[10.255s] DEBUG:colcon.colcon_parallel_executor.executor.parallel:loop closed
[10.255s] DEBUG:colcon.colcon_parallel_executor.executor.parallel:run_until_complete finished with '0'
[10.256s] DEBUG:colcon.colcon_core.event_reactor:joining thread
[10.556s] INFO:colcon.colcon_core.plugin_system:Skipping extension 'colcon_notification.desktop_notification.notify_send': Could not find 'notify-send'
[10.556s] INFO:colcon.colcon_core.plugin_system:Skipping extension 'colcon_notification.desktop_notification.terminal_notifier': Not used on non-Darwin systems
[10.557s] INFO:colcon.colcon_core.plugin_system:Skipping extension 'colcon_notification.desktop_notification.win32': Not used on non-Windows systems
[10.557s] INFO:colcon.colcon_notification.desktop_notification:Sending desktop notification using 'notify2'
[10.560s] DEBUG:colcon.colcon_notification.desktop_notification.notify2:Failed to initialize notify2: org.freedesktop.DBus.Error.ServiceUnknown: The name org.freedesktop.Notifications was not provided by any .service files
[10.560s] DEBUG:colcon.colcon_core.event_reactor:joined thread
[10.561s] INFO:colcon.colcon_core.shell:Creating prefix script '/home/fintan/ME4857Assignment2-master/install/local_setup.ps1'
[10.562s] INFO:colcon.colcon_core.shell:Creating prefix util module '/home/fintan/ME4857Assignment2-master/install/_local_setup_util_ps1.py'
[10.566s] INFO:colcon.colcon_core.shell:Creating prefix chain script '/home/fintan/ME4857Assignment2-master/install/setup.ps1'
[10.572s] INFO:colcon.colcon_core.shell:Creating prefix script '/home/fintan/ME4857Assignment2-master/install/local_setup.sh'
[10.575s] INFO:colcon.colcon_core.shell:Creating prefix util module '/home/fintan/ME4857Assignment2-master/install/_local_setup_util_sh.py'
[10.579s] INFO:colcon.colcon_core.shell:Creating prefix chain script '/home/fintan/ME4857Assignment2-master/install/setup.sh'
[10.582s] INFO:colcon.colcon_core.shell:Creating prefix script '/home/fintan/ME4857Assignment2-master/install/local_setup.bash'
[10.583s] INFO:colcon.colcon_core.shell:Creating prefix chain script '/home/fintan/ME4857Assignment2-master/install/setup.bash'
[10.588s] INFO:colcon.colcon_core.shell:Creating prefix script '/home/fintan/ME4857Assignment2-master/install/local_setup.zsh'
[10.591s] INFO:colcon.colcon_core.shell:Creating prefix chain script '/home/fintan/ME4857Assignment2-master/install/setup.zsh'
