[0.078s] Invoking command in '/home/fintan/ME4857Assignment2-master/build/sr_interfaces': CMAKE_PREFIX_PATH=${CMAKE_PREFIX_PATH}:/opt/ros/jazzy /usr/bin/cmake /home/fintan/ME4857Assignment2-master/src/sr_interfaces -DCMAKE_INSTALL_PREFIX=/home/fintan/ME4857Assignment2-master/install/sr_interfaces
[0.765s] -- The C compiler identification is GNU 13.3.0
[2.869s] -- The CXX compiler identification is GNU 13.3.0
[4.095s] -- Detecting C compiler ABI info
[5.079s] -- Detecting C compiler ABI info - done
[5.121s] -- Check for working C compiler: /usr/bin/cc - skipped
[5.121s] -- Detecting C compile features
[5.122s] -- Detecting C compile features - done
[5.398s] -- Detecting CXX compiler ABI info
[6.491s] -- Detecting CXX compiler ABI info - done
[6.541s] -- Check for working CXX compiler: /usr/bin/c++ - skipped
[6.544s] -- Detecting CXX compile features
[6.545s] -- Detecting CXX compile features - done
[6.559s] -- Found ament_cmake: 2.5.6 (/opt/ros/jazzy/share/ament_cmake/cmake)
[7.004s] -- Found Python3: /usr/bin/python3 (found version "3.12.3") found components: Interpreter 
[7.600s] -- Found rosidl_default_generators: 1.6.0 (/opt/ros/jazzy/share/rosidl_default_generators/cmake)
[7.624s] -- Using all available rosidl_typesupport_c: rosidl_typesupport_fastrtps_c;rosidl_typesupport_introspection_c
[8.069s] -- Using all available rosidl_typesupport_cpp: rosidl_typesupport_fastrtps_cpp;rosidl_typesupport_introspection_cpp
[8.197s] -- Found rosidl_adapter: 4.6.7 (/opt/ros/jazzy/share/rosidl_adapter/cmake)
[8.215s] -- Found geometry_msgs: 5.3.7 (/opt/ros/jazzy/share/geometry_msgs/cmake)
[9.932s] -- Found ament_cmake_ros: 0.12.0 (/opt/ros/jazzy/share/ament_cmake_ros/cmake)
[11.357s] -- Using all available rosidl_typesupport_c: rosidl_typesupport_fastrtps_c;rosidl_typesupport_introspection_c
[12.874s] -- Using all available rosidl_typesupport_cpp: rosidl_typesupport_fastrtps_cpp;rosidl_typesupport_introspection_cpp
[12.881s] -- Found python_cmake_module: 0.11.1 (/opt/ros/jazzy/share/python_cmake_module/cmake)
[13.130s] -- Found PythonExtra: /usr/bin/python3  
[13.966s] -- Found Python3: /usr/bin/python3 (found version "3.12.3") found components: Interpreter Development NumPy Development.Module Development.Embed 
[14.163s] -- Found Python3: /usr/bin/python3 (found version "3.12.3") found components: Interpreter 
[14.186s] -- Configuring done (14.1s)
[14.314s] -- Generating done (0.1s)
[14.348s] -- Build files have been written to: /home/fintan/ME4857Assignment2-master/build/sr_interfaces
[14.367s] Invoked command in '/home/fintan/ME4857Assignment2-master/build/sr_interfaces' returned '0': CMAKE_PREFIX_PATH=${CMAKE_PREFIX_PATH}:/opt/ros/jazzy /usr/bin/cmake /home/fintan/ME4857Assignment2-master/src/sr_interfaces -DCMAKE_INSTALL_PREFIX=/home/fintan/ME4857Assignment2-master/install/sr_interfaces
[14.369s] Invoking command in '/home/fintan/ME4857Assignment2-master/build/sr_interfaces': CMAKE_PREFIX_PATH=${CMAKE_PREFIX_PATH}:/opt/ros/jazzy /usr/bin/cmake --build /home/fintan/ME4857Assignment2-master/build/sr_interfaces -- -j12 -l12
[14.465s] [  2%] [34m[1mGenerating Rust code for ROS interfaces[0m
[14.957s] [  2%] Built target sr_interfaces__rs
[15.015s] [  2%] Built target ament_cmake_python_copy_sr_interfaces
[15.058s] [  5%] [34m[1mGenerating type hashes for ROS interfaces[0m
[15.492s] [  5%] Built target sr_interfaces__rosidl_generator_type_description
[15.972s] running egg_info
[15.974s] creating sr_interfaces.egg-info
[16.023s] writing sr_interfaces.egg-info/PKG-INFO
[16.024s] writing dependency_links to sr_interfaces.egg-info/dependency_links.txt
[16.024s] writing top-level names to sr_interfaces.egg-info/top_level.txt
[16.025s] writing manifest file 'sr_interfaces.egg-info/SOURCES.txt'
[16.193s] reading manifest file 'sr_interfaces.egg-info/SOURCES.txt'
[16.194s] writing manifest file 'sr_interfaces.egg-info/SOURCES.txt'
[16.269s] [  5%] Built target ament_cmake_python_build_sr_interfaces_egg
[16.312s] [  8%] [34m[1mGenerating C++ code for ROS interfaces[0m
[17.223s] [  8%] Built target sr_interfaces__cpp
[17.251s] [ 11%] [34m[1mGenerating C code for ROS interfaces[0m
[18.343s] [ 17%] [32mBuilding C object CMakeFiles/sr_interfaces__rosidl_generator_c.dir/rosidl_generator_c/sr_interfaces/action/detail/navigate_to_waypoint__type_support.c.o[0m
[18.344s] [ 17%] [32mBuilding C object CMakeFiles/sr_interfaces__rosidl_generator_c.dir/rosidl_generator_c/sr_interfaces/action/detail/navigate_to_waypoint__description.c.o[0m
[18.345s] [ 20%] [32mBuilding C object CMakeFiles/sr_interfaces__rosidl_generator_c.dir/rosidl_generator_c/sr_interfaces/action/detail/navigate_to_waypoint__functions.c.o[0m
[18.934s] [ 22%] [32m[1mLinking C shared library libsr_interfaces__rosidl_generator_c.so[0m
[19.293s] [ 22%] Built target sr_interfaces__rosidl_generator_c
[19.323s] [ 25%] [34m[1mGenerating C type support for eProsima Fast-RTPS[0m
[19.324s] [ 31%] [34m[1mGenerating C++ type support for eProsima Fast-RTPS[0m
[19.324s] [ 31%] [34m[1mGenerating C type support dispatch for ROS interfaces[0m
[19.325s] [ 34%] [34m[1mGenerating C introspection for ROS interfaces[0m
[20.147s] [ 37%] [32mBuilding CXX object CMakeFiles/sr_interfaces__rosidl_typesupport_c.dir/rosidl_typesupport_c/sr_interfaces/action/navigate_to_waypoint__type_support.cpp.o[0m
[20.382s] [ 40%] [32mBuilding C object CMakeFiles/sr_interfaces__rosidl_typesupport_introspection_c.dir/rosidl_typesupport_introspection_c/sr_interfaces/action/detail/navigate_to_waypoint__type_support.c.o[0m
[20.407s] [ 42%] [32m[1mLinking CXX shared library libsr_interfaces__rosidl_typesupport_c.so[0m
[20.605s] [ 45%] [32m[1mLinking C shared library libsr_interfaces__rosidl_typesupport_introspection_c.so[0m
[20.698s] [ 48%] [32mBuilding CXX object CMakeFiles/sr_interfaces__rosidl_typesupport_fastrtps_cpp.dir/rosidl_typesupport_fastrtps_cpp/sr_interfaces/action/detail/dds_fastrtps/navigate_to_waypoint__type_support.cpp.o[0m
[20.827s] [ 51%] [32mBuilding CXX object CMakeFiles/sr_interfaces__rosidl_typesupport_fastrtps_c.dir/rosidl_typesupport_fastrtps_c/sr_interfaces/action/detail/navigate_to_waypoint__type_support_c.cpp.o[0m
[20.876s] [ 51%] Built target sr_interfaces__rosidl_typesupport_c
[20.916s] [ 54%] [34m[1mGenerating C++ introspection for ROS interfaces[0m
[20.916s] [ 57%] [34m[1mGenerating C++ type support dispatch for ROS interfaces[0m
[21.111s] [ 57%] Built target sr_interfaces__rosidl_typesupport_introspection_c
[21.843s] [ 60%] [32mBuilding CXX object CMakeFiles/sr_interfaces__rosidl_typesupport_cpp.dir/rosidl_typesupport_cpp/sr_interfaces/action/navigate_to_waypoint__type_support.cpp.o[0m
[21.936s] [ 62%] [32mBuilding CXX object CMakeFiles/sr_interfaces__rosidl_typesupport_introspection_cpp.dir/rosidl_typesupport_introspection_cpp/sr_interfaces/action/detail/navigate_to_waypoint__type_support.cpp.o[0m
[22.563s] [ 65%] [32m[1mLinking CXX shared library libsr_interfaces__rosidl_typesupport_fastrtps_c.so[0m
[23.040s] [ 65%] Built target sr_interfaces__rosidl_typesupport_fastrtps_c
[23.568s] [ 68%] [32m[1mLinking CXX shared library libsr_interfaces__rosidl_typesupport_cpp.so[0m
[23.569s] [ 71%] [32m[1mLinking CXX shared library libsr_interfaces__rosidl_typesupport_fastrtps_cpp.so[0m
[23.817s] [ 74%] [32m[1mLinking CXX shared library libsr_interfaces__rosidl_typesupport_introspection_cpp.so[0m
[23.907s] [ 74%] Built target sr_interfaces__rosidl_typesupport_cpp
[23.921s] [ 74%] Built target sr_interfaces__rosidl_typesupport_fastrtps_cpp
[24.248s] [ 74%] Built target sr_interfaces__rosidl_typesupport_introspection_cpp
[24.299s] [ 74%] Built target sr_interfaces
[24.349s] [ 77%] [34m[1mGenerating Python code for ROS interfaces[0m
[25.426s] [ 77%] Built target sr_interfaces__py
[25.466s] [ 80%] [32mBuilding C object CMakeFiles/sr_interfaces__rosidl_generator_py.dir/rosidl_generator_py/sr_interfaces/action/_navigate_to_waypoint_s.c.o[0m
[25.829s] [ 82%] [32m[1mLinking C shared library libsr_interfaces__rosidl_generator_py.so[0m
[26.153s] [ 82%] Built target sr_interfaces__rosidl_generator_py
[26.192s] [ 88%] [32mBuilding C object CMakeFiles/sr_interfaces_s__rosidl_typesupport_c.dir/rosidl_generator_py/sr_interfaces/_sr_interfaces_s.ep.rosidl_typesupport_c.c.o[0m
[26.192s] [ 88%] [32mBuilding C object CMakeFiles/sr_interfaces_s__rosidl_typesupport_introspection_c.dir/rosidl_generator_py/sr_interfaces/_sr_interfaces_s.ep.rosidl_typesupport_introspection_c.c.o[0m
[26.195s] [ 91%] [32mBuilding C object CMakeFiles/sr_interfaces_s__rosidl_typesupport_fastrtps_c.dir/rosidl_generator_py/sr_interfaces/_sr_interfaces_s.ep.rosidl_typesupport_fastrtps_c.c.o[0m
[26.474s] [ 94%] [32m[1mLinking C shared module rosidl_generator_py/sr_interfaces/sr_interfaces_s__rosidl_typesupport_introspection_c.so[0m
[26.477s] [ 97%] [32m[1mLinking C shared module rosidl_generator_py/sr_interfaces/sr_interfaces_s__rosidl_typesupport_fastrtps_c.so[0m
[26.479s] [100%] [32m[1mLinking C shared module rosidl_generator_py/sr_interfaces/sr_interfaces_s__rosidl_typesupport_c.so[0m
[26.688s] [100%] Built target sr_interfaces_s__rosidl_typesupport_c
[26.689s] [100%] Built target sr_interfaces_s__rosidl_typesupport_introspection_c
[26.691s] [100%] Built target sr_interfaces_s__rosidl_typesupport_fastrtps_c
[26.717s] Invoked command in '/home/fintan/ME4857Assignment2-master/build/sr_interfaces' returned '0': CMAKE_PREFIX_PATH=${CMAKE_PREFIX_PATH}:/opt/ros/jazzy /usr/bin/cmake --build /home/fintan/ME4857Assignment2-master/build/sr_interfaces -- -j12 -l12
[26.719s] Invoking command in '/home/fintan/ME4857Assignment2-master/build/sr_interfaces': CMAKE_PREFIX_PATH=${CMAKE_PREFIX_PATH}:/opt/ros/jazzy /usr/bin/cmake --install /home/fintan/ME4857Assignment2-master/build/sr_interfaces
[26.738s] -- Install configuration: ""
[26.740s] -- Installing: /home/fintan/ME4857Assignment2-master/install/sr_interfaces/share/ament_index/resource_index/rosidl_interfaces/sr_interfaces
[26.741s] -- Installing: /home/fintan/ME4857Assignment2-master/install/sr_interfaces/share/sr_interfaces/action/NavigateToWaypoint.json
[26.741s] -- Installing: /home/fintan/ME4857Assignment2-master/install/sr_interfaces/include/sr_interfaces/sr_interfaces
[26.742s] -- Installing: /home/fintan/ME4857Assignment2-master/install/sr_interfaces/include/sr_interfaces/sr_interfaces/msg
[26.743s] -- Installing: /home/fintan/ME4857Assignment2-master/install/sr_interfaces/include/sr_interfaces/sr_interfaces/msg/rosidl_generator_c__visibility_control.h
[26.743s] -- Installing: /home/fintan/ME4857Assignment2-master/install/sr_interfaces/include/sr_interfaces/sr_interfaces/action
[26.744s] -- Installing: /home/fintan/ME4857Assignment2-master/install/sr_interfaces/include/sr_interfaces/sr_interfaces/action/detail
[26.745s] -- Installing: /home/fintan/ME4857Assignment2-master/install/sr_interfaces/include/sr_interfaces/sr_interfaces/action/detail/navigate_to_waypoint__type_support.c
[26.746s] -- Installing: /home/fintan/ME4857Assignment2-master/install/sr_interfaces/include/sr_interfaces/sr_interfaces/action/detail/navigate_to_waypoint__type_support.h
[26.746s] -- Installing: /home/fintan/ME4857Assignment2-master/install/sr_interfaces/include/sr_interfaces/sr_interfaces/action/detail/navigate_to_waypoint__description.c
[26.746s] -- Installing: /home/fintan/ME4857Assignment2-master/install/sr_interfaces/include/sr_interfaces/sr_interfaces/action/detail/navigate_to_waypoint__functions.h
[26.747s] -- Installing: /home/fintan/ME4857Assignment2-master/install/sr_interfaces/include/sr_interfaces/sr_interfaces/action/detail/navigate_to_waypoint__functions.c
[26.748s] -- Installing: /home/fintan/ME4857Assignment2-master/install/sr_interfaces/include/sr_interfaces/sr_interfaces/action/detail/navigate_to_waypoint__struct.h
[26.748s] -- Installing: /home/fintan/ME4857Assignment2-master/install/sr_interfaces/include/sr_interfaces/sr_interfaces/action/navigate_to_waypoint.h
[26.749s] -- Installing: /home/fintan/ME4857Assignment2-master/install/sr_interfaces/share/sr_interfaces/environment/library_path.sh
[26.749s] -- Installing: /home/fintan/ME4857Assignment2-master/install/sr_interfaces/share/sr_interfaces/environment/library_path.dsv
[26.750s] -- Installing: /home/fintan/ME4857Assignment2-master/install/sr_interfaces/lib/libsr_interfaces__rosidl_generator_c.so
[26.752s] -- Set non-toolchain portion of runtime path of "/home/fintan/ME4857Assignment2-master/install/sr_interfaces/lib/libsr_interfaces__rosidl_generator_c.so" to ""
[26.752s] -- Up-to-date: /home/fintan/ME4857Assignment2-master/install/sr_interfaces/include/sr_interfaces/sr_interfaces
[26.753s] -- Up-to-date: /home/fintan/ME4857Assignment2-master/install/sr_interfaces/include/sr_interfaces/sr_interfaces/msg
[26.753s] -- Installing: /home/fintan/ME4857Assignment2-master/install/sr_interfaces/include/sr_interfaces/sr_interfaces/msg/rosidl_typesupport_fastrtps_c__visibility_control.h
[26.753s] -- Up-to-date: /home/fintan/ME4857Assignment2-master/install/sr_interfaces/include/sr_interfaces/sr_interfaces/action
[26.753s] -- Up-to-date: /home/fintan/ME4857Assignment2-master/install/sr_interfaces/include/sr_interfaces/sr_interfaces/action/detail
[26.753s] -- Installing: /home/fintan/ME4857Assignment2-master/install/sr_interfaces/include/sr_interfaces/sr_interfaces/action/detail/navigate_to_waypoint__rosidl_typesupport_fastrtps_c.h
[26.754s] -- Installing: /home/fintan/ME4857Assignment2-master/install/sr_interfaces/lib/libsr_interfaces__rosidl_typesupport_fastrtps_c.so
[26.755s] -- Set non-toolchain portion of runtime path of "/home/fintan/ME4857Assignment2-master/install/sr_interfaces/lib/libsr_interfaces__rosidl_typesupport_fastrtps_c.so" to ""
[26.755s] -- Up-to-date: /home/fintan/ME4857Assignment2-master/install/sr_interfaces/include/sr_interfaces/sr_interfaces
[26.755s] -- Up-to-date: /home/fintan/ME4857Assignment2-master/install/sr_interfaces/include/sr_interfaces/sr_interfaces/msg
[26.756s] -- Installing: /home/fintan/ME4857Assignment2-master/install/sr_interfaces/include/sr_interfaces/sr_interfaces/msg/rosidl_typesupport_introspection_c__visibility_control.h
[26.756s] -- Up-to-date: /home/fintan/ME4857Assignment2-master/install/sr_interfaces/include/sr_interfaces/sr_interfaces/action
[26.756s] -- Up-to-date: /home/fintan/ME4857Assignment2-master/install/sr_interfaces/include/sr_interfaces/sr_interfaces/action/detail
[26.756s] -- Installing: /home/fintan/ME4857Assignment2-master/install/sr_interfaces/include/sr_interfaces/sr_interfaces/action/detail/navigate_to_waypoint__type_support.c
[26.756s] -- Installing: /home/fintan/ME4857Assignment2-master/install/sr_interfaces/include/sr_interfaces/sr_interfaces/action/detail/navigate_to_waypoint__rosidl_typesupport_introspection_c.h
[26.757s] -- Installing: /home/fintan/ME4857Assignment2-master/install/sr_interfaces/lib/libsr_interfaces__rosidl_typesupport_introspection_c.so
[26.758s] -- Set non-toolchain portion of runtime path of "/home/fintan/ME4857Assignment2-master/install/sr_interfaces/lib/libsr_interfaces__rosidl_typesupport_introspection_c.so" to ""
[26.758s] -- Installing: /home/fintan/ME4857Assignment2-master/install/sr_interfaces/lib/libsr_interfaces__rosidl_typesupport_c.so
[26.759s] -- Set non-toolchain portion of runtime path of "/home/fintan/ME4857Assignment2-master/install/sr_interfaces/lib/libsr_interfaces__rosidl_typesupport_c.so" to ""
[26.760s] -- Up-to-date: /home/fintan/ME4857Assignment2-master/install/sr_interfaces/include/sr_interfaces/sr_interfaces
[26.761s] -- Up-to-date: /home/fintan/ME4857Assignment2-master/install/sr_interfaces/include/sr_interfaces/sr_interfaces/msg
[26.762s] -- Installing: /home/fintan/ME4857Assignment2-master/install/sr_interfaces/include/sr_interfaces/sr_interfaces/msg/rosidl_generator_cpp__visibility_control.hpp
[26.763s] -- Up-to-date: /home/fintan/ME4857Assignment2-master/install/sr_interfaces/include/sr_interfaces/sr_interfaces/action
[26.763s] -- Up-to-date: /home/fintan/ME4857Assignment2-master/install/sr_interfaces/include/sr_interfaces/sr_interfaces/action/detail
[26.764s] -- Installing: /home/fintan/ME4857Assignment2-master/install/sr_interfaces/include/sr_interfaces/sr_interfaces/action/detail/navigate_to_waypoint__traits.hpp
[26.764s] -- Installing: /home/fintan/ME4857Assignment2-master/install/sr_interfaces/include/sr_interfaces/sr_interfaces/action/detail/navigate_to_waypoint__type_support.hpp
[26.765s] -- Installing: /home/fintan/ME4857Assignment2-master/install/sr_interfaces/include/sr_interfaces/sr_interfaces/action/detail/navigate_to_waypoint__builder.hpp
[26.765s] -- Installing: /home/fintan/ME4857Assignment2-master/install/sr_interfaces/include/sr_interfaces/sr_interfaces/action/detail/navigate_to_waypoint__struct.hpp
[26.765s] -- Installing: /home/fintan/ME4857Assignment2-master/install/sr_interfaces/include/sr_interfaces/sr_interfaces/action/navigate_to_waypoint.hpp
[26.765s] -- Up-to-date: /home/fintan/ME4857Assignment2-master/install/sr_interfaces/include/sr_interfaces/sr_interfaces
[26.766s] -- Up-to-date: /home/fintan/ME4857Assignment2-master/install/sr_interfaces/include/sr_interfaces/sr_interfaces/msg
[26.766s] -- Installing: /home/fintan/ME4857Assignment2-master/install/sr_interfaces/include/sr_interfaces/sr_interfaces/msg/rosidl_typesupport_fastrtps_cpp__visibility_control.h
[26.766s] -- Up-to-date: /home/fintan/ME4857Assignment2-master/install/sr_interfaces/include/sr_interfaces/sr_interfaces/action
[26.766s] -- Up-to-date: /home/fintan/ME4857Assignment2-master/install/sr_interfaces/include/sr_interfaces/sr_interfaces/action/detail
[26.766s] -- Installing: /home/fintan/ME4857Assignment2-master/install/sr_interfaces/include/sr_interfaces/sr_interfaces/action/detail/dds_fastrtps
[26.766s] -- Installing: /home/fintan/ME4857Assignment2-master/install/sr_interfaces/include/sr_interfaces/sr_interfaces/action/detail/navigate_to_waypoint__rosidl_typesupport_fastrtps_cpp.hpp
[26.766s] -- Installing: /home/fintan/ME4857Assignment2-master/install/sr_interfaces/lib/libsr_interfaces__rosidl_typesupport_fastrtps_cpp.so
[26.767s] -- Set non-toolchain portion of runtime path of "/home/fintan/ME4857Assignment2-master/install/sr_interfaces/lib/libsr_interfaces__rosidl_typesupport_fastrtps_cpp.so" to ""
[26.767s] -- Up-to-date: /home/fintan/ME4857Assignment2-master/install/sr_interfaces/include/sr_interfaces/sr_interfaces
[26.767s] -- Up-to-date: /home/fintan/ME4857Assignment2-master/install/sr_interfaces/include/sr_interfaces/sr_interfaces/action
[26.768s] -- Up-to-date: /home/fintan/ME4857Assignment2-master/install/sr_interfaces/include/sr_interfaces/sr_interfaces/action/detail
[26.768s] -- Installing: /home/fintan/ME4857Assignment2-master/install/sr_interfaces/include/sr_interfaces/sr_interfaces/action/detail/navigate_to_waypoint__rosidl_typesupport_introspection_cpp.hpp
[26.768s] -- Installing: /home/fintan/ME4857Assignment2-master/install/sr_interfaces/include/sr_interfaces/sr_interfaces/action/detail/navigate_to_waypoint__type_support.cpp
[26.768s] -- Installing: /home/fintan/ME4857Assignment2-master/install/sr_interfaces/lib/libsr_interfaces__rosidl_typesupport_introspection_cpp.so
[26.770s] -- Set non-toolchain portion of runtime path of "/home/fintan/ME4857Assignment2-master/install/sr_interfaces/lib/libsr_interfaces__rosidl_typesupport_introspection_cpp.so" to ""
[26.770s] -- Installing: /home/fintan/ME4857Assignment2-master/install/sr_interfaces/lib/libsr_interfaces__rosidl_typesupport_cpp.so
[26.772s] -- Set non-toolchain portion of runtime path of "/home/fintan/ME4857Assignment2-master/install/sr_interfaces/lib/libsr_interfaces__rosidl_typesupport_cpp.so" to ""
[26.772s] -- Installing: /home/fintan/ME4857Assignment2-master/install/sr_interfaces/share/sr_interfaces/environment/pythonpath.sh
[26.772s] -- Installing: /home/fintan/ME4857Assignment2-master/install/sr_interfaces/share/sr_interfaces/environment/pythonpath.dsv
[26.773s] -- Installing: /home/fintan/ME4857Assignment2-master/install/sr_interfaces/lib/python3.12/site-packages/sr_interfaces-1.0.0-py3.12.egg-info
[26.774s] -- Installing: /home/fintan/ME4857Assignment2-master/install/sr_interfaces/lib/python3.12/site-packages/sr_interfaces-1.0.0-py3.12.egg-info/SOURCES.txt
[26.775s] -- Installing: /home/fintan/ME4857Assignment2-master/install/sr_interfaces/lib/python3.12/site-packages/sr_interfaces-1.0.0-py3.12.egg-info/dependency_links.txt
[26.775s] -- Installing: /home/fintan/ME4857Assignment2-master/install/sr_interfaces/lib/python3.12/site-packages/sr_interfaces-1.0.0-py3.12.egg-info/PKG-INFO
[26.776s] -- Installing: /home/fintan/ME4857Assignment2-master/install/sr_interfaces/lib/python3.12/site-packages/sr_interfaces-1.0.0-py3.12.egg-info/top_level.txt
[26.776s] -- Installing: /home/fintan/ME4857Assignment2-master/install/sr_interfaces/lib/python3.12/site-packages/sr_interfaces
[26.777s] -- Installing: /home/fintan/ME4857Assignment2-master/install/sr_interfaces/lib/python3.12/site-packages/sr_interfaces/sr_interfaces_s__rosidl_typesupport_c.so
[26.778s] -- Installing: /home/fintan/ME4857Assignment2-master/install/sr_interfaces/lib/python3.12/site-packages/sr_interfaces/__init__.py
[26.778s] -- Installing: /home/fintan/ME4857Assignment2-master/install/sr_interfaces/lib/python3.12/site-packages/sr_interfaces/_sr_interfaces_s.ep.rosidl_typesupport_introspection_c.c
[26.778s] -- Installing: /home/fintan/ME4857Assignment2-master/install/sr_interfaces/lib/python3.12/site-packages/sr_interfaces/sr_interfaces_s__rosidl_typesupport_fastrtps_c.so
[26.779s] -- Installing: /home/fintan/ME4857Assignment2-master/install/sr_interfaces/lib/python3.12/site-packages/sr_interfaces/_sr_interfaces_s.ep.rosidl_typesupport_c.c
[26.779s] -- Installing: /home/fintan/ME4857Assignment2-master/install/sr_interfaces/lib/python3.12/site-packages/sr_interfaces/action
[26.781s] -- Installing: /home/fintan/ME4857Assignment2-master/install/sr_interfaces/lib/python3.12/site-packages/sr_interfaces/action/__init__.py
[26.781s] -- Installing: /home/fintan/ME4857Assignment2-master/install/sr_interfaces/lib/python3.12/site-packages/sr_interfaces/action/_navigate_to_waypoint_s.c
[26.782s] -- Installing: /home/fintan/ME4857Assignment2-master/install/sr_interfaces/lib/python3.12/site-packages/sr_interfaces/action/_navigate_to_waypoint.py
[26.782s] -- Installing: /home/fintan/ME4857Assignment2-master/install/sr_interfaces/lib/python3.12/site-packages/sr_interfaces/_sr_interfaces_s.ep.rosidl_typesupport_fastrtps_c.c
[26.782s] -- Installing: /home/fintan/ME4857Assignment2-master/install/sr_interfaces/lib/python3.12/site-packages/sr_interfaces/sr_interfaces_s__rosidl_typesupport_introspection_c.so
[26.856s] Listing '/home/fintan/ME4857Assignment2-master/install/sr_interfaces/lib/python3.12/site-packages/sr_interfaces'...
[26.856s] Compiling '/home/fintan/ME4857Assignment2-master/install/sr_interfaces/lib/python3.12/site-packages/sr_interfaces/__init__.py'...
[26.856s] Listing '/home/fintan/ME4857Assignment2-master/install/sr_interfaces/lib/python3.12/site-packages/sr_interfaces/action'...
[26.856s] Compiling '/home/fintan/ME4857Assignment2-master/install/sr_interfaces/lib/python3.12/site-packages/sr_interfaces/action/__init__.py'...
[26.857s] Compiling '/home/fintan/ME4857Assignment2-master/install/sr_interfaces/lib/python3.12/site-packages/sr_interfaces/action/_navigate_to_waypoint.py'...
[26.865s] -- Installing: /home/fintan/ME4857Assignment2-master/install/sr_interfaces/lib/python3.12/site-packages/sr_interfaces/sr_interfaces_s__rosidl_typesupport_fastrtps_c.so
[26.866s] -- Set non-toolchain portion of runtime path of "/home/fintan/ME4857Assignment2-master/install/sr_interfaces/lib/python3.12/site-packages/sr_interfaces/sr_interfaces_s__rosidl_typesupport_fastrtps_c.so" to ""
[26.866s] -- Installing: /home/fintan/ME4857Assignment2-master/install/sr_interfaces/lib/python3.12/site-packages/sr_interfaces/sr_interfaces_s__rosidl_typesupport_introspection_c.so
[26.867s] -- Set non-toolchain portion of runtime path of "/home/fintan/ME4857Assignment2-master/install/sr_interfaces/lib/python3.12/site-packages/sr_interfaces/sr_interfaces_s__rosidl_typesupport_introspection_c.so" to ""
[26.868s] -- Installing: /home/fintan/ME4857Assignment2-master/install/sr_interfaces/lib/python3.12/site-packages/sr_interfaces/sr_interfaces_s__rosidl_typesupport_c.so
[26.869s] -- Set non-toolchain portion of runtime path of "/home/fintan/ME4857Assignment2-master/install/sr_interfaces/lib/python3.12/site-packages/sr_interfaces/sr_interfaces_s__rosidl_typesupport_c.so" to ""
[26.869s] -- Installing: /home/fintan/ME4857Assignment2-master/install/sr_interfaces/lib/libsr_interfaces__rosidl_generator_py.so
[26.870s] -- Set non-toolchain portion of runtime path of "/home/fintan/ME4857Assignment2-master/install/sr_interfaces/lib/libsr_interfaces__rosidl_generator_py.so" to ""
[26.871s] -- Installing: /home/fintan/ME4857Assignment2-master/install/sr_interfaces/share/ament_index/resource_index/rust_packages/sr_interfaces
[26.871s] -- Installing: /home/fintan/ME4857Assignment2-master/install/sr_interfaces/share/sr_interfaces/rust
[26.871s] -- Installing: /home/fintan/ME4857Assignment2-master/install/sr_interfaces/share/sr_interfaces/rust/src
[26.872s] -- Installing: /home/fintan/ME4857Assignment2-master/install/sr_interfaces/share/sr_interfaces/rust/src/action
[26.872s] -- Installing: /home/fintan/ME4857Assignment2-master/install/sr_interfaces/share/sr_interfaces/rust/src/action/rmw.rs
[26.873s] -- Installing: /home/fintan/ME4857Assignment2-master/install/sr_interfaces/share/sr_interfaces/rust/src/lib.rs
[26.873s] -- Installing: /home/fintan/ME4857Assignment2-master/install/sr_interfaces/share/sr_interfaces/rust/src/action.rs
[26.874s] -- Installing: /home/fintan/ME4857Assignment2-master/install/sr_interfaces/share/sr_interfaces/rust/Cargo.toml
[26.874s] -- Installing: /home/fintan/ME4857Assignment2-master/install/sr_interfaces/share/sr_interfaces/rust/build.rs
[26.874s] -- Installing: /home/fintan/ME4857Assignment2-master/install/sr_interfaces/share/sr_interfaces/action/NavigateToWaypoint.idl
[26.874s] -- Installing: /home/fintan/ME4857Assignment2-master/install/sr_interfaces/share/sr_interfaces/action/NavigateToWaypoint.action
[26.875s] -- Installing: /home/fintan/ME4857Assignment2-master/install/sr_interfaces/share/ament_index/resource_index/package_run_dependencies/sr_interfaces
[26.876s] -- Installing: /home/fintan/ME4857Assignment2-master/install/sr_interfaces/share/ament_index/resource_index/parent_prefix_path/sr_interfaces
[26.876s] -- Installing: /home/fintan/ME4857Assignment2-master/install/sr_interfaces/share/sr_interfaces/environment/ament_prefix_path.sh
[26.877s] -- Installing: /home/fintan/ME4857Assignment2-master/install/sr_interfaces/share/sr_interfaces/environment/ament_prefix_path.dsv
[26.878s] -- Installing: /home/fintan/ME4857Assignment2-master/install/sr_interfaces/share/sr_interfaces/environment/path.sh
[26.878s] -- Installing: /home/fintan/ME4857Assignment2-master/install/sr_interfaces/share/sr_interfaces/environment/path.dsv
[26.878s] -- Installing: /home/fintan/ME4857Assignment2-master/install/sr_interfaces/share/sr_interfaces/local_setup.bash
[26.879s] -- Installing: /home/fintan/ME4857Assignment2-master/install/sr_interfaces/share/sr_interfaces/local_setup.sh
[26.879s] -- Installing: /home/fintan/ME4857Assignment2-master/install/sr_interfaces/share/sr_interfaces/local_setup.zsh
[26.880s] -- Installing: /home/fintan/ME4857Assignment2-master/install/sr_interfaces/share/sr_interfaces/local_setup.dsv
[26.880s] -- Installing: /home/fintan/ME4857Assignment2-master/install/sr_interfaces/share/sr_interfaces/package.dsv
[26.881s] -- Installing: /home/fintan/ME4857Assignment2-master/install/sr_interfaces/share/ament_index/resource_index/packages/sr_interfaces
[26.882s] -- Installing: /home/fintan/ME4857Assignment2-master/install/sr_interfaces/share/sr_interfaces/cmake/export_sr_interfaces__rosidl_generator_cExport.cmake
[26.882s] -- Installing: /home/fintan/ME4857Assignment2-master/install/sr_interfaces/share/sr_interfaces/cmake/export_sr_interfaces__rosidl_generator_cExport-noconfig.cmake
[26.883s] -- Installing: /home/fintan/ME4857Assignment2-master/install/sr_interfaces/share/sr_interfaces/cmake/export_sr_interfaces__rosidl_typesupport_fastrtps_cExport.cmake
[26.883s] -- Installing: /home/fintan/ME4857Assignment2-master/install/sr_interfaces/share/sr_interfaces/cmake/export_sr_interfaces__rosidl_typesupport_fastrtps_cExport-noconfig.cmake
[26.884s] -- Installing: /home/fintan/ME4857Assignment2-master/install/sr_interfaces/share/sr_interfaces/cmake/sr_interfaces__rosidl_typesupport_introspection_cExport.cmake
[26.885s] -- Installing: /home/fintan/ME4857Assignment2-master/install/sr_interfaces/share/sr_interfaces/cmake/sr_interfaces__rosidl_typesupport_introspection_cExport-noconfig.cmake
[26.886s] -- Installing: /home/fintan/ME4857Assignment2-master/install/sr_interfaces/share/sr_interfaces/cmake/sr_interfaces__rosidl_typesupport_cExport.cmake
[26.886s] -- Installing: /home/fintan/ME4857Assignment2-master/install/sr_interfaces/share/sr_interfaces/cmake/sr_interfaces__rosidl_typesupport_cExport-noconfig.cmake
[26.886s] -- Installing: /home/fintan/ME4857Assignment2-master/install/sr_interfaces/share/sr_interfaces/cmake/export_sr_interfaces__rosidl_generator_cppExport.cmake
[26.888s] -- Installing: /home/fintan/ME4857Assignment2-master/install/sr_interfaces/share/sr_interfaces/cmake/export_sr_interfaces__rosidl_typesupport_fastrtps_cppExport.cmake
[26.888s] -- Installing: /home/fintan/ME4857Assignment2-master/install/sr_interfaces/share/sr_interfaces/cmake/export_sr_interfaces__rosidl_typesupport_fastrtps_cppExport-noconfig.cmake
[26.889s] -- Installing: /home/fintan/ME4857Assignment2-master/install/sr_interfaces/share/sr_interfaces/cmake/sr_interfaces__rosidl_typesupport_introspection_cppExport.cmake
[26.889s] -- Installing: /home/fintan/ME4857Assignment2-master/install/sr_interfaces/share/sr_interfaces/cmake/sr_interfaces__rosidl_typesupport_introspection_cppExport-noconfig.cmake
[26.889s] -- Installing: /home/fintan/ME4857Assignment2-master/install/sr_interfaces/share/sr_interfaces/cmake/sr_interfaces__rosidl_typesupport_cppExport.cmake
[26.890s] -- Installing: /home/fintan/ME4857Assignment2-master/install/sr_interfaces/share/sr_interfaces/cmake/sr_interfaces__rosidl_typesupport_cppExport-noconfig.cmake
[26.890s] -- Installing: /home/fintan/ME4857Assignment2-master/install/sr_interfaces/share/sr_interfaces/cmake/export_sr_interfaces__rosidl_generator_pyExport.cmake
[26.890s] -- Installing: /home/fintan/ME4857Assignment2-master/install/sr_interfaces/share/sr_interfaces/cmake/export_sr_interfaces__rosidl_generator_pyExport-noconfig.cmake
[26.891s] -- Installing: /home/fintan/ME4857Assignment2-master/install/sr_interfaces/share/sr_interfaces/cmake/rosidl_cmake-extras.cmake
[26.891s] -- Installing: /home/fintan/ME4857Assignment2-master/install/sr_interfaces/share/sr_interfaces/cmake/ament_cmake_export_dependencies-extras.cmake
[26.891s] -- Installing: /home/fintan/ME4857Assignment2-master/install/sr_interfaces/share/sr_interfaces/cmake/ament_cmake_export_include_directories-extras.cmake
[26.892s] -- Installing: /home/fintan/ME4857Assignment2-master/install/sr_interfaces/share/sr_interfaces/cmake/ament_cmake_export_libraries-extras.cmake
[26.892s] -- Installing: /home/fintan/ME4857Assignment2-master/install/sr_interfaces/share/sr_interfaces/cmake/ament_cmake_export_targets-extras.cmake
[26.892s] -- Installing: /home/fintan/ME4857Assignment2-master/install/sr_interfaces/share/sr_interfaces/cmake/rosidl_cmake_export_typesupport_targets-extras.cmake
[26.892s] -- Installing: /home/fintan/ME4857Assignment2-master/install/sr_interfaces/share/sr_interfaces/cmake/rosidl_cmake_export_typesupport_libraries-extras.cmake
[26.892s] -- Installing: /home/fintan/ME4857Assignment2-master/install/sr_interfaces/share/sr_interfaces/cmake/sr_interfacesConfig.cmake
[26.892s] -- Installing: /home/fintan/ME4857Assignment2-master/install/sr_interfaces/share/sr_interfaces/cmake/sr_interfacesConfig-version.cmake
[26.892s] -- Installing: /home/fintan/ME4857Assignment2-master/install/sr_interfaces/share/sr_interfaces/package.xml
[26.897s] Invoked command in '/home/fintan/ME4857Assignment2-master/build/sr_interfaces' returned '0': CMAKE_PREFIX_PATH=${CMAKE_PREFIX_PATH}:/opt/ros/jazzy /usr/bin/cmake --install /home/fintan/ME4857Assignment2-master/build/sr_interfaces
