[0.750s] DEBUG:colcon:Command line arguments: ['/usr/bin/colcon', 'build']
[0.751s] DEBUG:colcon:Parsed command line arguments: Namespace(log_base=None, log_level=None, verb_name='build', build_base='build', install_base='install', merge_install=False, symlink_install=False, test_result_base=None, continue_on_error=False, executor='parallel', parallel_workers=12, event_handlers=None, ignore_user_meta=False, metas=['./colcon.meta'], base_paths=['.'], packages_ignore=None, packages_ignore_regex=None, paths=None, packages_up_to=None, packages_up_to_regex=None, packages_above=None, packages_above_and_dependencies=None, packages_above_depth=None, packages_select_by_dep=None, packages_skip_by_dep=None, packages_skip_up_to=None, packages_select_build_failed=False, packages_skip_build_finished=False, packages_select_test_failures=False, packages_skip_test_passed=False, packages_select=None, packages_skip=None, packages_select_regex=None, packages_skip_regex=None, packages_start=None, packages_end=None, allow_overriding=[], cmake_args=None, cmake_target=None, cmake_target_skip_unavailable=False, cmake_clean_cache=False, cmake_clean_first=False, cmake_force_configure=False, ament_cmake_args=None, catkin_cmake_args=None, catkin_skip_building_tests=False, verb_parser=<colcon_defaults.argument_parser.defaults.DefaultArgumentsDecorator object at 0x79263466f320>, verb_extension=<colcon_core.verb.build.BuildVerb object at 0x79263479bfe0>, main=<bound method BuildVerb.main of <colcon_core.verb.build.BuildVerb object at 0x79263479bfe0>>)
[0.881s] Level 1:colcon.colcon_core.package_discovery:discover_packages(colcon_meta) check parameters
[0.882s] Level 1:colcon.colcon_core.package_discovery:discover_packages(recursive) check parameters
[0.882s] Level 1:colcon.colcon_core.package_discovery:discover_packages(ignore) check parameters
[0.882s] Level 1:colcon.colcon_core.package_discovery:discover_packages(path) check parameters
[0.882s] Level 1:colcon.colcon_core.package_discovery:discover_packages(colcon_meta) discover
[0.882s] Level 1:colcon.colcon_core.package_discovery:discover_packages(recursive) discover
[0.883s] INFO:colcon.colcon_core.package_discovery:Crawling recursively for packages in '/home/fintan/ME4857Assignment2-master'
[0.883s] Level 1:colcon.colcon_core.package_identification:_identify(.) by extensions ['ignore', 'ignore_ament_install']
[0.883s] Level 1:colcon.colcon_core.package_identification:_identify(.) by extension 'ignore'
[0.883s] Level 1:colcon.colcon_core.package_identification:_identify(.) by extension 'ignore_ament_install'
[0.883s] Level 1:colcon.colcon_core.package_identification:_identify(.) by extensions ['colcon_pkg']
[0.883s] Level 1:colcon.colcon_core.package_identification:_identify(.) by extension 'colcon_pkg'
[0.884s] Level 1:colcon.colcon_core.package_identification:_identify(.) by extensions ['colcon_meta']
[0.884s] Level 1:colcon.colcon_core.package_identification:_identify(.) by extension 'colcon_meta'
[0.884s] Level 1:colcon.colcon_core.package_identification:_identify(.) by extensions ['ros']
[0.884s] Level 1:colcon.colcon_core.package_identification:_identify(.) by extension 'ros'
[0.955s] Level 1:colcon.colcon_core.package_identification:_identify(.) by extensions ['cmake', 'python']
[0.955s] Level 1:colcon.colcon_core.package_identification:_identify(.) by extension 'cmake'
[0.955s] Level 1:colcon.colcon_core.package_identification:_identify(.) by extension 'python'
[0.956s] Level 1:colcon.colcon_core.package_identification:_identify(.) by extensions ['python_setup_py']
[0.956s] Level 1:colcon.colcon_core.package_identification:_identify(.) by extension 'python_setup_py'
[0.956s] Level 1:colcon.colcon_core.package_identification:_identify(build) by extensions ['ignore', 'ignore_ament_install']
[0.956s] Level 1:colcon.colcon_core.package_identification:_identify(build) by extension 'ignore'
[0.957s] Level 1:colcon.colcon_core.package_identification:_identify(build) ignored
[0.957s] Level 1:colcon.colcon_core.package_identification:_identify(install) by extensions ['ignore', 'ignore_ament_install']
[0.957s] Level 1:colcon.colcon_core.package_identification:_identify(install) by extension 'ignore'
[0.957s] Level 1:colcon.colcon_core.package_identification:_identify(install) ignored
[0.958s] Level 1:colcon.colcon_core.package_identification:_identify(log) by extensions ['ignore', 'ignore_ament_install']
[0.958s] Level 1:colcon.colcon_core.package_identification:_identify(log) by extension 'ignore'
[0.958s] Level 1:colcon.colcon_core.package_identification:_identify(log) ignored
[0.959s] Level 1:colcon.colcon_core.package_identification:_identify(src) by extensions ['ignore', 'ignore_ament_install']
[0.959s] Level 1:colcon.colcon_core.package_identification:_identify(src) by extension 'ignore'
[0.960s] Level 1:colcon.colcon_core.package_identification:_identify(src) by extension 'ignore_ament_install'
[0.960s] Level 1:colcon.colcon_core.package_identification:_identify(src) by extensions ['colcon_pkg']
[0.960s] Level 1:colcon.colcon_core.package_identification:_identify(src) by extension 'colcon_pkg'
[0.960s] Level 1:colcon.colcon_core.package_identification:_identify(src) by extensions ['colcon_meta']
[0.961s] Level 1:colcon.colcon_core.package_identification:_identify(src) by extension 'colcon_meta'
[0.961s] Level 1:colcon.colcon_core.package_identification:_identify(src) by extensions ['ros']
[0.961s] Level 1:colcon.colcon_core.package_identification:_identify(src) by extension 'ros'
[0.962s] Level 1:colcon.colcon_core.package_identification:_identify(src) by extensions ['cmake', 'python']
[0.962s] Level 1:colcon.colcon_core.package_identification:_identify(src) by extension 'cmake'
[0.962s] Level 1:colcon.colcon_core.package_identification:_identify(src) by extension 'python'
[0.963s] Level 1:colcon.colcon_core.package_identification:_identify(src) by extensions ['python_setup_py']
[0.963s] Level 1:colcon.colcon_core.package_identification:_identify(src) by extension 'python_setup_py'
[0.963s] Level 1:colcon.colcon_core.package_identification:_identify(src/bt) by extensions ['ignore', 'ignore_ament_install']
[0.963s] Level 1:colcon.colcon_core.package_identification:_identify(src/bt) by extension 'ignore'
[0.964s] Level 1:colcon.colcon_core.package_identification:_identify(src/bt) by extension 'ignore_ament_install'
[0.964s] Level 1:colcon.colcon_core.package_identification:_identify(src/bt) by extensions ['colcon_pkg']
[0.964s] Level 1:colcon.colcon_core.package_identification:_identify(src/bt) by extension 'colcon_pkg'
[0.964s] Level 1:colcon.colcon_core.package_identification:_identify(src/bt) by extensions ['colcon_meta']
[0.964s] Level 1:colcon.colcon_core.package_identification:_identify(src/bt) by extension 'colcon_meta'
[0.965s] Level 1:colcon.colcon_core.package_identification:_identify(src/bt) by extensions ['ros']
[0.965s] Level 1:colcon.colcon_core.package_identification:_identify(src/bt) by extension 'ros'
[0.982s] DEBUG:colcon.colcon_core.package_identification:Package 'src/bt' with type 'ros.ament_cmake' and name 'bt'
[0.983s] Level 1:colcon.colcon_core.package_identification:_identify(src/gazebo) by extensions ['ignore', 'ignore_ament_install']
[0.983s] Level 1:colcon.colcon_core.package_identification:_identify(src/gazebo) by extension 'ignore'
[0.983s] Level 1:colcon.colcon_core.package_identification:_identify(src/gazebo) by extension 'ignore_ament_install'
[0.984s] Level 1:colcon.colcon_core.package_identification:_identify(src/gazebo) by extensions ['colcon_pkg']
[0.984s] Level 1:colcon.colcon_core.package_identification:_identify(src/gazebo) by extension 'colcon_pkg'
[0.984s] Level 1:colcon.colcon_core.package_identification:_identify(src/gazebo) by extensions ['colcon_meta']
[0.984s] Level 1:colcon.colcon_core.package_identification:_identify(src/gazebo) by extension 'colcon_meta'
[0.984s] Level 1:colcon.colcon_core.package_identification:_identify(src/gazebo) by extensions ['ros']
[0.984s] Level 1:colcon.colcon_core.package_identification:_identify(src/gazebo) by extension 'ros'
[0.987s] DEBUG:colcon.colcon_core.package_identification:Package 'src/gazebo' with type 'ros.ament_cmake' and name 'gazebo_worlds'
[0.987s] Level 1:colcon.colcon_core.package_identification:_identify(src/navigation) by extensions ['ignore', 'ignore_ament_install']
[0.988s] Level 1:colcon.colcon_core.package_identification:_identify(src/navigation) by extension 'ignore'
[0.988s] Level 1:colcon.colcon_core.package_identification:_identify(src/navigation) by extension 'ignore_ament_install'
[0.988s] Level 1:colcon.colcon_core.package_identification:_identify(src/navigation) by extensions ['colcon_pkg']
[0.989s] Level 1:colcon.colcon_core.package_identification:_identify(src/navigation) by extension 'colcon_pkg'
[0.989s] Level 1:colcon.colcon_core.package_identification:_identify(src/navigation) by extensions ['colcon_meta']
[0.989s] Level 1:colcon.colcon_core.package_identification:_identify(src/navigation) by extension 'colcon_meta'
[0.989s] Level 1:colcon.colcon_core.package_identification:_identify(src/navigation) by extensions ['ros']
[0.989s] Level 1:colcon.colcon_core.package_identification:_identify(src/navigation) by extension 'ros'
[0.990s] Level 1:colcon.colcon_core.package_identification:_identify(src/navigation) by extensions ['cmake', 'python']
[0.990s] Level 1:colcon.colcon_core.package_identification:_identify(src/navigation) by extension 'cmake'
[0.990s] Level 1:colcon.colcon_core.package_identification:_identify(src/navigation) by extension 'python'
[0.990s] Level 1:colcon.colcon_core.package_identification:_identify(src/navigation) by extensions ['python_setup_py']
[0.990s] Level 1:colcon.colcon_core.package_identification:_identify(src/navigation) by extension 'python_setup_py'
[0.991s] Level 1:colcon.colcon_core.package_identification:_identify(src/navigation/maps) by extensions ['ignore', 'ignore_ament_install']
[0.991s] Level 1:colcon.colcon_core.package_identification:_identify(src/navigation/maps) by extension 'ignore'
[0.991s] Level 1:colcon.colcon_core.package_identification:_identify(src/navigation/maps) by extension 'ignore_ament_install'
[0.992s] Level 1:colcon.colcon_core.package_identification:_identify(src/navigation/maps) by extensions ['colcon_pkg']
[0.992s] Level 1:colcon.colcon_core.package_identification:_identify(src/navigation/maps) by extension 'colcon_pkg'
[0.992s] Level 1:colcon.colcon_core.package_identification:_identify(src/navigation/maps) by extensions ['colcon_meta']
[0.992s] Level 1:colcon.colcon_core.package_identification:_identify(src/navigation/maps) by extension 'colcon_meta'
[0.992s] Level 1:colcon.colcon_core.package_identification:_identify(src/navigation/maps) by extensions ['ros']
[0.992s] Level 1:colcon.colcon_core.package_identification:_identify(src/navigation/maps) by extension 'ros'
[0.992s] Level 1:colcon.colcon_core.package_identification:_identify(src/navigation/maps) by extensions ['cmake', 'python']
[0.993s] Level 1:colcon.colcon_core.package_identification:_identify(src/navigation/maps) by extension 'cmake'
[0.993s] Level 1:colcon.colcon_core.package_identification:_identify(src/navigation/maps) by extension 'python'
[0.993s] Level 1:colcon.colcon_core.package_identification:_identify(src/navigation/maps) by extensions ['python_setup_py']
[0.993s] Level 1:colcon.colcon_core.package_identification:_identify(src/navigation/maps) by extension 'python_setup_py'
[0.993s] Level 1:colcon.colcon_core.package_identification:_identify(src/robot_model) by extensions ['ignore', 'ignore_ament_install']
[0.994s] Level 1:colcon.colcon_core.package_identification:_identify(src/robot_model) by extension 'ignore'
[0.994s] Level 1:colcon.colcon_core.package_identification:_identify(src/robot_model) by extension 'ignore_ament_install'
[0.994s] Level 1:colcon.colcon_core.package_identification:_identify(src/robot_model) by extensions ['colcon_pkg']
[0.994s] Level 1:colcon.colcon_core.package_identification:_identify(src/robot_model) by extension 'colcon_pkg'
[0.995s] Level 1:colcon.colcon_core.package_identification:_identify(src/robot_model) by extensions ['colcon_meta']
[0.995s] Level 1:colcon.colcon_core.package_identification:_identify(src/robot_model) by extension 'colcon_meta'
[0.995s] Level 1:colcon.colcon_core.package_identification:_identify(src/robot_model) by extensions ['ros']
[0.996s] Level 1:colcon.colcon_core.package_identification:_identify(src/robot_model) by extension 'ros'
[0.999s] DEBUG:colcon.colcon_core.package_identification:Package 'src/robot_model' with type 'ros.ament_cmake' and name 'robot_model'
[0.999s] Level 1:colcon.colcon_core.package_identification:_identify(src/sr_interfaces) by extensions ['ignore', 'ignore_ament_install']
[0.999s] Level 1:colcon.colcon_core.package_identification:_identify(src/sr_interfaces) by extension 'ignore'
[1.000s] Level 1:colcon.colcon_core.package_identification:_identify(src/sr_interfaces) by extension 'ignore_ament_install'
[1.000s] Level 1:colcon.colcon_core.package_identification:_identify(src/sr_interfaces) by extensions ['colcon_pkg']
[1.000s] Level 1:colcon.colcon_core.package_identification:_identify(src/sr_interfaces) by extension 'colcon_pkg'
[1.000s] Level 1:colcon.colcon_core.package_identification:_identify(src/sr_interfaces) by extensions ['colcon_meta']
[1.000s] Level 1:colcon.colcon_core.package_identification:_identify(src/sr_interfaces) by extension 'colcon_meta'
[1.001s] Level 1:colcon.colcon_core.package_identification:_identify(src/sr_interfaces) by extensions ['ros']
[1.001s] Level 1:colcon.colcon_core.package_identification:_identify(src/sr_interfaces) by extension 'ros'
[1.002s] DEBUG:colcon.colcon_core.package_identification:Package 'src/sr_interfaces' with type 'ros.ament_cmake' and name 'sr_interfaces'
[1.003s] Level 1:colcon.colcon_core.package_identification:_identify(src/start_up) by extensions ['ignore', 'ignore_ament_install']
[1.003s] Level 1:colcon.colcon_core.package_identification:_identify(src/start_up) by extension 'ignore'
[1.004s] Level 1:colcon.colcon_core.package_identification:_identify(src/start_up) by extension 'ignore_ament_install'
[1.004s] Level 1:colcon.colcon_core.package_identification:_identify(src/start_up) by extensions ['colcon_pkg']
[1.004s] Level 1:colcon.colcon_core.package_identification:_identify(src/start_up) by extension 'colcon_pkg'
[1.004s] Level 1:colcon.colcon_core.package_identification:_identify(src/start_up) by extensions ['colcon_meta']
[1.004s] Level 1:colcon.colcon_core.package_identification:_identify(src/start_up) by extension 'colcon_meta'
[1.004s] Level 1:colcon.colcon_core.package_identification:_identify(src/start_up) by extensions ['ros']
[1.005s] Level 1:colcon.colcon_core.package_identification:_identify(src/start_up) by extension 'ros'
[1.006s] DEBUG:colcon.colcon_core.package_identification:Package 'src/start_up' with type 'ros.ament_cmake' and name 'start_up'
[1.007s] Level 1:colcon.colcon_core.package_discovery:discover_packages(recursive) using defaults
[1.007s] Level 1:colcon.colcon_core.package_discovery:discover_packages(ignore) discover
[1.007s] Level 1:colcon.colcon_core.package_discovery:discover_packages(ignore) using defaults
[1.008s] Level 1:colcon.colcon_core.package_discovery:discover_packages(path) discover
[1.008s] Level 1:colcon.colcon_core.package_discovery:discover_packages(path) using defaults
[1.077s] Level 1:colcon.colcon_core.package_discovery:discover_packages(prefix_path) check parameters
[1.078s] Level 1:colcon.colcon_core.package_discovery:discover_packages(prefix_path) discover
[1.086s] DEBUG:colcon.colcon_installed_package_information.package_discovery:Found 374 installed packages in /opt/ros/jazzy
[1.090s] Level 1:colcon.colcon_core.package_discovery:discover_packages(prefix_path) using defaults
[1.295s] Level 5:colcon.colcon_core.verb:set package 'gazebo_worlds' build argument 'cmake_args' from command line to 'None'
[1.296s] Level 5:colcon.colcon_core.verb:set package 'gazebo_worlds' build argument 'cmake_target' from command line to 'None'
[1.296s] Level 5:colcon.colcon_core.verb:set package 'gazebo_worlds' build argument 'cmake_target_skip_unavailable' from command line to 'False'
[1.296s] Level 5:colcon.colcon_core.verb:set package 'gazebo_worlds' build argument 'cmake_clean_cache' from command line to 'False'
[1.296s] Level 5:colcon.colcon_core.verb:set package 'gazebo_worlds' build argument 'cmake_clean_first' from command line to 'False'
[1.297s] Level 5:colcon.colcon_core.verb:set package 'gazebo_worlds' build argument 'cmake_force_configure' from command line to 'False'
[1.297s] Level 5:colcon.colcon_core.verb:set package 'gazebo_worlds' build argument 'ament_cmake_args' from command line to 'None'
[1.297s] Level 5:colcon.colcon_core.verb:set package 'gazebo_worlds' build argument 'catkin_cmake_args' from command line to 'None'
[1.297s] Level 5:colcon.colcon_core.verb:set package 'gazebo_worlds' build argument 'catkin_skip_building_tests' from command line to 'False'
[1.297s] DEBUG:colcon.colcon_core.verb:Building package 'gazebo_worlds' with the following arguments: {'ament_cmake_args': None, 'build_base': '/home/fintan/ME4857Assignment2-master/build/gazebo_worlds', 'catkin_cmake_args': None, 'catkin_skip_building_tests': False, 'cmake_args': None, 'cmake_clean_cache': False, 'cmake_clean_first': False, 'cmake_force_configure': False, 'cmake_target': None, 'cmake_target_skip_unavailable': False, 'install_base': '/home/fintan/ME4857Assignment2-master/install/gazebo_worlds', 'merge_install': False, 'path': '/home/fintan/ME4857Assignment2-master/src/gazebo', 'symlink_install': False, 'test_result_base': None}
[1.299s] Level 5:colcon.colcon_core.verb:set package 'robot_model' build argument 'cmake_args' from command line to 'None'
[1.299s] Level 5:colcon.colcon_core.verb:set package 'robot_model' build argument 'cmake_target' from command line to 'None'
[1.299s] Level 5:colcon.colcon_core.verb:set package 'robot_model' build argument 'cmake_target_skip_unavailable' from command line to 'False'
[1.299s] Level 5:colcon.colcon_core.verb:set package 'robot_model' build argument 'cmake_clean_cache' from command line to 'False'
[1.299s] Level 5:colcon.colcon_core.verb:set package 'robot_model' build argument 'cmake_clean_first' from command line to 'False'
[1.299s] Level 5:colcon.colcon_core.verb:set package 'robot_model' build argument 'cmake_force_configure' from command line to 'False'
[1.299s] Level 5:colcon.colcon_core.verb:set package 'robot_model' build argument 'ament_cmake_args' from command line to 'None'
[1.300s] Level 5:colcon.colcon_core.verb:set package 'robot_model' build argument 'catkin_cmake_args' from command line to 'None'
[1.300s] Level 5:colcon.colcon_core.verb:set package 'robot_model' build argument 'catkin_skip_building_tests' from command line to 'False'
[1.300s] DEBUG:colcon.colcon_core.verb:Building package 'robot_model' with the following arguments: {'ament_cmake_args': None, 'build_base': '/home/fintan/ME4857Assignment2-master/build/robot_model', 'catkin_cmake_args': None, 'catkin_skip_building_tests': False, 'cmake_args': None, 'cmake_clean_cache': False, 'cmake_clean_first': False, 'cmake_force_configure': False, 'cmake_target': None, 'cmake_target_skip_unavailable': False, 'install_base': '/home/fintan/ME4857Assignment2-master/install/robot_model', 'merge_install': False, 'path': '/home/fintan/ME4857Assignment2-master/src/robot_model', 'symlink_install': False, 'test_result_base': None}
[1.300s] Level 5:colcon.colcon_core.verb:set package 'sr_interfaces' build argument 'cmake_args' from command line to 'None'
[1.301s] Level 5:colcon.colcon_core.verb:set package 'sr_interfaces' build argument 'cmake_target' from command line to 'None'
[1.301s] Level 5:colcon.colcon_core.verb:set package 'sr_interfaces' build argument 'cmake_target_skip_unavailable' from command line to 'False'
[1.301s] Level 5:colcon.colcon_core.verb:set package 'sr_interfaces' build argument 'cmake_clean_cache' from command line to 'False'
[1.301s] Level 5:colcon.colcon_core.verb:set package 'sr_interfaces' build argument 'cmake_clean_first' from command line to 'False'
[1.301s] Level 5:colcon.colcon_core.verb:set package 'sr_interfaces' build argument 'cmake_force_configure' from command line to 'False'
[1.301s] Level 5:colcon.colcon_core.verb:set package 'sr_interfaces' build argument 'ament_cmake_args' from command line to 'None'
[1.301s] Level 5:colcon.colcon_core.verb:set package 'sr_interfaces' build argument 'catkin_cmake_args' from command line to 'None'
[1.301s] Level 5:colcon.colcon_core.verb:set package 'sr_interfaces' build argument 'catkin_skip_building_tests' from command line to 'False'
[1.301s] DEBUG:colcon.colcon_core.verb:Building package 'sr_interfaces' with the following arguments: {'ament_cmake_args': None, 'build_base': '/home/fintan/ME4857Assignment2-master/build/sr_interfaces', 'catkin_cmake_args': None, 'catkin_skip_building_tests': False, 'cmake_args': None, 'cmake_clean_cache': False, 'cmake_clean_first': False, 'cmake_force_configure': False, 'cmake_target': None, 'cmake_target_skip_unavailable': False, 'install_base': '/home/fintan/ME4857Assignment2-master/install/sr_interfaces', 'merge_install': False, 'path': '/home/fintan/ME4857Assignment2-master/src/sr_interfaces', 'symlink_install': False, 'test_result_base': None}
[1.302s] Level 5:colcon.colcon_core.verb:set package 'bt' build argument 'cmake_args' from command line to 'None'
[1.302s] Level 5:colcon.colcon_core.verb:set package 'bt' build argument 'cmake_target' from command line to 'None'
[1.302s] Level 5:colcon.colcon_core.verb:set package 'bt' build argument 'cmake_target_skip_unavailable' from command line to 'False'
[1.302s] Level 5:colcon.colcon_core.verb:set package 'bt' build argument 'cmake_clean_cache' from command line to 'False'
[1.302s] Level 5:colcon.colcon_core.verb:set package 'bt' build argument 'cmake_clean_first' from command line to 'False'
[1.302s] Level 5:colcon.colcon_core.verb:set package 'bt' build argument 'cmake_force_configure' from command line to 'False'
[1.302s] Level 5:colcon.colcon_core.verb:set package 'bt' build argument 'ament_cmake_args' from command line to 'None'
[1.302s] Level 5:colcon.colcon_core.verb:set package 'bt' build argument 'catkin_cmake_args' from command line to 'None'
[1.302s] Level 5:colcon.colcon_core.verb:set package 'bt' build argument 'catkin_skip_building_tests' from command line to 'False'
[1.302s] DEBUG:colcon.colcon_core.verb:Building package 'bt' with the following arguments: {'ament_cmake_args': None, 'build_base': '/home/fintan/ME4857Assignment2-master/build/bt', 'catkin_cmake_args': None, 'catkin_skip_building_tests': False, 'cmake_args': None, 'cmake_clean_cache': False, 'cmake_clean_first': False, 'cmake_force_configure': False, 'cmake_target': None, 'cmake_target_skip_unavailable': False, 'install_base': '/home/fintan/ME4857Assignment2-master/install/bt', 'merge_install': False, 'path': '/home/fintan/ME4857Assignment2-master/src/bt', 'symlink_install': False, 'test_result_base': None}
[1.304s] Level 5:colcon.colcon_core.verb:set package 'start_up' build argument 'cmake_args' from command line to 'None'
[1.304s] Level 5:colcon.colcon_core.verb:set package 'start_up' build argument 'cmake_target' from command line to 'None'
[1.304s] Level 5:colcon.colcon_core.verb:set package 'start_up' build argument 'cmake_target_skip_unavailable' from command line to 'False'
[1.304s] Level 5:colcon.colcon_core.verb:set package 'start_up' build argument 'cmake_clean_cache' from command line to 'False'
[1.304s] Level 5:colcon.colcon_core.verb:set package 'start_up' build argument 'cmake_clean_first' from command line to 'False'
[1.304s] Level 5:colcon.colcon_core.verb:set package 'start_up' build argument 'cmake_force_configure' from command line to 'False'
[1.304s] Level 5:colcon.colcon_core.verb:set package 'start_up' build argument 'ament_cmake_args' from command line to 'None'
[1.304s] Level 5:colcon.colcon_core.verb:set package 'start_up' build argument 'catkin_cmake_args' from command line to 'None'
[1.304s] Level 5:colcon.colcon_core.verb:set package 'start_up' build argument 'catkin_skip_building_tests' from command line to 'False'
[1.305s] DEBUG:colcon.colcon_core.verb:Building package 'start_up' with the following arguments: {'ament_cmake_args': None, 'build_base': '/home/fintan/ME4857Assignment2-master/build/start_up', 'catkin_cmake_args': None, 'catkin_skip_building_tests': False, 'cmake_args': None, 'cmake_clean_cache': False, 'cmake_clean_first': False, 'cmake_force_configure': False, 'cmake_target': None, 'cmake_target_skip_unavailable': False, 'install_base': '/home/fintan/ME4857Assignment2-master/install/start_up', 'merge_install': False, 'path': '/home/fintan/ME4857Assignment2-master/src/start_up', 'symlink_install': False, 'test_result_base': None}
[1.305s] INFO:colcon.colcon_core.executor:Executing jobs using 'parallel' executor
[1.309s] DEBUG:colcon.colcon_parallel_executor.executor.parallel:run_until_complete
[1.309s] INFO:colcon.colcon_ros.task.ament_cmake.build:Building ROS package in '/home/fintan/ME4857Assignment2-master/src/sr_interfaces' with build type 'ament_cmake'
[1.310s] INFO:colcon.colcon_cmake.task.cmake.build:Building CMake package in '/home/fintan/ME4857Assignment2-master/src/sr_interfaces'
[1.314s] INFO:colcon.colcon_core.plugin_system:Skipping extension 'colcon_core.shell.bat': Not used on non-Windows systems
[1.314s] INFO:colcon.colcon_core.shell:Skip shell extension 'powershell' for command environment: Not usable outside of PowerShell
[1.314s] DEBUG:colcon.colcon_core.shell:Skip shell extension 'dsv' for command environment
[1.323s] INFO:colcon.colcon_ros.task.ament_cmake.build:Building ROS package in '/home/fintan/ME4857Assignment2-master/src/robot_model' with build type 'ament_cmake'
[1.324s] INFO:colcon.colcon_cmake.task.cmake.build:Building CMake package in '/home/fintan/ME4857Assignment2-master/src/robot_model'
[1.325s] INFO:colcon.colcon_core.shell:Skip shell extension 'powershell' for command environment: Not usable outside of PowerShell
[1.325s] DEBUG:colcon.colcon_core.shell:Skip shell extension 'dsv' for command environment
[1.336s] INFO:colcon.colcon_ros.task.ament_cmake.build:Building ROS package in '/home/fintan/ME4857Assignment2-master/src/gazebo' with build type 'ament_cmake'
[1.337s] INFO:colcon.colcon_cmake.task.cmake.build:Building CMake package in '/home/fintan/ME4857Assignment2-master/src/gazebo'
[1.337s] INFO:colcon.colcon_core.shell:Skip shell extension 'powershell' for command environment: Not usable outside of PowerShell
[1.338s] DEBUG:colcon.colcon_core.shell:Skip shell extension 'dsv' for command environment
[1.387s] DEBUG:colcon.colcon_core.event_handler.log_command:Invoking command in '/home/fintan/ME4857Assignment2-master/build/sr_interfaces': CMAKE_PREFIX_PATH=${CMAKE_PREFIX_PATH}:/opt/ros/jazzy /usr/bin/cmake --build /home/fintan/ME4857Assignment2-master/build/sr_interfaces -- -j12 -l12
[1.401s] DEBUG:colcon.colcon_core.event_handler.log_command:Invoking command in '/home/fintan/ME4857Assignment2-master/build/robot_model': CMAKE_PREFIX_PATH=${CMAKE_PREFIX_PATH}:/opt/ros/jazzy /usr/bin/cmake --build /home/fintan/ME4857Assignment2-master/build/robot_model -- -j12 -l12
[1.412s] DEBUG:colcon.colcon_core.event_handler.log_command:Invoking command in '/home/fintan/ME4857Assignment2-master/build/gazebo_worlds': CMAKE_PREFIX_PATH=${CMAKE_PREFIX_PATH}:/opt/ros/jazzy /usr/bin/cmake --build /home/fintan/ME4857Assignment2-master/build/gazebo_worlds -- -j12 -l12
[1.558s] DEBUG:colcon.colcon_core.event_handler.log_command:Invoked command in '/home/fintan/ME4857Assignment2-master/build/robot_model' returned '0': CMAKE_PREFIX_PATH=${CMAKE_PREFIX_PATH}:/opt/ros/jazzy /usr/bin/cmake --build /home/fintan/ME4857Assignment2-master/build/robot_model -- -j12 -l12
[1.607s] DEBUG:colcon.colcon_core.event_handler.log_command:Invoking command in '/home/fintan/ME4857Assignment2-master/build/robot_model': CMAKE_PREFIX_PATH=${CMAKE_PREFIX_PATH}:/opt/ros/jazzy /usr/bin/cmake --install /home/fintan/ME4857Assignment2-master/build/robot_model
[1.611s] DEBUG:colcon.colcon_core.event_handler.log_command:Invoked command in '/home/fintan/ME4857Assignment2-master/build/gazebo_worlds' returned '0': CMAKE_PREFIX_PATH=${CMAKE_PREFIX_PATH}:/opt/ros/jazzy /usr/bin/cmake --build /home/fintan/ME4857Assignment2-master/build/gazebo_worlds -- -j12 -l12
[1.617s] DEBUG:colcon.colcon_core.event_handler.log_command:Invoking command in '/home/fintan/ME4857Assignment2-master/build/gazebo_worlds': CMAKE_PREFIX_PATH=${CMAKE_PREFIX_PATH}:/opt/ros/jazzy /usr/bin/cmake --install /home/fintan/ME4857Assignment2-master/build/gazebo_worlds
[1.664s] Level 1:colcon.colcon_core.environment:create_environment_scripts_only(robot_model)
[1.685s] Level 1:colcon.colcon_core.environment:checking '/home/fintan/ME4857Assignment2-master/install/robot_model' for CMake module files
[1.691s] Level 1:colcon.colcon_core.environment:checking '/home/fintan/ME4857Assignment2-master/install/robot_model' for CMake config files
[1.692s] Level 1:colcon.colcon_core.shell:create_environment_hook('robot_model', 'cmake_prefix_path')
[1.693s] INFO:colcon.colcon_core.shell:Creating environment hook '/home/fintan/ME4857Assignment2-master/install/robot_model/share/robot_model/hook/cmake_prefix_path.ps1'
[1.689s] DEBUG:colcon.colcon_core.event_handler.log_command:Invoked command in '/home/fintan/ME4857Assignment2-master/build/robot_model' returned '0': CMAKE_PREFIX_PATH=${CMAKE_PREFIX_PATH}:/opt/ros/jazzy /usr/bin/cmake --install /home/fintan/ME4857Assignment2-master/build/robot_model
[1.695s] INFO:colcon.colcon_core.shell:Creating environment descriptor '/home/fintan/ME4857Assignment2-master/install/robot_model/share/robot_model/hook/cmake_prefix_path.dsv'
[1.698s] INFO:colcon.colcon_core.shell:Creating environment hook '/home/fintan/ME4857Assignment2-master/install/robot_model/share/robot_model/hook/cmake_prefix_path.sh'
[1.704s] Level 1:colcon.colcon_core.environment:checking '/home/fintan/ME4857Assignment2-master/install/robot_model/bin'
[1.705s] Level 1:colcon.colcon_core.environment:checking '/home/fintan/ME4857Assignment2-master/install/robot_model/lib/pkgconfig/robot_model.pc'
[1.706s] Level 1:colcon.colcon_core.environment:checking '/home/fintan/ME4857Assignment2-master/install/robot_model/lib/python3.12/site-packages'
[1.707s] Level 1:colcon.colcon_core.environment:checking '/home/fintan/ME4857Assignment2-master/install/robot_model/bin'
[1.708s] INFO:colcon.colcon_core.shell:Creating package script '/home/fintan/ME4857Assignment2-master/install/robot_model/share/robot_model/package.ps1'
[1.712s] INFO:colcon.colcon_core.shell:Creating package descriptor '/home/fintan/ME4857Assignment2-master/install/robot_model/share/robot_model/package.dsv'
[1.715s] INFO:colcon.colcon_core.shell:Creating package script '/home/fintan/ME4857Assignment2-master/install/robot_model/share/robot_model/package.sh'
[1.720s] INFO:colcon.colcon_core.shell:Creating package script '/home/fintan/ME4857Assignment2-master/install/robot_model/share/robot_model/package.bash'
[1.723s] INFO:colcon.colcon_core.shell:Creating package script '/home/fintan/ME4857Assignment2-master/install/robot_model/share/robot_model/package.zsh'
[1.725s] Level 1:colcon.colcon_core.environment:create_file_with_runtime_dependencies(/home/fintan/ME4857Assignment2-master/install/robot_model/share/colcon-core/packages/robot_model)
[1.727s] Level 1:colcon.colcon_core.environment:create_environment_scripts_only(robot_model)
[1.727s] Level 1:colcon.colcon_core.environment:checking '/home/fintan/ME4857Assignment2-master/install/robot_model' for CMake module files
[1.728s] Level 1:colcon.colcon_core.environment:checking '/home/fintan/ME4857Assignment2-master/install/robot_model' for CMake config files
[1.730s] Level 1:colcon.colcon_core.shell:create_environment_hook('robot_model', 'cmake_prefix_path')
[1.731s] INFO:colcon.colcon_core.shell:Creating environment hook '/home/fintan/ME4857Assignment2-master/install/robot_model/share/robot_model/hook/cmake_prefix_path.ps1'
[1.733s] INFO:colcon.colcon_core.shell:Creating environment descriptor '/home/fintan/ME4857Assignment2-master/install/robot_model/share/robot_model/hook/cmake_prefix_path.dsv'
[1.735s] INFO:colcon.colcon_core.shell:Creating environment hook '/home/fintan/ME4857Assignment2-master/install/robot_model/share/robot_model/hook/cmake_prefix_path.sh'
[1.738s] Level 1:colcon.colcon_core.environment:checking '/home/fintan/ME4857Assignment2-master/install/robot_model/bin'
[1.738s] Level 1:colcon.colcon_core.environment:checking '/home/fintan/ME4857Assignment2-master/install/robot_model/lib/pkgconfig/robot_model.pc'
[1.739s] Level 1:colcon.colcon_core.environment:checking '/home/fintan/ME4857Assignment2-master/install/robot_model/lib/python3.12/site-packages'
[1.740s] Level 1:colcon.colcon_core.environment:checking '/home/fintan/ME4857Assignment2-master/install/robot_model/bin'
[1.741s] INFO:colcon.colcon_core.shell:Creating package script '/home/fintan/ME4857Assignment2-master/install/robot_model/share/robot_model/package.ps1'
[1.743s] INFO:colcon.colcon_core.shell:Creating package descriptor '/home/fintan/ME4857Assignment2-master/install/robot_model/share/robot_model/package.dsv'
[1.744s] INFO:colcon.colcon_core.shell:Creating package script '/home/fintan/ME4857Assignment2-master/install/robot_model/share/robot_model/package.sh'
[1.746s] INFO:colcon.colcon_core.shell:Creating package script '/home/fintan/ME4857Assignment2-master/install/robot_model/share/robot_model/package.bash'
[1.754s] INFO:colcon.colcon_core.shell:Creating package script '/home/fintan/ME4857Assignment2-master/install/robot_model/share/robot_model/package.zsh'
[1.757s] Level 1:colcon.colcon_core.environment:create_file_with_runtime_dependencies(/home/fintan/ME4857Assignment2-master/install/robot_model/share/colcon-core/packages/robot_model)
[1.760s] Level 1:colcon.colcon_core.environment:create_environment_scripts_only(gazebo_worlds)
[1.761s] Level 1:colcon.colcon_core.environment:checking '/home/fintan/ME4857Assignment2-master/install/gazebo_worlds' for CMake module files
[1.767s] Level 1:colcon.colcon_core.environment:checking '/home/fintan/ME4857Assignment2-master/install/gazebo_worlds' for CMake config files
[1.769s] DEBUG:colcon.colcon_core.event_handler.log_command:Invoked command in '/home/fintan/ME4857Assignment2-master/build/gazebo_worlds' returned '0': CMAKE_PREFIX_PATH=${CMAKE_PREFIX_PATH}:/opt/ros/jazzy /usr/bin/cmake --install /home/fintan/ME4857Assignment2-master/build/gazebo_worlds
[1.769s] Level 1:colcon.colcon_core.shell:create_environment_hook('gazebo_worlds', 'cmake_prefix_path')
[1.771s] INFO:colcon.colcon_core.shell:Creating environment hook '/home/fintan/ME4857Assignment2-master/install/gazebo_worlds/share/gazebo_worlds/hook/cmake_prefix_path.ps1'
[1.773s] INFO:colcon.colcon_core.shell:Creating environment descriptor '/home/fintan/ME4857Assignment2-master/install/gazebo_worlds/share/gazebo_worlds/hook/cmake_prefix_path.dsv'
[1.774s] INFO:colcon.colcon_core.shell:Creating environment hook '/home/fintan/ME4857Assignment2-master/install/gazebo_worlds/share/gazebo_worlds/hook/cmake_prefix_path.sh'
[1.776s] Level 1:colcon.colcon_core.environment:checking '/home/fintan/ME4857Assignment2-master/install/gazebo_worlds/bin'
[1.776s] Level 1:colcon.colcon_core.environment:checking '/home/fintan/ME4857Assignment2-master/install/gazebo_worlds/lib/pkgconfig/gazebo_worlds.pc'
[1.777s] Level 1:colcon.colcon_core.environment:checking '/home/fintan/ME4857Assignment2-master/install/gazebo_worlds/lib/python3.12/site-packages'
[1.778s] Level 1:colcon.colcon_core.environment:checking '/home/fintan/ME4857Assignment2-master/install/gazebo_worlds/bin'
[1.780s] INFO:colcon.colcon_core.shell:Creating package script '/home/fintan/ME4857Assignment2-master/install/gazebo_worlds/share/gazebo_worlds/package.ps1'
[1.782s] INFO:colcon.colcon_core.shell:Creating package descriptor '/home/fintan/ME4857Assignment2-master/install/gazebo_worlds/share/gazebo_worlds/package.dsv'
[1.787s] INFO:colcon.colcon_core.shell:Creating package script '/home/fintan/ME4857Assignment2-master/install/gazebo_worlds/share/gazebo_worlds/package.sh'
[1.789s] INFO:colcon.colcon_core.shell:Creating package script '/home/fintan/ME4857Assignment2-master/install/gazebo_worlds/share/gazebo_worlds/package.bash'
[1.791s] INFO:colcon.colcon_core.shell:Creating package script '/home/fintan/ME4857Assignment2-master/install/gazebo_worlds/share/gazebo_worlds/package.zsh'
[1.794s] Level 1:colcon.colcon_core.environment:create_file_with_runtime_dependencies(/home/fintan/ME4857Assignment2-master/install/gazebo_worlds/share/colcon-core/packages/gazebo_worlds)
[1.797s] Level 1:colcon.colcon_core.environment:create_environment_scripts_only(gazebo_worlds)
[1.798s] Level 1:colcon.colcon_core.environment:checking '/home/fintan/ME4857Assignment2-master/install/gazebo_worlds' for CMake module files
[1.801s] Level 1:colcon.colcon_core.environment:checking '/home/fintan/ME4857Assignment2-master/install/gazebo_worlds' for CMake config files
[1.802s] Level 1:colcon.colcon_core.shell:create_environment_hook('gazebo_worlds', 'cmake_prefix_path')
[1.803s] INFO:colcon.colcon_core.shell:Creating environment hook '/home/fintan/ME4857Assignment2-master/install/gazebo_worlds/share/gazebo_worlds/hook/cmake_prefix_path.ps1'
[1.804s] INFO:colcon.colcon_core.shell:Creating environment descriptor '/home/fintan/ME4857Assignment2-master/install/gazebo_worlds/share/gazebo_worlds/hook/cmake_prefix_path.dsv'
[1.805s] INFO:colcon.colcon_core.shell:Creating environment hook '/home/fintan/ME4857Assignment2-master/install/gazebo_worlds/share/gazebo_worlds/hook/cmake_prefix_path.sh'
[1.806s] Level 1:colcon.colcon_core.environment:checking '/home/fintan/ME4857Assignment2-master/install/gazebo_worlds/bin'
[1.807s] Level 1:colcon.colcon_core.environment:checking '/home/fintan/ME4857Assignment2-master/install/gazebo_worlds/lib/pkgconfig/gazebo_worlds.pc'
[1.807s] Level 1:colcon.colcon_core.environment:checking '/home/fintan/ME4857Assignment2-master/install/gazebo_worlds/lib/python3.12/site-packages'
[1.808s] Level 1:colcon.colcon_core.environment:checking '/home/fintan/ME4857Assignment2-master/install/gazebo_worlds/bin'
[1.810s] INFO:colcon.colcon_core.shell:Creating package script '/home/fintan/ME4857Assignment2-master/install/gazebo_worlds/share/gazebo_worlds/package.ps1'
[1.812s] INFO:colcon.colcon_core.shell:Creating package descriptor '/home/fintan/ME4857Assignment2-master/install/gazebo_worlds/share/gazebo_worlds/package.dsv'
[1.815s] INFO:colcon.colcon_core.shell:Creating package script '/home/fintan/ME4857Assignment2-master/install/gazebo_worlds/share/gazebo_worlds/package.sh'
[1.817s] INFO:colcon.colcon_core.shell:Creating package script '/home/fintan/ME4857Assignment2-master/install/gazebo_worlds/share/gazebo_worlds/package.bash'
[1.820s] INFO:colcon.colcon_core.shell:Creating package script '/home/fintan/ME4857Assignment2-master/install/gazebo_worlds/share/gazebo_worlds/package.zsh'
[1.822s] Level 1:colcon.colcon_core.environment:create_file_with_runtime_dependencies(/home/fintan/ME4857Assignment2-master/install/gazebo_worlds/share/colcon-core/packages/gazebo_worlds)
[4.248s] DEBUG:colcon.colcon_core.event_handler.log_command:Invoked command in '/home/fintan/ME4857Assignment2-master/build/sr_interfaces' returned '0': CMAKE_PREFIX_PATH=${CMAKE_PREFIX_PATH}:/opt/ros/jazzy /usr/bin/cmake --build /home/fintan/ME4857Assignment2-master/build/sr_interfaces -- -j12 -l12
[4.251s] DEBUG:colcon.colcon_core.event_handler.log_command:Invoking command in '/home/fintan/ME4857Assignment2-master/build/sr_interfaces': CMAKE_PREFIX_PATH=${CMAKE_PREFIX_PATH}:/opt/ros/jazzy /usr/bin/cmake --install /home/fintan/ME4857Assignment2-master/build/sr_interfaces
[4.460s] Level 1:colcon.colcon_core.environment:create_environment_scripts_only(sr_interfaces)
[4.461s] Level 1:colcon.colcon_core.environment:checking '/home/fintan/ME4857Assignment2-master/install/sr_interfaces' for CMake module files
[4.462s] DEBUG:colcon.colcon_core.event_handler.log_command:Invoked command in '/home/fintan/ME4857Assignment2-master/build/sr_interfaces' returned '0': CMAKE_PREFIX_PATH=${CMAKE_PREFIX_PATH}:/opt/ros/jazzy /usr/bin/cmake --install /home/fintan/ME4857Assignment2-master/build/sr_interfaces
[4.466s] Level 1:colcon.colcon_core.environment:checking '/home/fintan/ME4857Assignment2-master/install/sr_interfaces' for CMake config files
[4.467s] Level 1:colcon.colcon_core.shell:create_environment_hook('sr_interfaces', 'cmake_prefix_path')
[4.467s] INFO:colcon.colcon_core.shell:Creating environment hook '/home/fintan/ME4857Assignment2-master/install/sr_interfaces/share/sr_interfaces/hook/cmake_prefix_path.ps1'
[4.468s] INFO:colcon.colcon_core.shell:Creating environment descriptor '/home/fintan/ME4857Assignment2-master/install/sr_interfaces/share/sr_interfaces/hook/cmake_prefix_path.dsv'
[4.470s] INFO:colcon.colcon_core.shell:Creating environment hook '/home/fintan/ME4857Assignment2-master/install/sr_interfaces/share/sr_interfaces/hook/cmake_prefix_path.sh'
[4.472s] Level 1:colcon.colcon_core.environment:checking '/home/fintan/ME4857Assignment2-master/install/sr_interfaces/lib'
[4.473s] Level 1:colcon.colcon_core.shell:create_environment_hook('sr_interfaces', 'ld_library_path_lib')
[4.474s] INFO:colcon.colcon_core.shell:Creating environment hook '/home/fintan/ME4857Assignment2-master/install/sr_interfaces/share/sr_interfaces/hook/ld_library_path_lib.ps1'
[4.475s] INFO:colcon.colcon_core.shell:Creating environment descriptor '/home/fintan/ME4857Assignment2-master/install/sr_interfaces/share/sr_interfaces/hook/ld_library_path_lib.dsv'
[4.477s] INFO:colcon.colcon_core.shell:Creating environment hook '/home/fintan/ME4857Assignment2-master/install/sr_interfaces/share/sr_interfaces/hook/ld_library_path_lib.sh'
[4.479s] Level 1:colcon.colcon_core.environment:checking '/home/fintan/ME4857Assignment2-master/install/sr_interfaces/bin'
[4.479s] Level 1:colcon.colcon_core.environment:checking '/home/fintan/ME4857Assignment2-master/install/sr_interfaces/lib/pkgconfig/sr_interfaces.pc'
[4.480s] Level 1:colcon.colcon_core.environment:checking '/home/fintan/ME4857Assignment2-master/install/sr_interfaces/lib/python3.12/site-packages'
[4.480s] Level 1:colcon.colcon_core.shell:create_environment_hook('sr_interfaces', 'pythonpath')
[4.480s] INFO:colcon.colcon_core.shell:Creating environment hook '/home/fintan/ME4857Assignment2-master/install/sr_interfaces/share/sr_interfaces/hook/pythonpath.ps1'
[4.482s] INFO:colcon.colcon_core.shell:Creating environment descriptor '/home/fintan/ME4857Assignment2-master/install/sr_interfaces/share/sr_interfaces/hook/pythonpath.dsv'
[4.483s] INFO:colcon.colcon_core.shell:Creating environment hook '/home/fintan/ME4857Assignment2-master/install/sr_interfaces/share/sr_interfaces/hook/pythonpath.sh'
[4.486s] Level 1:colcon.colcon_core.environment:checking '/home/fintan/ME4857Assignment2-master/install/sr_interfaces/bin'
[4.486s] INFO:colcon.colcon_core.shell:Creating package script '/home/fintan/ME4857Assignment2-master/install/sr_interfaces/share/sr_interfaces/package.ps1'
[4.491s] INFO:colcon.colcon_core.shell:Creating package descriptor '/home/fintan/ME4857Assignment2-master/install/sr_interfaces/share/sr_interfaces/package.dsv'
[4.493s] INFO:colcon.colcon_core.shell:Creating package script '/home/fintan/ME4857Assignment2-master/install/sr_interfaces/share/sr_interfaces/package.sh'
[4.495s] INFO:colcon.colcon_core.shell:Creating package script '/home/fintan/ME4857Assignment2-master/install/sr_interfaces/share/sr_interfaces/package.bash'
[4.496s] INFO:colcon.colcon_core.shell:Creating package script '/home/fintan/ME4857Assignment2-master/install/sr_interfaces/share/sr_interfaces/package.zsh'
[4.497s] Level 1:colcon.colcon_core.environment:create_file_with_runtime_dependencies(/home/fintan/ME4857Assignment2-master/install/sr_interfaces/share/colcon-core/packages/sr_interfaces)
[4.498s] Level 1:colcon.colcon_core.environment:create_environment_scripts_only(sr_interfaces)
[4.499s] Level 1:colcon.colcon_core.environment:checking '/home/fintan/ME4857Assignment2-master/install/sr_interfaces' for CMake module files
[4.501s] Level 1:colcon.colcon_core.environment:checking '/home/fintan/ME4857Assignment2-master/install/sr_interfaces' for CMake config files
[4.502s] Level 1:colcon.colcon_core.shell:create_environment_hook('sr_interfaces', 'cmake_prefix_path')
[4.502s] INFO:colcon.colcon_core.shell:Creating environment hook '/home/fintan/ME4857Assignment2-master/install/sr_interfaces/share/sr_interfaces/hook/cmake_prefix_path.ps1'
[4.506s] INFO:colcon.colcon_core.shell:Creating environment descriptor '/home/fintan/ME4857Assignment2-master/install/sr_interfaces/share/sr_interfaces/hook/cmake_prefix_path.dsv'
[4.508s] INFO:colcon.colcon_core.shell:Creating environment hook '/home/fintan/ME4857Assignment2-master/install/sr_interfaces/share/sr_interfaces/hook/cmake_prefix_path.sh'
[4.510s] Level 1:colcon.colcon_core.environment:checking '/home/fintan/ME4857Assignment2-master/install/sr_interfaces/lib'
[4.510s] Level 1:colcon.colcon_core.shell:create_environment_hook('sr_interfaces', 'ld_library_path_lib')
[4.511s] INFO:colcon.colcon_core.shell:Creating environment hook '/home/fintan/ME4857Assignment2-master/install/sr_interfaces/share/sr_interfaces/hook/ld_library_path_lib.ps1'
[4.512s] INFO:colcon.colcon_core.shell:Creating environment descriptor '/home/fintan/ME4857Assignment2-master/install/sr_interfaces/share/sr_interfaces/hook/ld_library_path_lib.dsv'
[4.513s] INFO:colcon.colcon_core.shell:Creating environment hook '/home/fintan/ME4857Assignment2-master/install/sr_interfaces/share/sr_interfaces/hook/ld_library_path_lib.sh'
[4.515s] Level 1:colcon.colcon_core.environment:checking '/home/fintan/ME4857Assignment2-master/install/sr_interfaces/bin'
[4.515s] Level 1:colcon.colcon_core.environment:checking '/home/fintan/ME4857Assignment2-master/install/sr_interfaces/lib/pkgconfig/sr_interfaces.pc'
[4.515s] Level 1:colcon.colcon_core.environment:checking '/home/fintan/ME4857Assignment2-master/install/sr_interfaces/lib/python3.12/site-packages'
[4.516s] Level 1:colcon.colcon_core.shell:create_environment_hook('sr_interfaces', 'pythonpath')
[4.516s] INFO:colcon.colcon_core.shell:Creating environment hook '/home/fintan/ME4857Assignment2-master/install/sr_interfaces/share/sr_interfaces/hook/pythonpath.ps1'
[4.518s] INFO:colcon.colcon_core.shell:Creating environment descriptor '/home/fintan/ME4857Assignment2-master/install/sr_interfaces/share/sr_interfaces/hook/pythonpath.dsv'
[4.520s] INFO:colcon.colcon_core.shell:Creating environment hook '/home/fintan/ME4857Assignment2-master/install/sr_interfaces/share/sr_interfaces/hook/pythonpath.sh'
[4.524s] Level 1:colcon.colcon_core.environment:checking '/home/fintan/ME4857Assignment2-master/install/sr_interfaces/bin'
[4.525s] INFO:colcon.colcon_core.shell:Creating package script '/home/fintan/ME4857Assignment2-master/install/sr_interfaces/share/sr_interfaces/package.ps1'
[4.529s] INFO:colcon.colcon_core.shell:Creating package descriptor '/home/fintan/ME4857Assignment2-master/install/sr_interfaces/share/sr_interfaces/package.dsv'
[4.532s] INFO:colcon.colcon_core.shell:Creating package script '/home/fintan/ME4857Assignment2-master/install/sr_interfaces/share/sr_interfaces/package.sh'
[4.534s] INFO:colcon.colcon_core.shell:Creating package script '/home/fintan/ME4857Assignment2-master/install/sr_interfaces/share/sr_interfaces/package.bash'
[4.536s] INFO:colcon.colcon_core.shell:Creating package script '/home/fintan/ME4857Assignment2-master/install/sr_interfaces/share/sr_interfaces/package.zsh'
[4.539s] Level 1:colcon.colcon_core.environment:create_file_with_runtime_dependencies(/home/fintan/ME4857Assignment2-master/install/sr_interfaces/share/colcon-core/packages/sr_interfaces)
[4.542s] INFO:colcon.colcon_ros.task.ament_cmake.build:Building ROS package in '/home/fintan/ME4857Assignment2-master/src/bt' with build type 'ament_cmake'
[4.543s] INFO:colcon.colcon_cmake.task.cmake.build:Building CMake package in '/home/fintan/ME4857Assignment2-master/src/bt'
[4.544s] INFO:colcon.colcon_core.shell:Skip shell extension 'powershell' for command environment: Not usable outside of PowerShell
[4.544s] DEBUG:colcon.colcon_core.shell:Skip shell extension 'dsv' for command environment
[5.276s] DEBUG:colcon.colcon_core.event_handler.log_command:Invoking command in '/home/fintan/ME4857Assignment2-master/build/bt': AMENT_PREFIX_PATH=/home/fintan/ME4857Assignment2-master/install/sr_interfaces:${AMENT_PREFIX_PATH} CMAKE_PREFIX_PATH=/home/fintan/ME4857Assignment2-master/install/sr_interfaces:/opt/ros/jazzy/opt/gz_sim_vendor:/opt/ros/jazzy/opt/gz_sensors_vendor:/opt/ros/jazzy/opt/gz_physics_vendor:/opt/ros/jazzy/opt/sdformat_vendor:/opt/ros/jazzy/opt/gz_gui_vendor:/opt/ros/jazzy/opt/gz_transport_vendor:/opt/ros/jazzy/opt/gz_rendering_vendor:/opt/ros/jazzy/opt/gz_plugin_vendor:/opt/ros/jazzy/opt/gz_fuel_tools_vendor:/opt/ros/jazzy/opt/gz_msgs_vendor:/opt/ros/jazzy/opt/gz_common_vendor:/opt/ros/jazzy/opt/gz_math_vendor:/opt/ros/jazzy/opt/gz_utils_vendor:/opt/ros/jazzy/opt/gz_tools_vendor:/opt/ros/jazzy/opt/gz_ogre_next_vendor:/opt/ros/jazzy/opt/gz_dartsim_vendor:/opt/ros/jazzy/opt/gz_cmake_vendor:/opt/ros/jazzy LD_LIBRARY_PATH=/home/fintan/ME4857Assignment2-master/install/sr_interfaces/lib:${LD_LIBRARY_PATH} PYTHONPATH=/home/fintan/ME4857Assignment2-master/install/sr_interfaces/lib/python3.12/site-packages:${PYTHONPATH} /usr/bin/cmake --build /home/fintan/ME4857Assignment2-master/build/bt -- -j12 -l12
[7.283s] DEBUG:colcon.colcon_core.event_handler.log_command:Invoked command in '/home/fintan/ME4857Assignment2-master/build/bt' returned '0': AMENT_PREFIX_PATH=/home/fintan/ME4857Assignment2-master/install/sr_interfaces:${AMENT_PREFIX_PATH} CMAKE_PREFIX_PATH=/home/fintan/ME4857Assignment2-master/install/sr_interfaces:/opt/ros/jazzy/opt/gz_sim_vendor:/opt/ros/jazzy/opt/gz_sensors_vendor:/opt/ros/jazzy/opt/gz_physics_vendor:/opt/ros/jazzy/opt/sdformat_vendor:/opt/ros/jazzy/opt/gz_gui_vendor:/opt/ros/jazzy/opt/gz_transport_vendor:/opt/ros/jazzy/opt/gz_rendering_vendor:/opt/ros/jazzy/opt/gz_plugin_vendor:/opt/ros/jazzy/opt/gz_fuel_tools_vendor:/opt/ros/jazzy/opt/gz_msgs_vendor:/opt/ros/jazzy/opt/gz_common_vendor:/opt/ros/jazzy/opt/gz_math_vendor:/opt/ros/jazzy/opt/gz_utils_vendor:/opt/ros/jazzy/opt/gz_tools_vendor:/opt/ros/jazzy/opt/gz_ogre_next_vendor:/opt/ros/jazzy/opt/gz_dartsim_vendor:/opt/ros/jazzy/opt/gz_cmake_vendor:/opt/ros/jazzy LD_LIBRARY_PATH=/home/fintan/ME4857Assignment2-master/install/sr_interfaces/lib:${LD_LIBRARY_PATH} PYTHONPATH=/home/fintan/ME4857Assignment2-master/install/sr_interfaces/lib/python3.12/site-packages:${PYTHONPATH} /usr/bin/cmake --build /home/fintan/ME4857Assignment2-master/build/bt -- -j12 -l12
[7.286s] DEBUG:colcon.colcon_core.event_handler.log_command:Invoking command in '/home/fintan/ME4857Assignment2-master/build/bt': AMENT_PREFIX_PATH=/home/fintan/ME4857Assignment2-master/install/sr_interfaces:${AMENT_PREFIX_PATH} CMAKE_PREFIX_PATH=/home/fintan/ME4857Assignment2-master/install/sr_interfaces:/opt/ros/jazzy/opt/gz_sim_vendor:/opt/ros/jazzy/opt/gz_sensors_vendor:/opt/ros/jazzy/opt/gz_physics_vendor:/opt/ros/jazzy/opt/sdformat_vendor:/opt/ros/jazzy/opt/gz_gui_vendor:/opt/ros/jazzy/opt/gz_transport_vendor:/opt/ros/jazzy/opt/gz_rendering_vendor:/opt/ros/jazzy/opt/gz_plugin_vendor:/opt/ros/jazzy/opt/gz_fuel_tools_vendor:/opt/ros/jazzy/opt/gz_msgs_vendor:/opt/ros/jazzy/opt/gz_common_vendor:/opt/ros/jazzy/opt/gz_math_vendor:/opt/ros/jazzy/opt/gz_utils_vendor:/opt/ros/jazzy/opt/gz_tools_vendor:/opt/ros/jazzy/opt/gz_ogre_next_vendor:/opt/ros/jazzy/opt/gz_dartsim_vendor:/opt/ros/jazzy/opt/gz_cmake_vendor:/opt/ros/jazzy LD_LIBRARY_PATH=/home/fintan/ME4857Assignment2-master/install/sr_interfaces/lib:${LD_LIBRARY_PATH} PYTHONPATH=/home/fintan/ME4857Assignment2-master/install/sr_interfaces/lib/python3.12/site-packages:${PYTHONPATH} /usr/bin/cmake --install /home/fintan/ME4857Assignment2-master/build/bt
[7.552s] Level 1:colcon.colcon_core.environment:create_environment_scripts_only(bt)
[7.553s] DEBUG:colcon.colcon_core.event_handler.log_command:Invoked command in '/home/fintan/ME4857Assignment2-master/build/bt' returned '0': AMENT_PREFIX_PATH=/home/fintan/ME4857Assignment2-master/install/sr_interfaces:${AMENT_PREFIX_PATH} CMAKE_PREFIX_PATH=/home/fintan/ME4857Assignment2-master/install/sr_interfaces:/opt/ros/jazzy/opt/gz_sim_vendor:/opt/ros/jazzy/opt/gz_sensors_vendor:/opt/ros/jazzy/opt/gz_physics_vendor:/opt/ros/jazzy/opt/sdformat_vendor:/opt/ros/jazzy/opt/gz_gui_vendor:/opt/ros/jazzy/opt/gz_transport_vendor:/opt/ros/jazzy/opt/gz_rendering_vendor:/opt/ros/jazzy/opt/gz_plugin_vendor:/opt/ros/jazzy/opt/gz_fuel_tools_vendor:/opt/ros/jazzy/opt/gz_msgs_vendor:/opt/ros/jazzy/opt/gz_common_vendor:/opt/ros/jazzy/opt/gz_math_vendor:/opt/ros/jazzy/opt/gz_utils_vendor:/opt/ros/jazzy/opt/gz_tools_vendor:/opt/ros/jazzy/opt/gz_ogre_next_vendor:/opt/ros/jazzy/opt/gz_dartsim_vendor:/opt/ros/jazzy/opt/gz_cmake_vendor:/opt/ros/jazzy LD_LIBRARY_PATH=/home/fintan/ME4857Assignment2-master/install/sr_interfaces/lib:${LD_LIBRARY_PATH} PYTHONPATH=/home/fintan/ME4857Assignment2-master/install/sr_interfaces/lib/python3.12/site-packages:${PYTHONPATH} /usr/bin/cmake --install /home/fintan/ME4857Assignment2-master/build/bt
[7.554s] Level 1:colcon.colcon_core.environment:checking '/home/fintan/ME4857Assignment2-master/install/bt' for CMake module files
[7.556s] Level 1:colcon.colcon_core.environment:checking '/home/fintan/ME4857Assignment2-master/install/bt' for CMake config files
[7.557s] Level 1:colcon.colcon_core.shell:create_environment_hook('bt', 'cmake_prefix_path')
[7.558s] INFO:colcon.colcon_core.shell:Creating environment hook '/home/fintan/ME4857Assignment2-master/install/bt/share/bt/hook/cmake_prefix_path.ps1'
[7.561s] INFO:colcon.colcon_core.shell:Creating environment descriptor '/home/fintan/ME4857Assignment2-master/install/bt/share/bt/hook/cmake_prefix_path.dsv'
[7.563s] INFO:colcon.colcon_core.shell:Creating environment hook '/home/fintan/ME4857Assignment2-master/install/bt/share/bt/hook/cmake_prefix_path.sh'
[7.566s] Level 1:colcon.colcon_core.environment:checking '/home/fintan/ME4857Assignment2-master/install/bt/lib'
[7.567s] Level 1:colcon.colcon_core.environment:checking '/home/fintan/ME4857Assignment2-master/install/bt/bin'
[7.567s] Level 1:colcon.colcon_core.environment:checking '/home/fintan/ME4857Assignment2-master/install/bt/lib/pkgconfig/bt.pc'
[7.568s] Level 1:colcon.colcon_core.environment:checking '/home/fintan/ME4857Assignment2-master/install/bt/lib/python3.12/site-packages'
[7.568s] Level 1:colcon.colcon_core.shell:create_environment_hook('bt', 'pythonpath')
[7.569s] INFO:colcon.colcon_core.shell:Creating environment hook '/home/fintan/ME4857Assignment2-master/install/bt/share/bt/hook/pythonpath.ps1'
[7.570s] INFO:colcon.colcon_core.shell:Creating environment descriptor '/home/fintan/ME4857Assignment2-master/install/bt/share/bt/hook/pythonpath.dsv'
[7.572s] INFO:colcon.colcon_core.shell:Creating environment hook '/home/fintan/ME4857Assignment2-master/install/bt/share/bt/hook/pythonpath.sh'
[7.575s] Level 1:colcon.colcon_core.environment:checking '/home/fintan/ME4857Assignment2-master/install/bt/bin'
[7.577s] INFO:colcon.colcon_core.shell:Creating package script '/home/fintan/ME4857Assignment2-master/install/bt/share/bt/package.ps1'
[7.579s] INFO:colcon.colcon_core.shell:Creating package descriptor '/home/fintan/ME4857Assignment2-master/install/bt/share/bt/package.dsv'
[7.580s] INFO:colcon.colcon_core.shell:Creating package script '/home/fintan/ME4857Assignment2-master/install/bt/share/bt/package.sh'
[7.581s] INFO:colcon.colcon_core.shell:Creating package script '/home/fintan/ME4857Assignment2-master/install/bt/share/bt/package.bash'
[7.583s] INFO:colcon.colcon_core.shell:Creating package script '/home/fintan/ME4857Assignment2-master/install/bt/share/bt/package.zsh'
[7.586s] Level 1:colcon.colcon_core.environment:create_file_with_runtime_dependencies(/home/fintan/ME4857Assignment2-master/install/bt/share/colcon-core/packages/bt)
[7.588s] Level 1:colcon.colcon_core.environment:create_environment_scripts_only(bt)
[7.589s] Level 1:colcon.colcon_core.environment:checking '/home/fintan/ME4857Assignment2-master/install/bt' for CMake module files
[7.592s] Level 1:colcon.colcon_core.environment:checking '/home/fintan/ME4857Assignment2-master/install/bt' for CMake config files
[7.595s] Level 1:colcon.colcon_core.shell:create_environment_hook('bt', 'cmake_prefix_path')
[7.597s] INFO:colcon.colcon_core.shell:Creating environment hook '/home/fintan/ME4857Assignment2-master/install/bt/share/bt/hook/cmake_prefix_path.ps1'
[7.601s] INFO:colcon.colcon_core.shell:Creating environment descriptor '/home/fintan/ME4857Assignment2-master/install/bt/share/bt/hook/cmake_prefix_path.dsv'
[7.603s] INFO:colcon.colcon_core.shell:Creating environment hook '/home/fintan/ME4857Assignment2-master/install/bt/share/bt/hook/cmake_prefix_path.sh'
[7.606s] Level 1:colcon.colcon_core.environment:checking '/home/fintan/ME4857Assignment2-master/install/bt/lib'
[7.607s] Level 1:colcon.colcon_core.environment:checking '/home/fintan/ME4857Assignment2-master/install/bt/bin'
[7.607s] Level 1:colcon.colcon_core.environment:checking '/home/fintan/ME4857Assignment2-master/install/bt/lib/pkgconfig/bt.pc'
[7.608s] Level 1:colcon.colcon_core.environment:checking '/home/fintan/ME4857Assignment2-master/install/bt/lib/python3.12/site-packages'
[7.609s] Level 1:colcon.colcon_core.shell:create_environment_hook('bt', 'pythonpath')
[7.611s] INFO:colcon.colcon_core.shell:Creating environment hook '/home/fintan/ME4857Assignment2-master/install/bt/share/bt/hook/pythonpath.ps1'
[7.613s] INFO:colcon.colcon_core.shell:Creating environment descriptor '/home/fintan/ME4857Assignment2-master/install/bt/share/bt/hook/pythonpath.dsv'
[7.616s] INFO:colcon.colcon_core.shell:Creating environment hook '/home/fintan/ME4857Assignment2-master/install/bt/share/bt/hook/pythonpath.sh'
[7.619s] Level 1:colcon.colcon_core.environment:checking '/home/fintan/ME4857Assignment2-master/install/bt/bin'
[7.619s] INFO:colcon.colcon_core.shell:Creating package script '/home/fintan/ME4857Assignment2-master/install/bt/share/bt/package.ps1'
[7.621s] INFO:colcon.colcon_core.shell:Creating package descriptor '/home/fintan/ME4857Assignment2-master/install/bt/share/bt/package.dsv'
[7.623s] INFO:colcon.colcon_core.shell:Creating package script '/home/fintan/ME4857Assignment2-master/install/bt/share/bt/package.sh'
[7.624s] INFO:colcon.colcon_core.shell:Creating package script '/home/fintan/ME4857Assignment2-master/install/bt/share/bt/package.bash'
[7.627s] INFO:colcon.colcon_core.shell:Creating package script '/home/fintan/ME4857Assignment2-master/install/bt/share/bt/package.zsh'
[7.628s] Level 1:colcon.colcon_core.environment:create_file_with_runtime_dependencies(/home/fintan/ME4857Assignment2-master/install/bt/share/colcon-core/packages/bt)
[7.630s] INFO:colcon.colcon_ros.task.ament_cmake.build:Building ROS package in '/home/fintan/ME4857Assignment2-master/src/start_up' with build type 'ament_cmake'
[7.632s] INFO:colcon.colcon_cmake.task.cmake.build:Building CMake package in '/home/fintan/ME4857Assignment2-master/src/start_up'
[7.632s] INFO:colcon.colcon_core.shell:Skip shell extension 'powershell' for command environment: Not usable outside of PowerShell
[7.633s] DEBUG:colcon.colcon_core.shell:Skip shell extension 'dsv' for command environment
[9.065s] DEBUG:colcon.colcon_core.event_handler.log_command:Invoking command in '/home/fintan/ME4857Assignment2-master/build/start_up': AMENT_PREFIX_PATH=/home/fintan/ME4857Assignment2-master/install/bt:/home/fintan/ME4857Assignment2-master/install/sr_interfaces:/home/fintan/ME4857Assignment2-master/install/robot_model:${AMENT_PREFIX_PATH} CMAKE_PREFIX_PATH=/home/fintan/ME4857Assignment2-master/install/bt:/home/fintan/ME4857Assignment2-master/install/sr_interfaces:/home/fintan/ME4857Assignment2-master/install/robot_model:/opt/ros/jazzy/opt/gz_sim_vendor:/opt/ros/jazzy/opt/gz_sensors_vendor:/opt/ros/jazzy/opt/gz_physics_vendor:/opt/ros/jazzy/opt/sdformat_vendor:/opt/ros/jazzy/opt/gz_gui_vendor:/opt/ros/jazzy/opt/gz_transport_vendor:/opt/ros/jazzy/opt/gz_rendering_vendor:/opt/ros/jazzy/opt/gz_plugin_vendor:/opt/ros/jazzy/opt/gz_fuel_tools_vendor:/opt/ros/jazzy/opt/gz_msgs_vendor:/opt/ros/jazzy/opt/gz_common_vendor:/opt/ros/jazzy/opt/gz_math_vendor:/opt/ros/jazzy/opt/gz_utils_vendor:/opt/ros/jazzy/opt/gz_tools_vendor:/opt/ros/jazzy/opt/gz_ogre_next_vendor:/opt/ros/jazzy/opt/gz_dartsim_vendor:/opt/ros/jazzy/opt/gz_cmake_vendor:/opt/ros/jazzy LD_LIBRARY_PATH=/home/fintan/ME4857Assignment2-master/install/sr_interfaces/lib:${LD_LIBRARY_PATH} PYTHONPATH=/home/fintan/ME4857Assignment2-master/install/bt/lib/python3.12/site-packages:/home/fintan/ME4857Assignment2-master/install/sr_interfaces/lib/python3.12/site-packages:${PYTHONPATH} /usr/bin/cmake --build /home/fintan/ME4857Assignment2-master/build/start_up -- -j12 -l12
[9.219s] DEBUG:colcon.colcon_core.event_handler.log_command:Invoked command in '/home/fintan/ME4857Assignment2-master/build/start_up' returned '0': AMENT_PREFIX_PATH=/home/fintan/ME4857Assignment2-master/install/bt:/home/fintan/ME4857Assignment2-master/install/sr_interfaces:/home/fintan/ME4857Assignment2-master/install/robot_model:${AMENT_PREFIX_PATH} CMAKE_PREFIX_PATH=/home/fintan/ME4857Assignment2-master/install/bt:/home/fintan/ME4857Assignment2-master/install/sr_interfaces:/home/fintan/ME4857Assignment2-master/install/robot_model:/opt/ros/jazzy/opt/gz_sim_vendor:/opt/ros/jazzy/opt/gz_sensors_vendor:/opt/ros/jazzy/opt/gz_physics_vendor:/opt/ros/jazzy/opt/sdformat_vendor:/opt/ros/jazzy/opt/gz_gui_vendor:/opt/ros/jazzy/opt/gz_transport_vendor:/opt/ros/jazzy/opt/gz_rendering_vendor:/opt/ros/jazzy/opt/gz_plugin_vendor:/opt/ros/jazzy/opt/gz_fuel_tools_vendor:/opt/ros/jazzy/opt/gz_msgs_vendor:/opt/ros/jazzy/opt/gz_common_vendor:/opt/ros/jazzy/opt/gz_math_vendor:/opt/ros/jazzy/opt/gz_utils_vendor:/opt/ros/jazzy/opt/gz_tools_vendor:/opt/ros/jazzy/opt/gz_ogre_next_vendor:/opt/ros/jazzy/opt/gz_dartsim_vendor:/opt/ros/jazzy/opt/gz_cmake_vendor:/opt/ros/jazzy LD_LIBRARY_PATH=/home/fintan/ME4857Assignment2-master/install/sr_interfaces/lib:${LD_LIBRARY_PATH} PYTHONPATH=/home/fintan/ME4857Assignment2-master/install/bt/lib/python3.12/site-packages:/home/fintan/ME4857Assignment2-master/install/sr_interfaces/lib/python3.12/site-packages:${PYTHONPATH} /usr/bin/cmake --build /home/fintan/ME4857Assignment2-master/build/start_up -- -j12 -l12
[9.223s] DEBUG:colcon.colcon_core.event_handler.log_command:Invoking command in '/home/fintan/ME4857Assignment2-master/build/start_up': AMENT_PREFIX_PATH=/home/fintan/ME4857Assignment2-master/install/bt:/home/fintan/ME4857Assignment2-master/install/sr_interfaces:/home/fintan/ME4857Assignment2-master/install/robot_model:${AMENT_PREFIX_PATH} CMAKE_PREFIX_PATH=/home/fintan/ME4857Assignment2-master/install/bt:/home/fintan/ME4857Assignment2-master/install/sr_interfaces:/home/fintan/ME4857Assignment2-master/install/robot_model:/opt/ros/jazzy/opt/gz_sim_vendor:/opt/ros/jazzy/opt/gz_sensors_vendor:/opt/ros/jazzy/opt/gz_physics_vendor:/opt/ros/jazzy/opt/sdformat_vendor:/opt/ros/jazzy/opt/gz_gui_vendor:/opt/ros/jazzy/opt/gz_transport_vendor:/opt/ros/jazzy/opt/gz_rendering_vendor:/opt/ros/jazzy/opt/gz_plugin_vendor:/opt/ros/jazzy/opt/gz_fuel_tools_vendor:/opt/ros/jazzy/opt/gz_msgs_vendor:/opt/ros/jazzy/opt/gz_common_vendor:/opt/ros/jazzy/opt/gz_math_vendor:/opt/ros/jazzy/opt/gz_utils_vendor:/opt/ros/jazzy/opt/gz_tools_vendor:/opt/ros/jazzy/opt/gz_ogre_next_vendor:/opt/ros/jazzy/opt/gz_dartsim_vendor:/opt/ros/jazzy/opt/gz_cmake_vendor:/opt/ros/jazzy LD_LIBRARY_PATH=/home/fintan/ME4857Assignment2-master/install/sr_interfaces/lib:${LD_LIBRARY_PATH} PYTHONPATH=/home/fintan/ME4857Assignment2-master/install/bt/lib/python3.12/site-packages:/home/fintan/ME4857Assignment2-master/install/sr_interfaces/lib/python3.12/site-packages:${PYTHONPATH} /usr/bin/cmake --install /home/fintan/ME4857Assignment2-master/build/start_up
[9.269s] Level 1:colcon.colcon_core.environment:create_environment_scripts_only(start_up)
[9.270s] Level 1:colcon.colcon_core.environment:checking '/home/fintan/ME4857Assignment2-master/install/start_up' for CMake module files
[9.274s] DEBUG:colcon.colcon_core.event_handler.log_command:Invoked command in '/home/fintan/ME4857Assignment2-master/build/start_up' returned '0': AMENT_PREFIX_PATH=/home/fintan/ME4857Assignment2-master/install/bt:/home/fintan/ME4857Assignment2-master/install/sr_interfaces:/home/fintan/ME4857Assignment2-master/install/robot_model:${AMENT_PREFIX_PATH} CMAKE_PREFIX_PATH=/home/fintan/ME4857Assignment2-master/install/bt:/home/fintan/ME4857Assignment2-master/install/sr_interfaces:/home/fintan/ME4857Assignment2-master/install/robot_model:/opt/ros/jazzy/opt/gz_sim_vendor:/opt/ros/jazzy/opt/gz_sensors_vendor:/opt/ros/jazzy/opt/gz_physics_vendor:/opt/ros/jazzy/opt/sdformat_vendor:/opt/ros/jazzy/opt/gz_gui_vendor:/opt/ros/jazzy/opt/gz_transport_vendor:/opt/ros/jazzy/opt/gz_rendering_vendor:/opt/ros/jazzy/opt/gz_plugin_vendor:/opt/ros/jazzy/opt/gz_fuel_tools_vendor:/opt/ros/jazzy/opt/gz_msgs_vendor:/opt/ros/jazzy/opt/gz_common_vendor:/opt/ros/jazzy/opt/gz_math_vendor:/opt/ros/jazzy/opt/gz_utils_vendor:/opt/ros/jazzy/opt/gz_tools_vendor:/opt/ros/jazzy/opt/gz_ogre_next_vendor:/opt/ros/jazzy/opt/gz_dartsim_vendor:/opt/ros/jazzy/opt/gz_cmake_vendor:/opt/ros/jazzy LD_LIBRARY_PATH=/home/fintan/ME4857Assignment2-master/install/sr_interfaces/lib:${LD_LIBRARY_PATH} PYTHONPATH=/home/fintan/ME4857Assignment2-master/install/bt/lib/python3.12/site-packages:/home/fintan/ME4857Assignment2-master/install/sr_interfaces/lib/python3.12/site-packages:${PYTHONPATH} /usr/bin/cmake --install /home/fintan/ME4857Assignment2-master/build/start_up
[9.275s] Level 1:colcon.colcon_core.environment:checking '/home/fintan/ME4857Assignment2-master/install/start_up' for CMake config files
[9.275s] Level 1:colcon.colcon_core.shell:create_environment_hook('start_up', 'cmake_prefix_path')
[9.276s] INFO:colcon.colcon_core.shell:Creating environment hook '/home/fintan/ME4857Assignment2-master/install/start_up/share/start_up/hook/cmake_prefix_path.ps1'
[9.277s] INFO:colcon.colcon_core.shell:Creating environment descriptor '/home/fintan/ME4857Assignment2-master/install/start_up/share/start_up/hook/cmake_prefix_path.dsv'
[9.279s] INFO:colcon.colcon_core.shell:Creating environment hook '/home/fintan/ME4857Assignment2-master/install/start_up/share/start_up/hook/cmake_prefix_path.sh'
[9.281s] Level 1:colcon.colcon_core.environment:checking '/home/fintan/ME4857Assignment2-master/install/start_up/bin'
[9.282s] Level 1:colcon.colcon_core.environment:checking '/home/fintan/ME4857Assignment2-master/install/start_up/lib/pkgconfig/start_up.pc'
[9.282s] Level 1:colcon.colcon_core.environment:checking '/home/fintan/ME4857Assignment2-master/install/start_up/lib/python3.12/site-packages'
[9.284s] Level 1:colcon.colcon_core.environment:checking '/home/fintan/ME4857Assignment2-master/install/start_up/bin'
[9.285s] INFO:colcon.colcon_core.shell:Creating package script '/home/fintan/ME4857Assignment2-master/install/start_up/share/start_up/package.ps1'
[9.288s] INFO:colcon.colcon_core.shell:Creating package descriptor '/home/fintan/ME4857Assignment2-master/install/start_up/share/start_up/package.dsv'
[9.290s] INFO:colcon.colcon_core.shell:Creating package script '/home/fintan/ME4857Assignment2-master/install/start_up/share/start_up/package.sh'
[9.292s] INFO:colcon.colcon_core.shell:Creating package script '/home/fintan/ME4857Assignment2-master/install/start_up/share/start_up/package.bash'
[9.294s] INFO:colcon.colcon_core.shell:Creating package script '/home/fintan/ME4857Assignment2-master/install/start_up/share/start_up/package.zsh'
[9.296s] Level 1:colcon.colcon_core.environment:create_file_with_runtime_dependencies(/home/fintan/ME4857Assignment2-master/install/start_up/share/colcon-core/packages/start_up)
[9.298s] Level 1:colcon.colcon_core.environment:create_environment_scripts_only(start_up)
[9.299s] Level 1:colcon.colcon_core.environment:checking '/home/fintan/ME4857Assignment2-master/install/start_up' for CMake module files
[9.301s] Level 1:colcon.colcon_core.environment:checking '/home/fintan/ME4857Assignment2-master/install/start_up' for CMake config files
[9.302s] Level 1:colcon.colcon_core.shell:create_environment_hook('start_up', 'cmake_prefix_path')
[9.302s] INFO:colcon.colcon_core.shell:Creating environment hook '/home/fintan/ME4857Assignment2-master/install/start_up/share/start_up/hook/cmake_prefix_path.ps1'
[9.304s] INFO:colcon.colcon_core.shell:Creating environment descriptor '/home/fintan/ME4857Assignment2-master/install/start_up/share/start_up/hook/cmake_prefix_path.dsv'
[9.305s] INFO:colcon.colcon_core.shell:Creating environment hook '/home/fintan/ME4857Assignment2-master/install/start_up/share/start_up/hook/cmake_prefix_path.sh'
[9.307s] Level 1:colcon.colcon_core.environment:checking '/home/fintan/ME4857Assignment2-master/install/start_up/bin'
[9.307s] Level 1:colcon.colcon_core.environment:checking '/home/fintan/ME4857Assignment2-master/install/start_up/lib/pkgconfig/start_up.pc'
[9.308s] Level 1:colcon.colcon_core.environment:checking '/home/fintan/ME4857Assignment2-master/install/start_up/lib/python3.12/site-packages'
[9.309s] Level 1:colcon.colcon_core.environment:checking '/home/fintan/ME4857Assignment2-master/install/start_up/bin'
[9.310s] INFO:colcon.colcon_core.shell:Creating package script '/home/fintan/ME4857Assignment2-master/install/start_up/share/start_up/package.ps1'
[9.312s] INFO:colcon.colcon_core.shell:Creating package descriptor '/home/fintan/ME4857Assignment2-master/install/start_up/share/start_up/package.dsv'
[9.314s] INFO:colcon.colcon_core.shell:Creating package script '/home/fintan/ME4857Assignment2-master/install/start_up/share/start_up/package.sh'
[9.315s] INFO:colcon.colcon_core.shell:Creating package script '/home/fintan/ME4857Assignment2-master/install/start_up/share/start_up/package.bash'
[9.319s] INFO:colcon.colcon_core.shell:Creating package script '/home/fintan/ME4857Assignment2-master/install/start_up/share/start_up/package.zsh'
[9.324s] Level 1:colcon.colcon_core.environment:create_file_with_runtime_dependencies(/home/fintan/ME4857Assignment2-master/install/start_up/share/colcon-core/packages/start_up)
[9.326s] DEBUG:colcon.colcon_parallel_executor.executor.parallel:closing loop
[9.328s] DEBUG:colcon.colcon_parallel_executor.executor.parallel:loop closed
[9.329s] DEBUG:colcon.colcon_parallel_executor.executor.parallel:run_until_complete finished with '0'
[9.330s] DEBUG:colcon.colcon_core.event_reactor:joining thread
[9.587s] INFO:colcon.colcon_core.plugin_system:Skipping extension 'colcon_notification.desktop_notification.notify_send': Could not find 'notify-send'
[9.587s] INFO:colcon.colcon_core.plugin_system:Skipping extension 'colcon_notification.desktop_notification.terminal_notifier': Not used on non-Darwin systems
[9.587s] INFO:colcon.colcon_core.plugin_system:Skipping extension 'colcon_notification.desktop_notification.win32': Not used on non-Windows systems
[9.588s] INFO:colcon.colcon_notification.desktop_notification:Sending desktop notification using 'notify2'
[9.592s] DEBUG:colcon.colcon_notification.desktop_notification.notify2:Failed to initialize notify2: org.freedesktop.DBus.Error.ServiceUnknown: The name org.freedesktop.Notifications was not provided by any .service files
[9.593s] DEBUG:colcon.colcon_core.event_reactor:joined thread
[9.594s] INFO:colcon.colcon_core.shell:Creating prefix script '/home/fintan/ME4857Assignment2-master/install/local_setup.ps1'
[9.598s] INFO:colcon.colcon_core.shell:Creating prefix util module '/home/fintan/ME4857Assignment2-master/install/_local_setup_util_ps1.py'
[9.602s] INFO:colcon.colcon_core.shell:Creating prefix chain script '/home/fintan/ME4857Assignment2-master/install/setup.ps1'
[9.607s] INFO:colcon.colcon_core.shell:Creating prefix script '/home/fintan/ME4857Assignment2-master/install/local_setup.sh'
[9.610s] INFO:colcon.colcon_core.shell:Creating prefix util module '/home/fintan/ME4857Assignment2-master/install/_local_setup_util_sh.py'
[9.614s] INFO:colcon.colcon_core.shell:Creating prefix chain script '/home/fintan/ME4857Assignment2-master/install/setup.sh'
[9.621s] INFO:colcon.colcon_core.shell:Creating prefix script '/home/fintan/ME4857Assignment2-master/install/local_setup.bash'
[9.623s] INFO:colcon.colcon_core.shell:Creating prefix chain script '/home/fintan/ME4857Assignment2-master/install/setup.bash'
[9.626s] INFO:colcon.colcon_core.shell:Creating prefix script '/home/fintan/ME4857Assignment2-master/install/local_setup.zsh'
[9.628s] INFO:colcon.colcon_core.shell:Creating prefix chain script '/home/fintan/ME4857Assignment2-master/install/setup.zsh'
