[0.076s] Invoking command in '/home/fintan/ME4857Assignment2-master/build/sr_interfaces': CMAKE_PREFIX_PATH=${CMAKE_PREFIX_PATH}:/opt/ros/jazzy /usr/bin/cmake --build /home/fintan/ME4857Assignment2-master/build/sr_interfaces -- -j12 -l12
[0.306s] [  2%] Built target sr_interfaces__rs
[0.439s] [  2%] Built target ament_cmake_python_copy_sr_interfaces
[0.536s] [  5%] Built target sr_interfaces__rosidl_generator_type_description
[1.444s] running egg_info
[1.517s] writing sr_interfaces.egg-info/PKG-INFO
[1.518s] writing dependency_links to sr_interfaces.egg-info/dependency_links.txt
[1.519s] writing top-level names to sr_interfaces.egg-info/top_level.txt
[1.719s] reading manifest file 'sr_interfaces.egg-info/SOURCES.txt'
[1.722s] writing manifest file 'sr_interfaces.egg-info/SOURCES.txt'
[1.822s] [  5%] Built target ament_cmake_python_build_sr_interfaces_egg
[1.899s] [  8%] Built target sr_interfaces__cpp
[1.985s] [ 22%] Built target sr_interfaces__rosidl_generator_c
[2.074s] [ 31%] Built target sr_interfaces__rosidl_typesupport_fastrtps_c
[2.167s] [ 40%] Built target sr_interfaces__rosidl_typesupport_cpp
[2.243s] [ 48%] Built target sr_interfaces__rosidl_typesupport_introspection_cpp
[2.318s] [ 57%] Built target sr_interfaces__rosidl_typesupport_fastrtps_cpp
[2.413s] [ 65%] Built target sr_interfaces__rosidl_typesupport_c
[2.491s] [ 74%] Built target sr_interfaces__rosidl_typesupport_introspection_c
[2.561s] [ 74%] Built target sr_interfaces
[2.627s] [ 77%] Built target sr_interfaces__py
[2.695s] [ 82%] Built target sr_interfaces__rosidl_generator_py
[2.762s] [ 88%] Built target sr_interfaces_s__rosidl_typesupport_fastrtps_c
[2.823s] [ 94%] Built target sr_interfaces_s__rosidl_typesupport_c
[2.891s] [100%] Built target sr_interfaces_s__rosidl_typesupport_introspection_c
[2.937s] Invoked command in '/home/fintan/ME4857Assignment2-master/build/sr_interfaces' returned '0': CMAKE_PREFIX_PATH=${CMAKE_PREFIX_PATH}:/opt/ros/jazzy /usr/bin/cmake --build /home/fintan/ME4857Assignment2-master/build/sr_interfaces -- -j12 -l12
[2.941s] Invoking command in '/home/fintan/ME4857Assignment2-master/build/sr_interfaces': CMAKE_PREFIX_PATH=${CMAKE_PREFIX_PATH}:/opt/ros/jazzy /usr/bin/cmake --install /home/fintan/ME4857Assignment2-master/build/sr_interfaces
[2.963s] -- Install configuration: ""
[2.963s] -- Up-to-date: /home/fintan/ME4857Assignment2-master/install/sr_interfaces/share/ament_index/resource_index/rosidl_interfaces/sr_interfaces
[2.964s] -- Up-to-date: /home/fintan/ME4857Assignment2-master/install/sr_interfaces/share/sr_interfaces/action/NavigateToWaypoint.json
[2.964s] -- Up-to-date: /home/fintan/ME4857Assignment2-master/install/sr_interfaces/include/sr_interfaces/sr_interfaces
[2.965s] -- Up-to-date: /home/fintan/ME4857Assignment2-master/install/sr_interfaces/include/sr_interfaces/sr_interfaces/msg
[2.966s] -- Up-to-date: /home/fintan/ME4857Assignment2-master/install/sr_interfaces/include/sr_interfaces/sr_interfaces/msg/rosidl_generator_c__visibility_control.h
[2.966s] -- Up-to-date: /home/fintan/ME4857Assignment2-master/install/sr_interfaces/include/sr_interfaces/sr_interfaces/action
[2.967s] -- Up-to-date: /home/fintan/ME4857Assignment2-master/install/sr_interfaces/include/sr_interfaces/sr_interfaces/action/detail
[2.967s] -- Installing: /home/fintan/ME4857Assignment2-master/install/sr_interfaces/include/sr_interfaces/sr_interfaces/action/detail/navigate_to_waypoint__type_support.c
[2.967s] -- Up-to-date: /home/fintan/ME4857Assignment2-master/install/sr_interfaces/include/sr_interfaces/sr_interfaces/action/detail/navigate_to_waypoint__type_support.h
[2.968s] -- Up-to-date: /home/fintan/ME4857Assignment2-master/install/sr_interfaces/include/sr_interfaces/sr_interfaces/action/detail/navigate_to_waypoint__description.c
[2.969s] -- Up-to-date: /home/fintan/ME4857Assignment2-master/install/sr_interfaces/include/sr_interfaces/sr_interfaces/action/detail/navigate_to_waypoint__functions.h
[2.969s] -- Up-to-date: /home/fintan/ME4857Assignment2-master/install/sr_interfaces/include/sr_interfaces/sr_interfaces/action/detail/navigate_to_waypoint__functions.c
[2.970s] -- Up-to-date: /home/fintan/ME4857Assignment2-master/install/sr_interfaces/include/sr_interfaces/sr_interfaces/action/detail/navigate_to_waypoint__struct.h
[2.971s] -- Up-to-date: /home/fintan/ME4857Assignment2-master/install/sr_interfaces/include/sr_interfaces/sr_interfaces/action/navigate_to_waypoint.h
[2.972s] -- Up-to-date: /home/fintan/ME4857Assignment2-master/install/sr_interfaces/share/sr_interfaces/environment/library_path.sh
[2.972s] -- Up-to-date: /home/fintan/ME4857Assignment2-master/install/sr_interfaces/share/sr_interfaces/environment/library_path.dsv
[2.973s] -- Up-to-date: /home/fintan/ME4857Assignment2-master/install/sr_interfaces/lib/libsr_interfaces__rosidl_generator_c.so
[2.973s] -- Up-to-date: /home/fintan/ME4857Assignment2-master/install/sr_interfaces/include/sr_interfaces/sr_interfaces
[2.973s] -- Up-to-date: /home/fintan/ME4857Assignment2-master/install/sr_interfaces/include/sr_interfaces/sr_interfaces/msg
[2.974s] -- Up-to-date: /home/fintan/ME4857Assignment2-master/install/sr_interfaces/include/sr_interfaces/sr_interfaces/msg/rosidl_typesupport_fastrtps_c__visibility_control.h
[2.974s] -- Up-to-date: /home/fintan/ME4857Assignment2-master/install/sr_interfaces/include/sr_interfaces/sr_interfaces/action
[2.975s] -- Up-to-date: /home/fintan/ME4857Assignment2-master/install/sr_interfaces/include/sr_interfaces/sr_interfaces/action/detail
[2.975s] -- Up-to-date: /home/fintan/ME4857Assignment2-master/install/sr_interfaces/include/sr_interfaces/sr_interfaces/action/detail/navigate_to_waypoint__rosidl_typesupport_fastrtps_c.h
[2.977s] -- Up-to-date: /home/fintan/ME4857Assignment2-master/install/sr_interfaces/lib/libsr_interfaces__rosidl_typesupport_fastrtps_c.so
[2.978s] -- Up-to-date: /home/fintan/ME4857Assignment2-master/install/sr_interfaces/include/sr_interfaces/sr_interfaces
[2.978s] -- Up-to-date: /home/fintan/ME4857Assignment2-master/install/sr_interfaces/include/sr_interfaces/sr_interfaces/msg
[2.979s] -- Up-to-date: /home/fintan/ME4857Assignment2-master/install/sr_interfaces/include/sr_interfaces/sr_interfaces/msg/rosidl_typesupport_introspection_c__visibility_control.h
[2.979s] -- Up-to-date: /home/fintan/ME4857Assignment2-master/install/sr_interfaces/include/sr_interfaces/sr_interfaces/action
[2.979s] -- Up-to-date: /home/fintan/ME4857Assignment2-master/install/sr_interfaces/include/sr_interfaces/sr_interfaces/action/detail
[2.979s] -- Installing: /home/fintan/ME4857Assignment2-master/install/sr_interfaces/include/sr_interfaces/sr_interfaces/action/detail/navigate_to_waypoint__type_support.c
[2.980s] -- Up-to-date: /home/fintan/ME4857Assignment2-master/install/sr_interfaces/include/sr_interfaces/sr_interfaces/action/detail/navigate_to_waypoint__rosidl_typesupport_introspection_c.h
[2.980s] -- Up-to-date: /home/fintan/ME4857Assignment2-master/install/sr_interfaces/lib/libsr_interfaces__rosidl_typesupport_introspection_c.so
[2.980s] -- Up-to-date: /home/fintan/ME4857Assignment2-master/install/sr_interfaces/lib/libsr_interfaces__rosidl_typesupport_c.so
[2.981s] -- Up-to-date: /home/fintan/ME4857Assignment2-master/install/sr_interfaces/include/sr_interfaces/sr_interfaces
[2.981s] -- Up-to-date: /home/fintan/ME4857Assignment2-master/install/sr_interfaces/include/sr_interfaces/sr_interfaces/msg
[2.981s] -- Up-to-date: /home/fintan/ME4857Assignment2-master/install/sr_interfaces/include/sr_interfaces/sr_interfaces/msg/rosidl_generator_cpp__visibility_control.hpp
[2.981s] -- Up-to-date: /home/fintan/ME4857Assignment2-master/install/sr_interfaces/include/sr_interfaces/sr_interfaces/action
[2.982s] -- Up-to-date: /home/fintan/ME4857Assignment2-master/install/sr_interfaces/include/sr_interfaces/sr_interfaces/action/detail
[2.982s] -- Up-to-date: /home/fintan/ME4857Assignment2-master/install/sr_interfaces/include/sr_interfaces/sr_interfaces/action/detail/navigate_to_waypoint__traits.hpp
[2.982s] -- Up-to-date: /home/fintan/ME4857Assignment2-master/install/sr_interfaces/include/sr_interfaces/sr_interfaces/action/detail/navigate_to_waypoint__type_support.hpp
[2.983s] -- Up-to-date: /home/fintan/ME4857Assignment2-master/install/sr_interfaces/include/sr_interfaces/sr_interfaces/action/detail/navigate_to_waypoint__builder.hpp
[2.983s] -- Up-to-date: /home/fintan/ME4857Assignment2-master/install/sr_interfaces/include/sr_interfaces/sr_interfaces/action/detail/navigate_to_waypoint__struct.hpp
[2.984s] -- Up-to-date: /home/fintan/ME4857Assignment2-master/install/sr_interfaces/include/sr_interfaces/sr_interfaces/action/navigate_to_waypoint.hpp
[2.986s] -- Up-to-date: /home/fintan/ME4857Assignment2-master/install/sr_interfaces/include/sr_interfaces/sr_interfaces
[2.987s] -- Up-to-date: /home/fintan/ME4857Assignment2-master/install/sr_interfaces/include/sr_interfaces/sr_interfaces/msg
[2.987s] -- Up-to-date: /home/fintan/ME4857Assignment2-master/install/sr_interfaces/include/sr_interfaces/sr_interfaces/msg/rosidl_typesupport_fastrtps_cpp__visibility_control.h
[2.988s] -- Up-to-date: /home/fintan/ME4857Assignment2-master/install/sr_interfaces/include/sr_interfaces/sr_interfaces/action
[2.988s] -- Up-to-date: /home/fintan/ME4857Assignment2-master/install/sr_interfaces/include/sr_interfaces/sr_interfaces/action/detail
[2.989s] -- Up-to-date: /home/fintan/ME4857Assignment2-master/install/sr_interfaces/include/sr_interfaces/sr_interfaces/action/detail/dds_fastrtps
[2.990s] -- Up-to-date: /home/fintan/ME4857Assignment2-master/install/sr_interfaces/include/sr_interfaces/sr_interfaces/action/detail/navigate_to_waypoint__rosidl_typesupport_fastrtps_cpp.hpp
[2.991s] -- Up-to-date: /home/fintan/ME4857Assignment2-master/install/sr_interfaces/lib/libsr_interfaces__rosidl_typesupport_fastrtps_cpp.so
[2.991s] -- Up-to-date: /home/fintan/ME4857Assignment2-master/install/sr_interfaces/include/sr_interfaces/sr_interfaces
[2.992s] -- Up-to-date: /home/fintan/ME4857Assignment2-master/install/sr_interfaces/include/sr_interfaces/sr_interfaces/action
[2.992s] -- Up-to-date: /home/fintan/ME4857Assignment2-master/install/sr_interfaces/include/sr_interfaces/sr_interfaces/action/detail
[2.992s] -- Up-to-date: /home/fintan/ME4857Assignment2-master/install/sr_interfaces/include/sr_interfaces/sr_interfaces/action/detail/navigate_to_waypoint__rosidl_typesupport_introspection_cpp.hpp
[2.993s] -- Up-to-date: /home/fintan/ME4857Assignment2-master/install/sr_interfaces/include/sr_interfaces/sr_interfaces/action/detail/navigate_to_waypoint__type_support.cpp
[2.993s] -- Up-to-date: /home/fintan/ME4857Assignment2-master/install/sr_interfaces/lib/libsr_interfaces__rosidl_typesupport_introspection_cpp.so
[2.993s] -- Up-to-date: /home/fintan/ME4857Assignment2-master/install/sr_interfaces/lib/libsr_interfaces__rosidl_typesupport_cpp.so
[2.993s] -- Up-to-date: /home/fintan/ME4857Assignment2-master/install/sr_interfaces/share/sr_interfaces/environment/pythonpath.sh
[2.993s] -- Up-to-date: /home/fintan/ME4857Assignment2-master/install/sr_interfaces/share/sr_interfaces/environment/pythonpath.dsv
[2.993s] -- Up-to-date: /home/fintan/ME4857Assignment2-master/install/sr_interfaces/lib/python3.12/site-packages/sr_interfaces-1.0.0-py3.12.egg-info
[2.994s] -- Installing: /home/fintan/ME4857Assignment2-master/install/sr_interfaces/lib/python3.12/site-packages/sr_interfaces-1.0.0-py3.12.egg-info/SOURCES.txt
[2.994s] -- Installing: /home/fintan/ME4857Assignment2-master/install/sr_interfaces/lib/python3.12/site-packages/sr_interfaces-1.0.0-py3.12.egg-info/dependency_links.txt
[2.994s] -- Installing: /home/fintan/ME4857Assignment2-master/install/sr_interfaces/lib/python3.12/site-packages/sr_interfaces-1.0.0-py3.12.egg-info/PKG-INFO
[2.994s] -- Installing: /home/fintan/ME4857Assignment2-master/install/sr_interfaces/lib/python3.12/site-packages/sr_interfaces-1.0.0-py3.12.egg-info/top_level.txt
[2.994s] -- Up-to-date: /home/fintan/ME4857Assignment2-master/install/sr_interfaces/lib/python3.12/site-packages/sr_interfaces
[2.994s] -- Up-to-date: /home/fintan/ME4857Assignment2-master/install/sr_interfaces/lib/python3.12/site-packages/sr_interfaces/sr_interfaces_s__rosidl_typesupport_c.so
[2.995s] -- Up-to-date: /home/fintan/ME4857Assignment2-master/install/sr_interfaces/lib/python3.12/site-packages/sr_interfaces/__init__.py
[2.995s] -- Up-to-date: /home/fintan/ME4857Assignment2-master/install/sr_interfaces/lib/python3.12/site-packages/sr_interfaces/_sr_interfaces_s.ep.rosidl_typesupport_introspection_c.c
[2.995s] -- Up-to-date: /home/fintan/ME4857Assignment2-master/install/sr_interfaces/lib/python3.12/site-packages/sr_interfaces/sr_interfaces_s__rosidl_typesupport_fastrtps_c.so
[2.996s] -- Up-to-date: /home/fintan/ME4857Assignment2-master/install/sr_interfaces/lib/python3.12/site-packages/sr_interfaces/_sr_interfaces_s.ep.rosidl_typesupport_c.c
[2.996s] -- Up-to-date: /home/fintan/ME4857Assignment2-master/install/sr_interfaces/lib/python3.12/site-packages/sr_interfaces/action
[2.996s] -- Up-to-date: /home/fintan/ME4857Assignment2-master/install/sr_interfaces/lib/python3.12/site-packages/sr_interfaces/action/__init__.py
[2.996s] -- Up-to-date: /home/fintan/ME4857Assignment2-master/install/sr_interfaces/lib/python3.12/site-packages/sr_interfaces/action/_navigate_to_waypoint_s.c
[2.997s] -- Up-to-date: /home/fintan/ME4857Assignment2-master/install/sr_interfaces/lib/python3.12/site-packages/sr_interfaces/action/_navigate_to_waypoint.py
[2.997s] -- Up-to-date: /home/fintan/ME4857Assignment2-master/install/sr_interfaces/lib/python3.12/site-packages/sr_interfaces/_sr_interfaces_s.ep.rosidl_typesupport_fastrtps_c.c
[2.999s] -- Up-to-date: /home/fintan/ME4857Assignment2-master/install/sr_interfaces/lib/python3.12/site-packages/sr_interfaces/sr_interfaces_s__rosidl_typesupport_introspection_c.so
[3.099s] Listing '/home/fintan/ME4857Assignment2-master/install/sr_interfaces/lib/python3.12/site-packages/sr_interfaces'...
[3.099s] Listing '/home/fintan/ME4857Assignment2-master/install/sr_interfaces/lib/python3.12/site-packages/sr_interfaces/action'...
[3.114s] -- Up-to-date: /home/fintan/ME4857Assignment2-master/install/sr_interfaces/lib/python3.12/site-packages/sr_interfaces/sr_interfaces_s__rosidl_typesupport_fastrtps_c.so
[3.115s] -- Up-to-date: /home/fintan/ME4857Assignment2-master/install/sr_interfaces/lib/python3.12/site-packages/sr_interfaces/sr_interfaces_s__rosidl_typesupport_introspection_c.so
[3.115s] -- Up-to-date: /home/fintan/ME4857Assignment2-master/install/sr_interfaces/lib/python3.12/site-packages/sr_interfaces/sr_interfaces_s__rosidl_typesupport_c.so
[3.116s] -- Up-to-date: /home/fintan/ME4857Assignment2-master/install/sr_interfaces/lib/libsr_interfaces__rosidl_generator_py.so
[3.117s] -- Up-to-date: /home/fintan/ME4857Assignment2-master/install/sr_interfaces/share/ament_index/resource_index/rust_packages/sr_interfaces
[3.118s] -- Up-to-date: /home/fintan/ME4857Assignment2-master/install/sr_interfaces/share/sr_interfaces/rust
[3.119s] -- Up-to-date: /home/fintan/ME4857Assignment2-master/install/sr_interfaces/share/sr_interfaces/rust/src
[3.120s] -- Up-to-date: /home/fintan/ME4857Assignment2-master/install/sr_interfaces/share/sr_interfaces/rust/src/action
[3.120s] -- Up-to-date: /home/fintan/ME4857Assignment2-master/install/sr_interfaces/share/sr_interfaces/rust/src/action/rmw.rs
[3.121s] -- Up-to-date: /home/fintan/ME4857Assignment2-master/install/sr_interfaces/share/sr_interfaces/rust/src/lib.rs
[3.122s] -- Up-to-date: /home/fintan/ME4857Assignment2-master/install/sr_interfaces/share/sr_interfaces/rust/src/action.rs
[3.122s] -- Up-to-date: /home/fintan/ME4857Assignment2-master/install/sr_interfaces/share/sr_interfaces/rust/Cargo.toml
[3.123s] -- Up-to-date: /home/fintan/ME4857Assignment2-master/install/sr_interfaces/share/sr_interfaces/rust/build.rs
[3.123s] -- Up-to-date: /home/fintan/ME4857Assignment2-master/install/sr_interfaces/share/sr_interfaces/action/NavigateToWaypoint.idl
[3.124s] -- Up-to-date: /home/fintan/ME4857Assignment2-master/install/sr_interfaces/share/sr_interfaces/action/NavigateToWaypoint.action
[3.125s] -- Up-to-date: /home/fintan/ME4857Assignment2-master/install/sr_interfaces/share/ament_index/resource_index/package_run_dependencies/sr_interfaces
[3.125s] -- Up-to-date: /home/fintan/ME4857Assignment2-master/install/sr_interfaces/share/ament_index/resource_index/parent_prefix_path/sr_interfaces
[3.127s] -- Up-to-date: /home/fintan/ME4857Assignment2-master/install/sr_interfaces/share/sr_interfaces/environment/ament_prefix_path.sh
[3.128s] -- Up-to-date: /home/fintan/ME4857Assignment2-master/install/sr_interfaces/share/sr_interfaces/environment/ament_prefix_path.dsv
[3.128s] -- Up-to-date: /home/fintan/ME4857Assignment2-master/install/sr_interfaces/share/sr_interfaces/environment/path.sh
[3.130s] -- Up-to-date: /home/fintan/ME4857Assignment2-master/install/sr_interfaces/share/sr_interfaces/environment/path.dsv
[3.131s] -- Up-to-date: /home/fintan/ME4857Assignment2-master/install/sr_interfaces/share/sr_interfaces/local_setup.bash
[3.131s] -- Up-to-date: /home/fintan/ME4857Assignment2-master/install/sr_interfaces/share/sr_interfaces/local_setup.sh
[3.132s] -- Up-to-date: /home/fintan/ME4857Assignment2-master/install/sr_interfaces/share/sr_interfaces/local_setup.zsh
[3.133s] -- Up-to-date: /home/fintan/ME4857Assignment2-master/install/sr_interfaces/share/sr_interfaces/local_setup.dsv
[3.133s] -- Installing: /home/fintan/ME4857Assignment2-master/install/sr_interfaces/share/sr_interfaces/package.dsv
[3.133s] -- Up-to-date: /home/fintan/ME4857Assignment2-master/install/sr_interfaces/share/ament_index/resource_index/packages/sr_interfaces
[3.134s] -- Up-to-date: /home/fintan/ME4857Assignment2-master/install/sr_interfaces/share/sr_interfaces/cmake/export_sr_interfaces__rosidl_generator_cExport.cmake
[3.134s] -- Up-to-date: /home/fintan/ME4857Assignment2-master/install/sr_interfaces/share/sr_interfaces/cmake/export_sr_interfaces__rosidl_generator_cExport-noconfig.cmake
[3.134s] -- Up-to-date: /home/fintan/ME4857Assignment2-master/install/sr_interfaces/share/sr_interfaces/cmake/export_sr_interfaces__rosidl_typesupport_fastrtps_cExport.cmake
[3.134s] -- Up-to-date: /home/fintan/ME4857Assignment2-master/install/sr_interfaces/share/sr_interfaces/cmake/export_sr_interfaces__rosidl_typesupport_fastrtps_cExport-noconfig.cmake
[3.135s] -- Up-to-date: /home/fintan/ME4857Assignment2-master/install/sr_interfaces/share/sr_interfaces/cmake/sr_interfaces__rosidl_typesupport_introspection_cExport.cmake
[3.135s] -- Up-to-date: /home/fintan/ME4857Assignment2-master/install/sr_interfaces/share/sr_interfaces/cmake/sr_interfaces__rosidl_typesupport_introspection_cExport-noconfig.cmake
[3.136s] -- Up-to-date: /home/fintan/ME4857Assignment2-master/install/sr_interfaces/share/sr_interfaces/cmake/sr_interfaces__rosidl_typesupport_cExport.cmake
[3.136s] -- Up-to-date: /home/fintan/ME4857Assignment2-master/install/sr_interfaces/share/sr_interfaces/cmake/sr_interfaces__rosidl_typesupport_cExport-noconfig.cmake
[3.136s] -- Up-to-date: /home/fintan/ME4857Assignment2-master/install/sr_interfaces/share/sr_interfaces/cmake/export_sr_interfaces__rosidl_generator_cppExport.cmake
[3.137s] -- Up-to-date: /home/fintan/ME4857Assignment2-master/install/sr_interfaces/share/sr_interfaces/cmake/export_sr_interfaces__rosidl_typesupport_fastrtps_cppExport.cmake
[3.137s] -- Up-to-date: /home/fintan/ME4857Assignment2-master/install/sr_interfaces/share/sr_interfaces/cmake/export_sr_interfaces__rosidl_typesupport_fastrtps_cppExport-noconfig.cmake
[3.137s] -- Up-to-date: /home/fintan/ME4857Assignment2-master/install/sr_interfaces/share/sr_interfaces/cmake/sr_interfaces__rosidl_typesupport_introspection_cppExport.cmake
[3.137s] -- Up-to-date: /home/fintan/ME4857Assignment2-master/install/sr_interfaces/share/sr_interfaces/cmake/sr_interfaces__rosidl_typesupport_introspection_cppExport-noconfig.cmake
[3.137s] -- Up-to-date: /home/fintan/ME4857Assignment2-master/install/sr_interfaces/share/sr_interfaces/cmake/sr_interfaces__rosidl_typesupport_cppExport.cmake
[3.138s] -- Up-to-date: /home/fintan/ME4857Assignment2-master/install/sr_interfaces/share/sr_interfaces/cmake/sr_interfaces__rosidl_typesupport_cppExport-noconfig.cmake
[3.138s] -- Up-to-date: /home/fintan/ME4857Assignment2-master/install/sr_interfaces/share/sr_interfaces/cmake/export_sr_interfaces__rosidl_generator_pyExport.cmake
[3.138s] -- Up-to-date: /home/fintan/ME4857Assignment2-master/install/sr_interfaces/share/sr_interfaces/cmake/export_sr_interfaces__rosidl_generator_pyExport-noconfig.cmake
[3.139s] -- Up-to-date: /home/fintan/ME4857Assignment2-master/install/sr_interfaces/share/sr_interfaces/cmake/rosidl_cmake-extras.cmake
[3.140s] -- Up-to-date: /home/fintan/ME4857Assignment2-master/install/sr_interfaces/share/sr_interfaces/cmake/ament_cmake_export_dependencies-extras.cmake
[3.141s] -- Up-to-date: /home/fintan/ME4857Assignment2-master/install/sr_interfaces/share/sr_interfaces/cmake/ament_cmake_export_include_directories-extras.cmake
[3.141s] -- Up-to-date: /home/fintan/ME4857Assignment2-master/install/sr_interfaces/share/sr_interfaces/cmake/ament_cmake_export_libraries-extras.cmake
[3.142s] -- Up-to-date: /home/fintan/ME4857Assignment2-master/install/sr_interfaces/share/sr_interfaces/cmake/ament_cmake_export_targets-extras.cmake
[3.142s] -- Up-to-date: /home/fintan/ME4857Assignment2-master/install/sr_interfaces/share/sr_interfaces/cmake/rosidl_cmake_export_typesupport_targets-extras.cmake
[3.142s] -- Up-to-date: /home/fintan/ME4857Assignment2-master/install/sr_interfaces/share/sr_interfaces/cmake/rosidl_cmake_export_typesupport_libraries-extras.cmake
[3.143s] -- Up-to-date: /home/fintan/ME4857Assignment2-master/install/sr_interfaces/share/sr_interfaces/cmake/sr_interfacesConfig.cmake
[3.143s] -- Up-to-date: /home/fintan/ME4857Assignment2-master/install/sr_interfaces/share/sr_interfaces/cmake/sr_interfacesConfig-version.cmake
[3.143s] -- Up-to-date: /home/fintan/ME4857Assignment2-master/install/sr_interfaces/share/sr_interfaces/package.xml
[3.152s] Invoked command in '/home/fintan/ME4857Assignment2-master/build/sr_interfaces' returned '0': CMAKE_PREFIX_PATH=${CMAKE_PREFIX_PATH}:/opt/ros/jazzy /usr/bin/cmake --install /home/fintan/ME4857Assignment2-master/build/sr_interfaces
