[0.045s] Invoking command in '/home/fintan/ME4857Assignment2-master/build/gazebo_worlds': CMAKE_PREFIX_PATH=${CMAKE_PREFIX_PATH}:/opt/ros/jazzy /usr/bin/cmake --build /home/fintan/ME4857Assignment2-master/build/gazebo_worlds -- -j12 -l12
[0.150s] Invoked command in '/home/fintan/ME4857Assignment2-master/build/gazebo_worlds' returned '0': CMAKE_PREFIX_PATH=${CMAKE_PREFIX_PATH}:/opt/ros/jazzy /usr/bin/cmake --build /home/fintan/ME4857Assignment2-master/build/gazebo_worlds -- -j12 -l12
[0.152s] Invoking command in '/home/fintan/ME4857Assignment2-master/build/gazebo_worlds': CMAKE_PREFIX_PATH=${CMAKE_PREFIX_PATH}:/opt/ros/jazzy /usr/bin/cmake --install /home/fintan/ME4857Assignment2-master/build/gazebo_worlds
[0.186s] -- Install configuration: ""
[0.188s] -- Up-to-date: /home/fintan/ME4857Assignment2-master/install/gazebo_worlds/share/gazebo_worlds/worlds
[0.188s] -- Up-to-date: /home/fintan/ME4857Assignment2-master/install/gazebo_worlds/share/gazebo_worlds/worlds/assignment_world.sdf
[0.189s] -- Up-to-date: /home/fintan/ME4857Assignment2-master/install/gazebo_worlds/share/ament_index/resource_index/package_run_dependencies/gazebo_worlds
[0.190s] -- Up-to-date: /home/fintan/ME4857Assignment2-master/install/gazebo_worlds/share/ament_index/resource_index/parent_prefix_path/gazebo_worlds
[0.192s] -- Up-to-date: /home/fintan/ME4857Assignment2-master/install/gazebo_worlds/share/gazebo_worlds/environment/ament_prefix_path.sh
[0.194s] -- Up-to-date: /home/fintan/ME4857Assignment2-master/install/gazebo_worlds/share/gazebo_worlds/environment/ament_prefix_path.dsv
[0.195s] -- Up-to-date: /home/fintan/ME4857Assignment2-master/install/gazebo_worlds/share/gazebo_worlds/environment/path.sh
[0.197s] -- Up-to-date: /home/fintan/ME4857Assignment2-master/install/gazebo_worlds/share/gazebo_worlds/environment/path.dsv
[0.197s] -- Up-to-date: /home/fintan/ME4857Assignment2-master/install/gazebo_worlds/share/gazebo_worlds/local_setup.bash
[0.198s] -- Up-to-date: /home/fintan/ME4857Assignment2-master/install/gazebo_worlds/share/gazebo_worlds/local_setup.sh
[0.199s] -- Up-to-date: /home/fintan/ME4857Assignment2-master/install/gazebo_worlds/share/gazebo_worlds/local_setup.zsh
[0.199s] -- Up-to-date: /home/fintan/ME4857Assignment2-master/install/gazebo_worlds/share/gazebo_worlds/local_setup.dsv
[0.200s] -- Up-to-date: /home/fintan/ME4857Assignment2-master/install/gazebo_worlds/share/gazebo_worlds/package.dsv
[0.201s] -- Up-to-date: /home/fintan/ME4857Assignment2-master/install/gazebo_worlds/share/ament_index/resource_index/packages/gazebo_worlds
[0.201s] -- Up-to-date: /home/fintan/ME4857Assignment2-master/install/gazebo_worlds/share/gazebo_worlds/cmake/gazebo_worldsConfig.cmake
[0.201s] -- Up-to-date: /home/fintan/ME4857Assignment2-master/install/gazebo_worlds/share/gazebo_worlds/cmake/gazebo_worldsConfig-version.cmake
[0.202s] -- Up-to-date: /home/fintan/ME4857Assignment2-master/install/gazebo_worlds/share/gazebo_worlds/package.xml
[0.254s] Invoked command in '/home/fintan/ME4857Assignment2-master/build/gazebo_worlds' returned '0': CMAKE_PREFIX_PATH=${CMAKE_PREFIX_PATH}:/opt/ros/jazzy /usr/bin/cmake --install /home/fintan/ME4857Assignment2-master/build/gazebo_worlds
