[0.036s] Invoking command in '/home/fintan/ME4857Assignment2-master/build/gazebo_worlds': CMAKE_PREFIX_PATH=${CMAKE_PREFIX_PATH}:/opt/ros/jazzy /usr/bin/cmake --build /home/fintan/ME4857Assignment2-master/build/gazebo_worlds -- -j12 -l12
[0.167s] Invoked command in '/home/fintan/ME4857Assignment2-master/build/gazebo_worlds' returned '0': CMAKE_PREFIX_PATH=${CMAKE_PREFIX_PATH}:/opt/ros/jazzy /usr/bin/cmake --build /home/fintan/ME4857Assignment2-master/build/gazebo_worlds -- -j12 -l12
[0.168s] Invoking command in '/home/fintan/ME4857Assignment2-master/build/gazebo_worlds': CMAKE_PREFIX_PATH=${CMAKE_PREFIX_PATH}:/opt/ros/jazzy /usr/bin/cmake --install /home/fintan/ME4857Assignment2-master/build/gazebo_worlds
[0.214s] -- Install configuration: ""
[0.214s] -- Up-to-date: /home/fintan/ME4857Assignment2-master/install/gazebo_worlds/share/gazebo_worlds/worlds
[0.215s] -- Up-to-date: /home/fintan/ME4857Assignment2-master/install/gazebo_worlds/share/gazebo_worlds/worlds/assignment_world.sdf
[0.215s] -- Up-to-date: /home/fintan/ME4857Assignment2-master/install/gazebo_worlds/share/ament_index/resource_index/package_run_dependencies/gazebo_worlds
[0.216s] -- Up-to-date: /home/fintan/ME4857Assignment2-master/install/gazebo_worlds/share/ament_index/resource_index/parent_prefix_path/gazebo_worlds
[0.217s] -- Up-to-date: /home/fintan/ME4857Assignment2-master/install/gazebo_worlds/share/gazebo_worlds/environment/ament_prefix_path.sh
[0.217s] -- Up-to-date: /home/fintan/ME4857Assignment2-master/install/gazebo_worlds/share/gazebo_worlds/environment/ament_prefix_path.dsv
[0.218s] -- Up-to-date: /home/fintan/ME4857Assignment2-master/install/gazebo_worlds/share/gazebo_worlds/environment/path.sh
[0.219s] -- Up-to-date: /home/fintan/ME4857Assignment2-master/install/gazebo_worlds/share/gazebo_worlds/environment/path.dsv
[0.219s] -- Up-to-date: /home/fintan/ME4857Assignment2-master/install/gazebo_worlds/share/gazebo_worlds/local_setup.bash
[0.220s] -- Up-to-date: /home/fintan/ME4857Assignment2-master/install/gazebo_worlds/share/gazebo_worlds/local_setup.sh
[0.224s] -- Up-to-date: /home/fintan/ME4857Assignment2-master/install/gazebo_worlds/share/gazebo_worlds/local_setup.zsh
[0.226s] -- Up-to-date: /home/fintan/ME4857Assignment2-master/install/gazebo_worlds/share/gazebo_worlds/local_setup.dsv
[0.229s] -- Installing: /home/fintan/ME4857Assignment2-master/install/gazebo_worlds/share/gazebo_worlds/package.dsv
[0.229s] -- Up-to-date: /home/fintan/ME4857Assignment2-master/install/gazebo_worlds/share/ament_index/resource_index/packages/gazebo_worlds
[0.229s] -- Up-to-date: /home/fintan/ME4857Assignment2-master/install/gazebo_worlds/share/gazebo_worlds/cmake/gazebo_worldsConfig.cmake
[0.230s] -- Up-to-date: /home/fintan/ME4857Assignment2-master/install/gazebo_worlds/share/gazebo_worlds/cmake/gazebo_worldsConfig-version.cmake
[0.230s] -- Up-to-date: /home/fintan/ME4857Assignment2-master/install/gazebo_worlds/share/gazebo_worlds/package.xml
[0.294s] Invoked command in '/home/fintan/ME4857Assignment2-master/build/gazebo_worlds' returned '0': CMAKE_PREFIX_PATH=${CMAKE_PREFIX_PATH}:/opt/ros/jazzy /usr/bin/cmake --install /home/fintan/ME4857Assignment2-master/build/gazebo_worlds
