[1.052s] Invoking command in '/home/fintan/ME4857Assignment2-master/build/bt': AMENT_PREFIX_PATH=/home/fintan/ME4857Assignment2-master/install/sr_interfaces:${AMENT_PREFIX_PATH} CMAKE_PREFIX_PATH=/home/fintan/ME4857Assignment2-master/install/sr_interfaces:/opt/ros/jazzy/opt/gz_sim_vendor:/opt/ros/jazzy/opt/gz_sensors_vendor:/opt/ros/jazzy/opt/gz_physics_vendor:/opt/ros/jazzy/opt/sdformat_vendor:/opt/ros/jazzy/opt/gz_gui_vendor:/opt/ros/jazzy/opt/gz_transport_vendor:/opt/ros/jazzy/opt/gz_rendering_vendor:/opt/ros/jazzy/opt/gz_plugin_vendor:/opt/ros/jazzy/opt/gz_fuel_tools_vendor:/opt/ros/jazzy/opt/gz_msgs_vendor:/opt/ros/jazzy/opt/gz_common_vendor:/opt/ros/jazzy/opt/gz_math_vendor:/opt/ros/jazzy/opt/gz_utils_vendor:/opt/ros/jazzy/opt/gz_tools_vendor:/opt/ros/jazzy/opt/gz_ogre_next_vendor:/opt/ros/jazzy/opt/gz_dartsim_vendor:/opt/ros/jazzy/opt/gz_cmake_vendor:/opt/ros/jazzy LD_LIBRARY_PATH=/home/fintan/ME4857Assignment2-master/install/sr_interfaces/lib:${LD_LIBRARY_PATH} PYTHONPATH=/home/fintan/ME4857Assignment2-master/install/sr_interfaces/lib/python3.12/site-packages:${PYTHONPATH} /usr/bin/cmake --build /home/fintan/ME4857Assignment2-master/build/bt -- -j12 -l12
[1.391s] Built target ament_cmake_python_copy_bt_nodes
[2.600s] running egg_info
[2.729s] writing bt_nodes.egg-info/PKG-INFO
[2.737s] writing dependency_links to bt_nodes.egg-info/dependency_links.txt
[2.738s] writing top-level names to bt_nodes.egg-info/top_level.txt
[3.064s] reading manifest file 'bt_nodes.egg-info/SOURCES.txt'
[3.064s] writing manifest file 'bt_nodes.egg-info/SOURCES.txt'
[3.243s] Built target ament_cmake_python_build_bt_nodes_egg
[3.310s] Invoked command in '/home/fintan/ME4857Assignment2-master/build/bt' returned '0': AMENT_PREFIX_PATH=/home/fintan/ME4857Assignment2-master/install/sr_interfaces:${AMENT_PREFIX_PATH} CMAKE_PREFIX_PATH=/home/fintan/ME4857Assignment2-master/install/sr_interfaces:/opt/ros/jazzy/opt/gz_sim_vendor:/opt/ros/jazzy/opt/gz_sensors_vendor:/opt/ros/jazzy/opt/gz_physics_vendor:/opt/ros/jazzy/opt/sdformat_vendor:/opt/ros/jazzy/opt/gz_gui_vendor:/opt/ros/jazzy/opt/gz_transport_vendor:/opt/ros/jazzy/opt/gz_rendering_vendor:/opt/ros/jazzy/opt/gz_plugin_vendor:/opt/ros/jazzy/opt/gz_fuel_tools_vendor:/opt/ros/jazzy/opt/gz_msgs_vendor:/opt/ros/jazzy/opt/gz_common_vendor:/opt/ros/jazzy/opt/gz_math_vendor:/opt/ros/jazzy/opt/gz_utils_vendor:/opt/ros/jazzy/opt/gz_tools_vendor:/opt/ros/jazzy/opt/gz_ogre_next_vendor:/opt/ros/jazzy/opt/gz_dartsim_vendor:/opt/ros/jazzy/opt/gz_cmake_vendor:/opt/ros/jazzy LD_LIBRARY_PATH=/home/fintan/ME4857Assignment2-master/install/sr_interfaces/lib:${LD_LIBRARY_PATH} PYTHONPATH=/home/fintan/ME4857Assignment2-master/install/sr_interfaces/lib/python3.12/site-packages:${PYTHONPATH} /usr/bin/cmake --build /home/fintan/ME4857Assignment2-master/build/bt -- -j12 -l12
[3.313s] Invoking command in '/home/fintan/ME4857Assignment2-master/build/bt': AMENT_PREFIX_PATH=/home/fintan/ME4857Assignment2-master/install/sr_interfaces:${AMENT_PREFIX_PATH} CMAKE_PREFIX_PATH=/home/fintan/ME4857Assignment2-master/install/sr_interfaces:/opt/ros/jazzy/opt/gz_sim_vendor:/opt/ros/jazzy/opt/gz_sensors_vendor:/opt/ros/jazzy/opt/gz_physics_vendor:/opt/ros/jazzy/opt/sdformat_vendor:/opt/ros/jazzy/opt/gz_gui_vendor:/opt/ros/jazzy/opt/gz_transport_vendor:/opt/ros/jazzy/opt/gz_rendering_vendor:/opt/ros/jazzy/opt/gz_plugin_vendor:/opt/ros/jazzy/opt/gz_fuel_tools_vendor:/opt/ros/jazzy/opt/gz_msgs_vendor:/opt/ros/jazzy/opt/gz_common_vendor:/opt/ros/jazzy/opt/gz_math_vendor:/opt/ros/jazzy/opt/gz_utils_vendor:/opt/ros/jazzy/opt/gz_tools_vendor:/opt/ros/jazzy/opt/gz_ogre_next_vendor:/opt/ros/jazzy/opt/gz_dartsim_vendor:/opt/ros/jazzy/opt/gz_cmake_vendor:/opt/ros/jazzy LD_LIBRARY_PATH=/home/fintan/ME4857Assignment2-master/install/sr_interfaces/lib:${LD_LIBRARY_PATH} PYTHONPATH=/home/fintan/ME4857Assignment2-master/install/sr_interfaces/lib/python3.12/site-packages:${PYTHONPATH} /usr/bin/cmake --install /home/fintan/ME4857Assignment2-master/build/bt
[3.348s] -- Install configuration: ""
[3.348s] -- Up-to-date: /home/fintan/ME4857Assignment2-master/install/bt/share/bt/environment/pythonpath.sh
[3.349s] -- Up-to-date: /home/fintan/ME4857Assignment2-master/install/bt/share/bt/environment/pythonpath.dsv
[3.349s] -- Up-to-date: /home/fintan/ME4857Assignment2-master/install/bt/lib/python3.12/site-packages/bt_nodes-1.0.0-py3.12.egg-info
[3.349s] -- Installing: /home/fintan/ME4857Assignment2-master/install/bt/lib/python3.12/site-packages/bt_nodes-1.0.0-py3.12.egg-info/SOURCES.txt
[3.349s] -- Installing: /home/fintan/ME4857Assignment2-master/install/bt/lib/python3.12/site-packages/bt_nodes-1.0.0-py3.12.egg-info/dependency_links.txt
[3.349s] -- Installing: /home/fintan/ME4857Assignment2-master/install/bt/lib/python3.12/site-packages/bt_nodes-1.0.0-py3.12.egg-info/PKG-INFO
[3.350s] -- Installing: /home/fintan/ME4857Assignment2-master/install/bt/lib/python3.12/site-packages/bt_nodes-1.0.0-py3.12.egg-info/top_level.txt
[3.350s] -- Up-to-date: /home/fintan/ME4857Assignment2-master/install/bt/lib/python3.12/site-packages/bt_nodes
[3.350s] -- Up-to-date: /home/fintan/ME4857Assignment2-master/install/bt/lib/python3.12/site-packages/bt_nodes/__init__.py
[3.350s] -- Up-to-date: /home/fintan/ME4857Assignment2-master/install/bt/lib/python3.12/site-packages/bt_nodes/cmd_vel_converter.py
[3.350s] -- Up-to-date: /home/fintan/ME4857Assignment2-master/install/bt/lib/python3.12/site-packages/bt_nodes/fire_safety.py
[3.351s] -- Up-to-date: /home/fintan/ME4857Assignment2-master/install/bt/lib/python3.12/site-packages/bt_nodes/tf_publisher.py
[3.351s] -- Installing: /home/fintan/ME4857Assignment2-master/install/bt/lib/python3.12/site-packages/bt_nodes/bt_runner.py
[3.351s] -- Up-to-date: /home/fintan/ME4857Assignment2-master/install/bt/lib/python3.12/site-packages/bt_nodes/battery_monitor.py
[3.352s] -- Up-to-date: /home/fintan/ME4857Assignment2-master/install/bt/lib/python3.12/site-packages/bt_nodes/camera_colour_detector.py
[3.353s] -- Up-to-date: /home/fintan/ME4857Assignment2-master/install/bt/lib/python3.12/site-packages/bt_nodes/navigate_to_server.py
[3.353s] -- Up-to-date: /home/fintan/ME4857Assignment2-master/install/bt/lib/python3.12/site-packages/bt_nodes/obstacle_monitor.py
[3.555s] Listing '/home/fintan/ME4857Assignment2-master/install/bt/lib/python3.12/site-packages/bt_nodes'...
[3.555s] Compiling '/home/fintan/ME4857Assignment2-master/install/bt/lib/python3.12/site-packages/bt_nodes/bt_runner.py'...
[3.579s] -- Up-to-date: /home/fintan/ME4857Assignment2-master/install/bt/share/bt/bt_xml
[3.587s] -- Up-to-date: /home/fintan/ME4857Assignment2-master/install/bt/share/bt/bt_xml/bt.xml
[3.587s] -- Up-to-date: /home/fintan/ME4857Assignment2-master/install/bt/share/bt/launch
[3.588s] -- Up-to-date: /home/fintan/ME4857Assignment2-master/install/bt/share/bt/launch/bt_launch.py
[3.589s] -- Installing: /home/fintan/ME4857Assignment2-master/install/bt/lib/bt/bt_runner.py
[3.589s] -- Up-to-date: /home/fintan/ME4857Assignment2-master/install/bt/lib/bt/battery_monitor.py
[3.589s] -- Up-to-date: /home/fintan/ME4857Assignment2-master/install/bt/lib/bt/fire_safety.py
[3.590s] -- Up-to-date: /home/fintan/ME4857Assignment2-master/install/bt/lib/bt/tf_publisher.py
[3.590s] -- Up-to-date: /home/fintan/ME4857Assignment2-master/install/bt/lib/bt/navigate_to_server.py
[3.590s] -- Up-to-date: /home/fintan/ME4857Assignment2-master/install/bt/lib/bt/obstacle_monitor.py
[3.590s] -- Up-to-date: /home/fintan/ME4857Assignment2-master/install/bt/lib/bt/cmd_vel_converter.py
[3.590s] -- Up-to-date: /home/fintan/ME4857Assignment2-master/install/bt/lib/bt/camera_colour_detector.py
[3.590s] -- Up-to-date: /home/fintan/ME4857Assignment2-master/install/bt/share/ament_index/resource_index/package_run_dependencies/bt
[3.591s] -- Up-to-date: /home/fintan/ME4857Assignment2-master/install/bt/share/ament_index/resource_index/parent_prefix_path/bt
[3.591s] -- Up-to-date: /home/fintan/ME4857Assignment2-master/install/bt/share/bt/environment/ament_prefix_path.sh
[3.591s] -- Up-to-date: /home/fintan/ME4857Assignment2-master/install/bt/share/bt/environment/ament_prefix_path.dsv
[3.591s] -- Up-to-date: /home/fintan/ME4857Assignment2-master/install/bt/share/bt/environment/path.sh
[3.592s] -- Up-to-date: /home/fintan/ME4857Assignment2-master/install/bt/share/bt/environment/path.dsv
[3.592s] -- Up-to-date: /home/fintan/ME4857Assignment2-master/install/bt/share/bt/local_setup.bash
[3.594s] -- Up-to-date: /home/fintan/ME4857Assignment2-master/install/bt/share/bt/local_setup.sh
[3.595s] -- Up-to-date: /home/fintan/ME4857Assignment2-master/install/bt/share/bt/local_setup.zsh
[3.605s] -- Up-to-date: /home/fintan/ME4857Assignment2-master/install/bt/share/bt/local_setup.dsv
[3.607s] -- Installing: /home/fintan/ME4857Assignment2-master/install/bt/share/bt/package.dsv
[3.608s] -- Up-to-date: /home/fintan/ME4857Assignment2-master/install/bt/share/ament_index/resource_index/packages/bt
[3.609s] -- Up-to-date: /home/fintan/ME4857Assignment2-master/install/bt/share/bt/cmake/btConfig.cmake
[3.609s] -- Up-to-date: /home/fintan/ME4857Assignment2-master/install/bt/share/bt/cmake/btConfig-version.cmake
[3.610s] -- Up-to-date: /home/fintan/ME4857Assignment2-master/install/bt/share/bt/package.xml
[3.611s] Invoked command in '/home/fintan/ME4857Assignment2-master/build/bt' returned '0': AMENT_PREFIX_PATH=/home/fintan/ME4857Assignment2-master/install/sr_interfaces:${AMENT_PREFIX_PATH} CMAKE_PREFIX_PATH=/home/fintan/ME4857Assignment2-master/install/sr_interfaces:/opt/ros/jazzy/opt/gz_sim_vendor:/opt/ros/jazzy/opt/gz_sensors_vendor:/opt/ros/jazzy/opt/gz_physics_vendor:/opt/ros/jazzy/opt/sdformat_vendor:/opt/ros/jazzy/opt/gz_gui_vendor:/opt/ros/jazzy/opt/gz_transport_vendor:/opt/ros/jazzy/opt/gz_rendering_vendor:/opt/ros/jazzy/opt/gz_plugin_vendor:/opt/ros/jazzy/opt/gz_fuel_tools_vendor:/opt/ros/jazzy/opt/gz_msgs_vendor:/opt/ros/jazzy/opt/gz_common_vendor:/opt/ros/jazzy/opt/gz_math_vendor:/opt/ros/jazzy/opt/gz_utils_vendor:/opt/ros/jazzy/opt/gz_tools_vendor:/opt/ros/jazzy/opt/gz_ogre_next_vendor:/opt/ros/jazzy/opt/gz_dartsim_vendor:/opt/ros/jazzy/opt/gz_cmake_vendor:/opt/ros/jazzy LD_LIBRARY_PATH=/home/fintan/ME4857Assignment2-master/install/sr_interfaces/lib:${LD_LIBRARY_PATH} PYTHONPATH=/home/fintan/ME4857Assignment2-master/install/sr_interfaces/lib/python3.12/site-packages:${PYTHONPATH} /usr/bin/cmake --install /home/fintan/ME4857Assignment2-master/build/bt
