-- Install configuration: ""
-- Up-to-date: /home/fintan/ME4857Assignment2-master/install/start_up/share/start_up/launch
-- Up-to-date: /home/fintan/ME4857Assignment2-master/install/start_up/share/start_up/launch/start_up.py
-- Up-to-date: /home/fintan/ME4857Assignment2-master/install/start_up/share/start_up/config
-- Up-to-date: /home/fintan/ME4857Assignment2-master/install/start_up/share/start_up/config/mission.yaml
-- Up-to-date: /home/fintan/ME4857Assignment2-master/install/start_up/share/ament_index/resource_index/package_run_dependencies/start_up
-- Up-to-date: /home/fintan/ME4857Assignment2-master/install/start_up/share/ament_index/resource_index/parent_prefix_path/start_up
-- Up-to-date: /home/fintan/ME4857Assignment2-master/install/start_up/share/start_up/environment/ament_prefix_path.sh
-- Up-to-date: /home/fintan/ME4857Assignment2-master/install/start_up/share/start_up/environment/ament_prefix_path.dsv
-- Up-to-date: /home/fintan/ME4857Assignment2-master/install/start_up/share/start_up/environment/path.sh
-- Up-to-date: /home/fintan/ME4857Assignment2-master/install/start_up/share/start_up/environment/path.dsv
-- Up-to-date: /home/fintan/ME4857Assignment2-master/install/start_up/share/start_up/local_setup.bash
-- Up-to-date: /home/fintan/ME4857Assignment2-master/install/start_up/share/start_up/local_setup.sh
-- Up-to-date: /home/fintan/ME4857Assignment2-master/install/start_up/share/start_up/local_setup.zsh
-- Up-to-date: /home/fintan/ME4857Assignment2-master/install/start_up/share/start_up/local_setup.dsv
-- Installing: /home/fintan/ME4857Assignment2-master/install/start_up/share/start_up/package.dsv
-- Up-to-date: /home/fintan/ME4857Assignment2-master/install/start_up/share/ament_index/resource_index/packages/start_up
-- Up-to-date: /home/fintan/ME4857Assignment2-master/install/start_up/share/start_up/cmake/start_upConfig.cmake
-- Up-to-date: /home/fintan/ME4857Assignment2-master/install/start_up/share/start_up/cmake/start_upConfig-version.cmake
-- Up-to-date: /home/fintan/ME4857Assignment2-master/install/start_up/share/start_up/package.xml
