[0.484s] DEBUG:colcon:Command line arguments: ['/usr/bin/colcon', 'build']
[0.484s] DEBUG:colcon:Parsed command line arguments: Namespace(log_base=None, log_level=None, verb_name='build', build_base='build', install_base='install', merge_install=False, symlink_install=False, test_result_base=None, continue_on_error=False, executor='parallel', parallel_workers=12, event_handlers=None, ignore_user_meta=False, metas=['./colcon.meta'], base_paths=['.'], packages_ignore=None, packages_ignore_regex=None, paths=None, packages_up_to=None, packages_up_to_regex=None, packages_above=None, packages_above_and_dependencies=None, packages_above_depth=None, packages_select_by_dep=None, packages_skip_by_dep=None, packages_skip_up_to=None, packages_select_build_failed=False, packages_skip_build_finished=False, packages_select_test_failures=False, packages_skip_test_passed=False, packages_select=None, packages_skip=None, packages_select_regex=None, packages_skip_regex=None, packages_start=None, packages_end=None, allow_overriding=[], cmake_args=None, cmake_target=None, cmake_target_skip_unavailable=False, cmake_clean_cache=False, cmake_clean_first=False, cmake_force_configure=False, ament_cmake_args=None, catkin_cmake_args=None, catkin_skip_building_tests=False, verb_parser=<colcon_defaults.argument_parser.defaults.DefaultArgumentsDecorator object at 0x7c3604d6b290>, verb_extension=<colcon_core.verb.build.BuildVerb object at 0x7c3604e97d10>, main=<bound method BuildVerb.main of <colcon_core.verb.build.BuildVerb object at 0x7c3604e97d10>>)
[0.550s] Level 1:colcon.colcon_core.package_discovery:discover_packages(colcon_meta) check parameters
[0.551s] Level 1:colcon.colcon_core.package_discovery:discover_packages(recursive) check parameters
[0.551s] Level 1:colcon.colcon_core.package_discovery:discover_packages(ignore) check parameters
[0.551s] Level 1:colcon.colcon_core.package_discovery:discover_packages(path) check parameters
[0.551s] Level 1:colcon.colcon_core.package_discovery:discover_packages(colcon_meta) discover
[0.552s] Level 1:colcon.colcon_core.package_discovery:discover_packages(recursive) discover
[0.552s] INFO:colcon.colcon_core.package_discovery:Crawling recursively for packages in '/home/fintan/ME4857Assignment2-master'
[0.552s] Level 1:colcon.colcon_core.package_identification:_identify(.) by extensions ['ignore', 'ignore_ament_install']
[0.553s] Level 1:colcon.colcon_core.package_identification:_identify(.) by extension 'ignore'
[0.553s] Level 1:colcon.colcon_core.package_identification:_identify(.) by extension 'ignore_ament_install'
[0.553s] Level 1:colcon.colcon_core.package_identification:_identify(.) by extensions ['colcon_pkg']
[0.553s] Level 1:colcon.colcon_core.package_identification:_identify(.) by extension 'colcon_pkg'
[0.553s] Level 1:colcon.colcon_core.package_identification:_identify(.) by extensions ['colcon_meta']
[0.553s] Level 1:colcon.colcon_core.package_identification:_identify(.) by extension 'colcon_meta'
[0.554s] Level 1:colcon.colcon_core.package_identification:_identify(.) by extensions ['ros']
[0.554s] Level 1:colcon.colcon_core.package_identification:_identify(.) by extension 'ros'
[0.595s] Level 1:colcon.colcon_core.package_identification:_identify(.) by extensions ['cmake', 'python']
[0.595s] Level 1:colcon.colcon_core.package_identification:_identify(.) by extension 'cmake'
[0.595s] Level 1:colcon.colcon_core.package_identification:_identify(.) by extension 'python'
[0.595s] Level 1:colcon.colcon_core.package_identification:_identify(.) by extensions ['python_setup_py']
[0.595s] Level 1:colcon.colcon_core.package_identification:_identify(.) by extension 'python_setup_py'
[0.595s] Level 1:colcon.colcon_core.package_identification:_identify(build) by extensions ['ignore', 'ignore_ament_install']
[0.595s] Level 1:colcon.colcon_core.package_identification:_identify(build) by extension 'ignore'
[0.596s] Level 1:colcon.colcon_core.package_identification:_identify(build) ignored
[0.596s] Level 1:colcon.colcon_core.package_identification:_identify(install) by extensions ['ignore', 'ignore_ament_install']
[0.596s] Level 1:colcon.colcon_core.package_identification:_identify(install) by extension 'ignore'
[0.596s] Level 1:colcon.colcon_core.package_identification:_identify(install) ignored
[0.596s] Level 1:colcon.colcon_core.package_identification:_identify(log) by extensions ['ignore', 'ignore_ament_install']
[0.596s] Level 1:colcon.colcon_core.package_identification:_identify(log) by extension 'ignore'
[0.596s] Level 1:colcon.colcon_core.package_identification:_identify(log) ignored
[0.596s] Level 1:colcon.colcon_core.package_identification:_identify(src) by extensions ['ignore', 'ignore_ament_install']
[0.597s] Level 1:colcon.colcon_core.package_identification:_identify(src) by extension 'ignore'
[0.597s] Level 1:colcon.colcon_core.package_identification:_identify(src) by extension 'ignore_ament_install'
[0.597s] Level 1:colcon.colcon_core.package_identification:_identify(src) by extensions ['colcon_pkg']
[0.597s] Level 1:colcon.colcon_core.package_identification:_identify(src) by extension 'colcon_pkg'
[0.597s] Level 1:colcon.colcon_core.package_identification:_identify(src) by extensions ['colcon_meta']
[0.597s] Level 1:colcon.colcon_core.package_identification:_identify(src) by extension 'colcon_meta'
[0.597s] Level 1:colcon.colcon_core.package_identification:_identify(src) by extensions ['ros']
[0.597s] Level 1:colcon.colcon_core.package_identification:_identify(src) by extension 'ros'
[0.597s] Level 1:colcon.colcon_core.package_identification:_identify(src) by extensions ['cmake', 'python']
[0.597s] Level 1:colcon.colcon_core.package_identification:_identify(src) by extension 'cmake'
[0.597s] Level 1:colcon.colcon_core.package_identification:_identify(src) by extension 'python'
[0.598s] Level 1:colcon.colcon_core.package_identification:_identify(src) by extensions ['python_setup_py']
[0.598s] Level 1:colcon.colcon_core.package_identification:_identify(src) by extension 'python_setup_py'
[0.598s] Level 1:colcon.colcon_core.package_identification:_identify(src/bt) by extensions ['ignore', 'ignore_ament_install']
[0.598s] Level 1:colcon.colcon_core.package_identification:_identify(src/bt) by extension 'ignore'
[0.598s] Level 1:colcon.colcon_core.package_identification:_identify(src/bt) by extension 'ignore_ament_install'
[0.598s] Level 1:colcon.colcon_core.package_identification:_identify(src/bt) by extensions ['colcon_pkg']
[0.598s] Level 1:colcon.colcon_core.package_identification:_identify(src/bt) by extension 'colcon_pkg'
[0.598s] Level 1:colcon.colcon_core.package_identification:_identify(src/bt) by extensions ['colcon_meta']
[0.598s] Level 1:colcon.colcon_core.package_identification:_identify(src/bt) by extension 'colcon_meta'
[0.598s] Level 1:colcon.colcon_core.package_identification:_identify(src/bt) by extensions ['ros']
[0.598s] Level 1:colcon.colcon_core.package_identification:_identify(src/bt) by extension 'ros'
[0.604s] DEBUG:colcon.colcon_core.package_identification:Package 'src/bt' with type 'ros.ament_cmake' and name 'bt'
[0.604s] Level 1:colcon.colcon_core.package_identification:_identify(src/gazebo) by extensions ['ignore', 'ignore_ament_install']
[0.605s] Level 1:colcon.colcon_core.package_identification:_identify(src/gazebo) by extension 'ignore'
[0.605s] Level 1:colcon.colcon_core.package_identification:_identify(src/gazebo) by extension 'ignore_ament_install'
[0.605s] Level 1:colcon.colcon_core.package_identification:_identify(src/gazebo) by extensions ['colcon_pkg']
[0.605s] Level 1:colcon.colcon_core.package_identification:_identify(src/gazebo) by extension 'colcon_pkg'
[0.605s] Level 1:colcon.colcon_core.package_identification:_identify(src/gazebo) by extensions ['colcon_meta']
[0.605s] Level 1:colcon.colcon_core.package_identification:_identify(src/gazebo) by extension 'colcon_meta'
[0.605s] Level 1:colcon.colcon_core.package_identification:_identify(src/gazebo) by extensions ['ros']
[0.605s] Level 1:colcon.colcon_core.package_identification:_identify(src/gazebo) by extension 'ros'
[0.606s] DEBUG:colcon.colcon_core.package_identification:Package 'src/gazebo' with type 'ros.ament_cmake' and name 'gazebo_worlds'
[0.607s] Level 1:colcon.colcon_core.package_identification:_identify(src/navigation) by extensions ['ignore', 'ignore_ament_install']
[0.607s] Level 1:colcon.colcon_core.package_identification:_identify(src/navigation) by extension 'ignore'
[0.607s] Level 1:colcon.colcon_core.package_identification:_identify(src/navigation) by extension 'ignore_ament_install'
[0.607s] Level 1:colcon.colcon_core.package_identification:_identify(src/navigation) by extensions ['colcon_pkg']
[0.607s] Level 1:colcon.colcon_core.package_identification:_identify(src/navigation) by extension 'colcon_pkg'
[0.607s] Level 1:colcon.colcon_core.package_identification:_identify(src/navigation) by extensions ['colcon_meta']
[0.607s] Level 1:colcon.colcon_core.package_identification:_identify(src/navigation) by extension 'colcon_meta'
[0.607s] Level 1:colcon.colcon_core.package_identification:_identify(src/navigation) by extensions ['ros']
[0.607s] Level 1:colcon.colcon_core.package_identification:_identify(src/navigation) by extension 'ros'
[0.608s] Level 1:colcon.colcon_core.package_identification:_identify(src/navigation) by extensions ['cmake', 'python']
[0.608s] Level 1:colcon.colcon_core.package_identification:_identify(src/navigation) by extension 'cmake'
[0.608s] Level 1:colcon.colcon_core.package_identification:_identify(src/navigation) by extension 'python'
[0.608s] Level 1:colcon.colcon_core.package_identification:_identify(src/navigation) by extensions ['python_setup_py']
[0.608s] Level 1:colcon.colcon_core.package_identification:_identify(src/navigation) by extension 'python_setup_py'
[0.608s] Level 1:colcon.colcon_core.package_identification:_identify(src/navigation/maps) by extensions ['ignore', 'ignore_ament_install']
[0.608s] Level 1:colcon.colcon_core.package_identification:_identify(src/navigation/maps) by extension 'ignore'
[0.608s] Level 1:colcon.colcon_core.package_identification:_identify(src/navigation/maps) by extension 'ignore_ament_install'
[0.608s] Level 1:colcon.colcon_core.package_identification:_identify(src/navigation/maps) by extensions ['colcon_pkg']
[0.608s] Level 1:colcon.colcon_core.package_identification:_identify(src/navigation/maps) by extension 'colcon_pkg'
[0.608s] Level 1:colcon.colcon_core.package_identification:_identify(src/navigation/maps) by extensions ['colcon_meta']
[0.609s] Level 1:colcon.colcon_core.package_identification:_identify(src/navigation/maps) by extension 'colcon_meta'
[0.609s] Level 1:colcon.colcon_core.package_identification:_identify(src/navigation/maps) by extensions ['ros']
[0.609s] Level 1:colcon.colcon_core.package_identification:_identify(src/navigation/maps) by extension 'ros'
[0.609s] Level 1:colcon.colcon_core.package_identification:_identify(src/navigation/maps) by extensions ['cmake', 'python']
[0.609s] Level 1:colcon.colcon_core.package_identification:_identify(src/navigation/maps) by extension 'cmake'
[0.609s] Level 1:colcon.colcon_core.package_identification:_identify(src/navigation/maps) by extension 'python'
[0.609s] Level 1:colcon.colcon_core.package_identification:_identify(src/navigation/maps) by extensions ['python_setup_py']
[0.609s] Level 1:colcon.colcon_core.package_identification:_identify(src/navigation/maps) by extension 'python_setup_py'
[0.609s] Level 1:colcon.colcon_core.package_identification:_identify(src/robot_model) by extensions ['ignore', 'ignore_ament_install']
[0.609s] Level 1:colcon.colcon_core.package_identification:_identify(src/robot_model) by extension 'ignore'
[0.609s] Level 1:colcon.colcon_core.package_identification:_identify(src/robot_model) by extension 'ignore_ament_install'
[0.610s] Level 1:colcon.colcon_core.package_identification:_identify(src/robot_model) by extensions ['colcon_pkg']
[0.610s] Level 1:colcon.colcon_core.package_identification:_identify(src/robot_model) by extension 'colcon_pkg'
[0.610s] Level 1:colcon.colcon_core.package_identification:_identify(src/robot_model) by extensions ['colcon_meta']
[0.610s] Level 1:colcon.colcon_core.package_identification:_identify(src/robot_model) by extension 'colcon_meta'
[0.610s] Level 1:colcon.colcon_core.package_identification:_identify(src/robot_model) by extensions ['ros']
[0.610s] Level 1:colcon.colcon_core.package_identification:_identify(src/robot_model) by extension 'ros'
[0.612s] DEBUG:colcon.colcon_core.package_identification:Package 'src/robot_model' with type 'ros.ament_cmake' and name 'robot_model'
[0.612s] Level 1:colcon.colcon_core.package_identification:_identify(src/sr_interfaces) by extensions ['ignore', 'ignore_ament_install']
[0.612s] Level 1:colcon.colcon_core.package_identification:_identify(src/sr_interfaces) by extension 'ignore'
[0.613s] Level 1:colcon.colcon_core.package_identification:_identify(src/sr_interfaces) by extension 'ignore_ament_install'
[0.613s] Level 1:colcon.colcon_core.package_identification:_identify(src/sr_interfaces) by extensions ['colcon_pkg']
[0.613s] Level 1:colcon.colcon_core.package_identification:_identify(src/sr_interfaces) by extension 'colcon_pkg'
[0.613s] Level 1:colcon.colcon_core.package_identification:_identify(src/sr_interfaces) by extensions ['colcon_meta']
[0.613s] Level 1:colcon.colcon_core.package_identification:_identify(src/sr_interfaces) by extension 'colcon_meta'
[0.613s] Level 1:colcon.colcon_core.package_identification:_identify(src/sr_interfaces) by extensions ['ros']
[0.613s] Level 1:colcon.colcon_core.package_identification:_identify(src/sr_interfaces) by extension 'ros'
[0.614s] DEBUG:colcon.colcon_core.package_identification:Package 'src/sr_interfaces' with type 'ros.ament_cmake' and name 'sr_interfaces'
[0.614s] Level 1:colcon.colcon_core.package_identification:_identify(src/start_up) by extensions ['ignore', 'ignore_ament_install']
[0.614s] Level 1:colcon.colcon_core.package_identification:_identify(src/start_up) by extension 'ignore'
[0.614s] Level 1:colcon.colcon_core.package_identification:_identify(src/start_up) by extension 'ignore_ament_install'
[0.614s] Level 1:colcon.colcon_core.package_identification:_identify(src/start_up) by extensions ['colcon_pkg']
[0.614s] Level 1:colcon.colcon_core.package_identification:_identify(src/start_up) by extension 'colcon_pkg'
[0.614s] Level 1:colcon.colcon_core.package_identification:_identify(src/start_up) by extensions ['colcon_meta']
[0.614s] Level 1:colcon.colcon_core.package_identification:_identify(src/start_up) by extension 'colcon_meta'
[0.615s] Level 1:colcon.colcon_core.package_identification:_identify(src/start_up) by extensions ['ros']
[0.615s] Level 1:colcon.colcon_core.package_identification:_identify(src/start_up) by extension 'ros'
[0.615s] DEBUG:colcon.colcon_core.package_identification:Package 'src/start_up' with type 'ros.ament_cmake' and name 'start_up'
[0.615s] Level 1:colcon.colcon_core.package_discovery:discover_packages(recursive) using defaults
[0.615s] Level 1:colcon.colcon_core.package_discovery:discover_packages(ignore) discover
[0.616s] Level 1:colcon.colcon_core.package_discovery:discover_packages(ignore) using defaults
[0.616s] Level 1:colcon.colcon_core.package_discovery:discover_packages(path) discover
[0.616s] Level 1:colcon.colcon_core.package_discovery:discover_packages(path) using defaults
[0.644s] Level 1:colcon.colcon_core.package_discovery:discover_packages(prefix_path) check parameters
[0.644s] Level 1:colcon.colcon_core.package_discovery:discover_packages(prefix_path) discover
[0.648s] DEBUG:colcon.colcon_installed_package_information.package_discovery:Found 374 installed packages in /opt/ros/jazzy
[0.649s] Level 1:colcon.colcon_core.package_discovery:discover_packages(prefix_path) using defaults
[0.741s] Level 5:colcon.colcon_core.verb:set package 'gazebo_worlds' build argument 'cmake_args' from command line to 'None'
[0.741s] Level 5:colcon.colcon_core.verb:set package 'gazebo_worlds' build argument 'cmake_target' from command line to 'None'
[0.741s] Level 5:colcon.colcon_core.verb:set package 'gazebo_worlds' build argument 'cmake_target_skip_unavailable' from command line to 'False'
[0.741s] Level 5:colcon.colcon_core.verb:set package 'gazebo_worlds' build argument 'cmake_clean_cache' from command line to 'False'
[0.741s] Level 5:colcon.colcon_core.verb:set package 'gazebo_worlds' build argument 'cmake_clean_first' from command line to 'False'
[0.741s] Level 5:colcon.colcon_core.verb:set package 'gazebo_worlds' build argument 'cmake_force_configure' from command line to 'False'
[0.741s] Level 5:colcon.colcon_core.verb:set package 'gazebo_worlds' build argument 'ament_cmake_args' from command line to 'None'
[0.741s] Level 5:colcon.colcon_core.verb:set package 'gazebo_worlds' build argument 'catkin_cmake_args' from command line to 'None'
[0.742s] Level 5:colcon.colcon_core.verb:set package 'gazebo_worlds' build argument 'catkin_skip_building_tests' from command line to 'False'
[0.742s] DEBUG:colcon.colcon_core.verb:Building package 'gazebo_worlds' with the following arguments: {'ament_cmake_args': None, 'build_base': '/home/fintan/ME4857Assignment2-master/build/gazebo_worlds', 'catkin_cmake_args': None, 'catkin_skip_building_tests': False, 'cmake_args': None, 'cmake_clean_cache': False, 'cmake_clean_first': False, 'cmake_force_configure': False, 'cmake_target': None, 'cmake_target_skip_unavailable': False, 'install_base': '/home/fintan/ME4857Assignment2-master/install/gazebo_worlds', 'merge_install': False, 'path': '/home/fintan/ME4857Assignment2-master/src/gazebo', 'symlink_install': False, 'test_result_base': None}
[0.742s] Level 5:colcon.colcon_core.verb:set package 'robot_model' build argument 'cmake_args' from command line to 'None'
[0.742s] Level 5:colcon.colcon_core.verb:set package 'robot_model' build argument 'cmake_target' from command line to 'None'
[0.742s] Level 5:colcon.colcon_core.verb:set package 'robot_model' build argument 'cmake_target_skip_unavailable' from command line to 'False'
[0.742s] Level 5:colcon.colcon_core.verb:set package 'robot_model' build argument 'cmake_clean_cache' from command line to 'False'
[0.742s] Level 5:colcon.colcon_core.verb:set package 'robot_model' build argument 'cmake_clean_first' from command line to 'False'
[0.743s] Level 5:colcon.colcon_core.verb:set package 'robot_model' build argument 'cmake_force_configure' from command line to 'False'
[0.743s] Level 5:colcon.colcon_core.verb:set package 'robot_model' build argument 'ament_cmake_args' from command line to 'None'
[0.743s] Level 5:colcon.colcon_core.verb:set package 'robot_model' build argument 'catkin_cmake_args' from command line to 'None'
[0.743s] Level 5:colcon.colcon_core.verb:set package 'robot_model' build argument 'catkin_skip_building_tests' from command line to 'False'
[0.743s] DEBUG:colcon.colcon_core.verb:Building package 'robot_model' with the following arguments: {'ament_cmake_args': None, 'build_base': '/home/fintan/ME4857Assignment2-master/build/robot_model', 'catkin_cmake_args': None, 'catkin_skip_building_tests': False, 'cmake_args': None, 'cmake_clean_cache': False, 'cmake_clean_first': False, 'cmake_force_configure': False, 'cmake_target': None, 'cmake_target_skip_unavailable': False, 'install_base': '/home/fintan/ME4857Assignment2-master/install/robot_model', 'merge_install': False, 'path': '/home/fintan/ME4857Assignment2-master/src/robot_model', 'symlink_install': False, 'test_result_base': None}
[0.743s] Level 5:colcon.colcon_core.verb:set package 'sr_interfaces' build argument 'cmake_args' from command line to 'None'
[0.744s] Level 5:colcon.colcon_core.verb:set package 'sr_interfaces' build argument 'cmake_target' from command line to 'None'
[0.744s] Level 5:colcon.colcon_core.verb:set package 'sr_interfaces' build argument 'cmake_target_skip_unavailable' from command line to 'False'
[0.744s] Level 5:colcon.colcon_core.verb:set package 'sr_interfaces' build argument 'cmake_clean_cache' from command line to 'False'
[0.744s] Level 5:colcon.colcon_core.verb:set package 'sr_interfaces' build argument 'cmake_clean_first' from command line to 'False'
[0.744s] Level 5:colcon.colcon_core.verb:set package 'sr_interfaces' build argument 'cmake_force_configure' from command line to 'False'
[0.744s] Level 5:colcon.colcon_core.verb:set package 'sr_interfaces' build argument 'ament_cmake_args' from command line to 'None'
[0.744s] Level 5:colcon.colcon_core.verb:set package 'sr_interfaces' build argument 'catkin_cmake_args' from command line to 'None'
[0.744s] Level 5:colcon.colcon_core.verb:set package 'sr_interfaces' build argument 'catkin_skip_building_tests' from command line to 'False'
[0.744s] DEBUG:colcon.colcon_core.verb:Building package 'sr_interfaces' with the following arguments: {'ament_cmake_args': None, 'build_base': '/home/fintan/ME4857Assignment2-master/build/sr_interfaces', 'catkin_cmake_args': None, 'catkin_skip_building_tests': False, 'cmake_args': None, 'cmake_clean_cache': False, 'cmake_clean_first': False, 'cmake_force_configure': False, 'cmake_target': None, 'cmake_target_skip_unavailable': False, 'install_base': '/home/fintan/ME4857Assignment2-master/install/sr_interfaces', 'merge_install': False, 'path': '/home/fintan/ME4857Assignment2-master/src/sr_interfaces', 'symlink_install': False, 'test_result_base': None}
[0.745s] Level 5:colcon.colcon_core.verb:set package 'bt' build argument 'cmake_args' from command line to 'None'
[0.745s] Level 5:colcon.colcon_core.verb:set package 'bt' build argument 'cmake_target' from command line to 'None'
[0.745s] Level 5:colcon.colcon_core.verb:set package 'bt' build argument 'cmake_target_skip_unavailable' from command line to 'False'
[0.745s] Level 5:colcon.colcon_core.verb:set package 'bt' build argument 'cmake_clean_cache' from command line to 'False'
[0.745s] Level 5:colcon.colcon_core.verb:set package 'bt' build argument 'cmake_clean_first' from command line to 'False'
[0.745s] Level 5:colcon.colcon_core.verb:set package 'bt' build argument 'cmake_force_configure' from command line to 'False'
[0.745s] Level 5:colcon.colcon_core.verb:set package 'bt' build argument 'ament_cmake_args' from command line to 'None'
[0.745s] Level 5:colcon.colcon_core.verb:set package 'bt' build argument 'catkin_cmake_args' from command line to 'None'
[0.745s] Level 5:colcon.colcon_core.verb:set package 'bt' build argument 'catkin_skip_building_tests' from command line to 'False'
[0.745s] DEBUG:colcon.colcon_core.verb:Building package 'bt' with the following arguments: {'ament_cmake_args': None, 'build_base': '/home/fintan/ME4857Assignment2-master/build/bt', 'catkin_cmake_args': None, 'catkin_skip_building_tests': False, 'cmake_args': None, 'cmake_clean_cache': False, 'cmake_clean_first': False, 'cmake_force_configure': False, 'cmake_target': None, 'cmake_target_skip_unavailable': False, 'install_base': '/home/fintan/ME4857Assignment2-master/install/bt', 'merge_install': False, 'path': '/home/fintan/ME4857Assignment2-master/src/bt', 'symlink_install': False, 'test_result_base': None}
[0.746s] Level 5:colcon.colcon_core.verb:set package 'start_up' build argument 'cmake_args' from command line to 'None'
[0.746s] Level 5:colcon.colcon_core.verb:set package 'start_up' build argument 'cmake_target' from command line to 'None'
[0.746s] Level 5:colcon.colcon_core.verb:set package 'start_up' build argument 'cmake_target_skip_unavailable' from command line to 'False'
[0.746s] Level 5:colcon.colcon_core.verb:set package 'start_up' build argument 'cmake_clean_cache' from command line to 'False'
[0.746s] Level 5:colcon.colcon_core.verb:set package 'start_up' build argument 'cmake_clean_first' from command line to 'False'
[0.746s] Level 5:colcon.colcon_core.verb:set package 'start_up' build argument 'cmake_force_configure' from command line to 'False'
[0.746s] Level 5:colcon.colcon_core.verb:set package 'start_up' build argument 'ament_cmake_args' from command line to 'None'
[0.746s] Level 5:colcon.colcon_core.verb:set package 'start_up' build argument 'catkin_cmake_args' from command line to 'None'
[0.746s] Level 5:colcon.colcon_core.verb:set package 'start_up' build argument 'catkin_skip_building_tests' from command line to 'False'
[0.746s] DEBUG:colcon.colcon_core.verb:Building package 'start_up' with the following arguments: {'ament_cmake_args': None, 'build_base': '/home/fintan/ME4857Assignment2-master/build/start_up', 'catkin_cmake_args': None, 'catkin_skip_building_tests': False, 'cmake_args': None, 'cmake_clean_cache': False, 'cmake_clean_first': False, 'cmake_force_configure': False, 'cmake_target': None, 'cmake_target_skip_unavailable': False, 'install_base': '/home/fintan/ME4857Assignment2-master/install/start_up', 'merge_install': False, 'path': '/home/fintan/ME4857Assignment2-master/src/start_up', 'symlink_install': False, 'test_result_base': None}
[0.746s] INFO:colcon.colcon_core.executor:Executing jobs using 'parallel' executor
[0.748s] DEBUG:colcon.colcon_parallel_executor.executor.parallel:run_until_complete
[0.748s] INFO:colcon.colcon_ros.task.ament_cmake.build:Building ROS package in '/home/fintan/ME4857Assignment2-master/src/sr_interfaces' with build type 'ament_cmake'
[0.748s] INFO:colcon.colcon_cmake.task.cmake.build:Building CMake package in '/home/fintan/ME4857Assignment2-master/src/sr_interfaces'
[0.753s] INFO:colcon.colcon_core.plugin_system:Skipping extension 'colcon_core.shell.bat': Not used on non-Windows systems
[0.753s] INFO:colcon.colcon_core.shell:Skip shell extension 'powershell' for command environment: Not usable outside of PowerShell
[0.753s] DEBUG:colcon.colcon_core.shell:Skip shell extension 'dsv' for command environment
[0.759s] INFO:colcon.colcon_ros.task.ament_cmake.build:Building ROS package in '/home/fintan/ME4857Assignment2-master/src/robot_model' with build type 'ament_cmake'
[0.759s] INFO:colcon.colcon_cmake.task.cmake.build:Building CMake package in '/home/fintan/ME4857Assignment2-master/src/robot_model'
[0.759s] INFO:colcon.colcon_core.shell:Skip shell extension 'powershell' for command environment: Not usable outside of PowerShell
[0.759s] DEBUG:colcon.colcon_core.shell:Skip shell extension 'dsv' for command environment
[0.764s] INFO:colcon.colcon_ros.task.ament_cmake.build:Building ROS package in '/home/fintan/ME4857Assignment2-master/src/gazebo' with build type 'ament_cmake'
[0.765s] INFO:colcon.colcon_cmake.task.cmake.build:Building CMake package in '/home/fintan/ME4857Assignment2-master/src/gazebo'
[0.766s] INFO:colcon.colcon_core.shell:Skip shell extension 'powershell' for command environment: Not usable outside of PowerShell
[0.766s] DEBUG:colcon.colcon_core.shell:Skip shell extension 'dsv' for command environment
[0.787s] DEBUG:colcon.colcon_core.event_handler.log_command:Invoking command in '/home/fintan/ME4857Assignment2-master/build/sr_interfaces': CMAKE_PREFIX_PATH=${CMAKE_PREFIX_PATH}:/opt/ros/jazzy /usr/bin/cmake --build /home/fintan/ME4857Assignment2-master/build/sr_interfaces -- -j12 -l12
[0.796s] DEBUG:colcon.colcon_core.event_handler.log_command:Invoking command in '/home/fintan/ME4857Assignment2-master/build/robot_model': CMAKE_PREFIX_PATH=${CMAKE_PREFIX_PATH}:/opt/ros/jazzy /usr/bin/cmake --build /home/fintan/ME4857Assignment2-master/build/robot_model -- -j12 -l12
[0.809s] DEBUG:colcon.colcon_core.event_handler.log_command:Invoking command in '/home/fintan/ME4857Assignment2-master/build/gazebo_worlds': CMAKE_PREFIX_PATH=${CMAKE_PREFIX_PATH}:/opt/ros/jazzy /usr/bin/cmake --build /home/fintan/ME4857Assignment2-master/build/gazebo_worlds -- -j12 -l12
[0.897s] DEBUG:colcon.colcon_core.event_handler.log_command:Invoked command in '/home/fintan/ME4857Assignment2-master/build/robot_model' returned '0': CMAKE_PREFIX_PATH=${CMAKE_PREFIX_PATH}:/opt/ros/jazzy /usr/bin/cmake --build /home/fintan/ME4857Assignment2-master/build/robot_model -- -j12 -l12
[0.920s] DEBUG:colcon.colcon_core.event_handler.log_command:Invoking command in '/home/fintan/ME4857Assignment2-master/build/robot_model': CMAKE_PREFIX_PATH=${CMAKE_PREFIX_PATH}:/opt/ros/jazzy /usr/bin/cmake --install /home/fintan/ME4857Assignment2-master/build/robot_model
[0.924s] DEBUG:colcon.colcon_core.event_handler.log_command:Invoked command in '/home/fintan/ME4857Assignment2-master/build/gazebo_worlds' returned '0': CMAKE_PREFIX_PATH=${CMAKE_PREFIX_PATH}:/opt/ros/jazzy /usr/bin/cmake --build /home/fintan/ME4857Assignment2-master/build/gazebo_worlds -- -j12 -l12
[0.927s] DEBUG:colcon.colcon_core.event_handler.log_command:Invoking command in '/home/fintan/ME4857Assignment2-master/build/gazebo_worlds': CMAKE_PREFIX_PATH=${CMAKE_PREFIX_PATH}:/opt/ros/jazzy /usr/bin/cmake --install /home/fintan/ME4857Assignment2-master/build/gazebo_worlds
[0.953s] Level 1:colcon.colcon_core.environment:create_environment_scripts_only(robot_model)
[0.974s] DEBUG:colcon.colcon_core.event_handler.log_command:Invoked command in '/home/fintan/ME4857Assignment2-master/build/robot_model' returned '0': CMAKE_PREFIX_PATH=${CMAKE_PREFIX_PATH}:/opt/ros/jazzy /usr/bin/cmake --install /home/fintan/ME4857Assignment2-master/build/robot_model
[0.976s] Level 1:colcon.colcon_core.environment:checking '/home/fintan/ME4857Assignment2-master/install/robot_model' for CMake module files
[0.980s] Level 1:colcon.colcon_core.environment:checking '/home/fintan/ME4857Assignment2-master/install/robot_model' for CMake config files
[0.983s] Level 1:colcon.colcon_core.shell:create_environment_hook('robot_model', 'cmake_prefix_path')
[0.983s] INFO:colcon.colcon_core.shell:Creating environment hook '/home/fintan/ME4857Assignment2-master/install/robot_model/share/robot_model/hook/cmake_prefix_path.ps1'
[0.985s] INFO:colcon.colcon_core.shell:Creating environment descriptor '/home/fintan/ME4857Assignment2-master/install/robot_model/share/robot_model/hook/cmake_prefix_path.dsv'
[0.986s] INFO:colcon.colcon_core.shell:Creating environment hook '/home/fintan/ME4857Assignment2-master/install/robot_model/share/robot_model/hook/cmake_prefix_path.sh'
[0.988s] Level 1:colcon.colcon_core.environment:checking '/home/fintan/ME4857Assignment2-master/install/robot_model/bin'
[0.988s] Level 1:colcon.colcon_core.environment:checking '/home/fintan/ME4857Assignment2-master/install/robot_model/lib/pkgconfig/robot_model.pc'
[0.989s] Level 1:colcon.colcon_core.environment:checking '/home/fintan/ME4857Assignment2-master/install/robot_model/lib/python3.12/site-packages'
[0.990s] Level 1:colcon.colcon_core.environment:checking '/home/fintan/ME4857Assignment2-master/install/robot_model/bin'
[0.991s] INFO:colcon.colcon_core.shell:Creating package script '/home/fintan/ME4857Assignment2-master/install/robot_model/share/robot_model/package.ps1'
[0.993s] INFO:colcon.colcon_core.shell:Creating package descriptor '/home/fintan/ME4857Assignment2-master/install/robot_model/share/robot_model/package.dsv'
[0.994s] INFO:colcon.colcon_core.shell:Creating package script '/home/fintan/ME4857Assignment2-master/install/robot_model/share/robot_model/package.sh'
[0.996s] INFO:colcon.colcon_core.shell:Creating package script '/home/fintan/ME4857Assignment2-master/install/robot_model/share/robot_model/package.bash'
[0.998s] INFO:colcon.colcon_core.shell:Creating package script '/home/fintan/ME4857Assignment2-master/install/robot_model/share/robot_model/package.zsh'
[1.001s] Level 1:colcon.colcon_core.environment:create_file_with_runtime_dependencies(/home/fintan/ME4857Assignment2-master/install/robot_model/share/colcon-core/packages/robot_model)
[1.003s] Level 1:colcon.colcon_core.environment:create_environment_scripts_only(robot_model)
[1.003s] Level 1:colcon.colcon_core.environment:checking '/home/fintan/ME4857Assignment2-master/install/robot_model' for CMake module files
[1.004s] Level 1:colcon.colcon_core.environment:checking '/home/fintan/ME4857Assignment2-master/install/robot_model' for CMake config files
[1.004s] Level 1:colcon.colcon_core.shell:create_environment_hook('robot_model', 'cmake_prefix_path')
[1.005s] INFO:colcon.colcon_core.shell:Creating environment hook '/home/fintan/ME4857Assignment2-master/install/robot_model/share/robot_model/hook/cmake_prefix_path.ps1'
[1.006s] INFO:colcon.colcon_core.shell:Creating environment descriptor '/home/fintan/ME4857Assignment2-master/install/robot_model/share/robot_model/hook/cmake_prefix_path.dsv'
[1.007s] INFO:colcon.colcon_core.shell:Creating environment hook '/home/fintan/ME4857Assignment2-master/install/robot_model/share/robot_model/hook/cmake_prefix_path.sh'
[1.009s] Level 1:colcon.colcon_core.environment:checking '/home/fintan/ME4857Assignment2-master/install/robot_model/bin'
[1.009s] Level 1:colcon.colcon_core.environment:checking '/home/fintan/ME4857Assignment2-master/install/robot_model/lib/pkgconfig/robot_model.pc'
[1.010s] Level 1:colcon.colcon_core.environment:checking '/home/fintan/ME4857Assignment2-master/install/robot_model/lib/python3.12/site-packages'
[1.011s] Level 1:colcon.colcon_core.environment:checking '/home/fintan/ME4857Assignment2-master/install/robot_model/bin'
[1.011s] INFO:colcon.colcon_core.shell:Creating package script '/home/fintan/ME4857Assignment2-master/install/robot_model/share/robot_model/package.ps1'
[1.014s] INFO:colcon.colcon_core.shell:Creating package descriptor '/home/fintan/ME4857Assignment2-master/install/robot_model/share/robot_model/package.dsv'
[1.015s] INFO:colcon.colcon_core.shell:Creating package script '/home/fintan/ME4857Assignment2-master/install/robot_model/share/robot_model/package.sh'
[1.017s] INFO:colcon.colcon_core.shell:Creating package script '/home/fintan/ME4857Assignment2-master/install/robot_model/share/robot_model/package.bash'
[1.018s] INFO:colcon.colcon_core.shell:Creating package script '/home/fintan/ME4857Assignment2-master/install/robot_model/share/robot_model/package.zsh'
[1.019s] Level 1:colcon.colcon_core.environment:create_file_with_runtime_dependencies(/home/fintan/ME4857Assignment2-master/install/robot_model/share/colcon-core/packages/robot_model)
[1.024s] Level 1:colcon.colcon_core.environment:create_environment_scripts_only(gazebo_worlds)
[1.025s] Level 1:colcon.colcon_core.environment:checking '/home/fintan/ME4857Assignment2-master/install/gazebo_worlds' for CMake module files
[1.026s] DEBUG:colcon.colcon_core.event_handler.log_command:Invoked command in '/home/fintan/ME4857Assignment2-master/build/gazebo_worlds' returned '0': CMAKE_PREFIX_PATH=${CMAKE_PREFIX_PATH}:/opt/ros/jazzy /usr/bin/cmake --install /home/fintan/ME4857Assignment2-master/build/gazebo_worlds
[1.029s] Level 1:colcon.colcon_core.environment:checking '/home/fintan/ME4857Assignment2-master/install/gazebo_worlds' for CMake config files
[1.031s] Level 1:colcon.colcon_core.shell:create_environment_hook('gazebo_worlds', 'cmake_prefix_path')
[1.033s] INFO:colcon.colcon_core.shell:Creating environment hook '/home/fintan/ME4857Assignment2-master/install/gazebo_worlds/share/gazebo_worlds/hook/cmake_prefix_path.ps1'
[1.035s] INFO:colcon.colcon_core.shell:Creating environment descriptor '/home/fintan/ME4857Assignment2-master/install/gazebo_worlds/share/gazebo_worlds/hook/cmake_prefix_path.dsv'
[1.036s] INFO:colcon.colcon_core.shell:Creating environment hook '/home/fintan/ME4857Assignment2-master/install/gazebo_worlds/share/gazebo_worlds/hook/cmake_prefix_path.sh'
[1.038s] Level 1:colcon.colcon_core.environment:checking '/home/fintan/ME4857Assignment2-master/install/gazebo_worlds/bin'
[1.038s] Level 1:colcon.colcon_core.environment:checking '/home/fintan/ME4857Assignment2-master/install/gazebo_worlds/lib/pkgconfig/gazebo_worlds.pc'
[1.039s] Level 1:colcon.colcon_core.environment:checking '/home/fintan/ME4857Assignment2-master/install/gazebo_worlds/lib/python3.12/site-packages'
[1.040s] Level 1:colcon.colcon_core.environment:checking '/home/fintan/ME4857Assignment2-master/install/gazebo_worlds/bin'
[1.041s] INFO:colcon.colcon_core.shell:Creating package script '/home/fintan/ME4857Assignment2-master/install/gazebo_worlds/share/gazebo_worlds/package.ps1'
[1.044s] INFO:colcon.colcon_core.shell:Creating package descriptor '/home/fintan/ME4857Assignment2-master/install/gazebo_worlds/share/gazebo_worlds/package.dsv'
[1.045s] INFO:colcon.colcon_core.shell:Creating package script '/home/fintan/ME4857Assignment2-master/install/gazebo_worlds/share/gazebo_worlds/package.sh'
[1.053s] INFO:colcon.colcon_core.shell:Creating package script '/home/fintan/ME4857Assignment2-master/install/gazebo_worlds/share/gazebo_worlds/package.bash'
[1.055s] INFO:colcon.colcon_core.shell:Creating package script '/home/fintan/ME4857Assignment2-master/install/gazebo_worlds/share/gazebo_worlds/package.zsh'
[1.056s] Level 1:colcon.colcon_core.environment:create_file_with_runtime_dependencies(/home/fintan/ME4857Assignment2-master/install/gazebo_worlds/share/colcon-core/packages/gazebo_worlds)
[1.058s] Level 1:colcon.colcon_core.environment:create_environment_scripts_only(gazebo_worlds)
[1.059s] Level 1:colcon.colcon_core.environment:checking '/home/fintan/ME4857Assignment2-master/install/gazebo_worlds' for CMake module files
[1.060s] Level 1:colcon.colcon_core.environment:checking '/home/fintan/ME4857Assignment2-master/install/gazebo_worlds' for CMake config files
[1.061s] Level 1:colcon.colcon_core.shell:create_environment_hook('gazebo_worlds', 'cmake_prefix_path')
[1.061s] INFO:colcon.colcon_core.shell:Creating environment hook '/home/fintan/ME4857Assignment2-master/install/gazebo_worlds/share/gazebo_worlds/hook/cmake_prefix_path.ps1'
[1.065s] INFO:colcon.colcon_core.shell:Creating environment descriptor '/home/fintan/ME4857Assignment2-master/install/gazebo_worlds/share/gazebo_worlds/hook/cmake_prefix_path.dsv'
[1.066s] INFO:colcon.colcon_core.shell:Creating environment hook '/home/fintan/ME4857Assignment2-master/install/gazebo_worlds/share/gazebo_worlds/hook/cmake_prefix_path.sh'
[1.070s] Level 1:colcon.colcon_core.environment:checking '/home/fintan/ME4857Assignment2-master/install/gazebo_worlds/bin'
[1.070s] Level 1:colcon.colcon_core.environment:checking '/home/fintan/ME4857Assignment2-master/install/gazebo_worlds/lib/pkgconfig/gazebo_worlds.pc'
[1.071s] Level 1:colcon.colcon_core.environment:checking '/home/fintan/ME4857Assignment2-master/install/gazebo_worlds/lib/python3.12/site-packages'
[1.073s] Level 1:colcon.colcon_core.environment:checking '/home/fintan/ME4857Assignment2-master/install/gazebo_worlds/bin'
[1.073s] INFO:colcon.colcon_core.shell:Creating package script '/home/fintan/ME4857Assignment2-master/install/gazebo_worlds/share/gazebo_worlds/package.ps1'
[1.075s] INFO:colcon.colcon_core.shell:Creating package descriptor '/home/fintan/ME4857Assignment2-master/install/gazebo_worlds/share/gazebo_worlds/package.dsv'
[1.077s] INFO:colcon.colcon_core.shell:Creating package script '/home/fintan/ME4857Assignment2-master/install/gazebo_worlds/share/gazebo_worlds/package.sh'
[1.078s] INFO:colcon.colcon_core.shell:Creating package script '/home/fintan/ME4857Assignment2-master/install/gazebo_worlds/share/gazebo_worlds/package.bash'
[1.080s] INFO:colcon.colcon_core.shell:Creating package script '/home/fintan/ME4857Assignment2-master/install/gazebo_worlds/share/gazebo_worlds/package.zsh'
[1.081s] Level 1:colcon.colcon_core.environment:create_file_with_runtime_dependencies(/home/fintan/ME4857Assignment2-master/install/gazebo_worlds/share/colcon-core/packages/gazebo_worlds)
[1.746s] DEBUG:colcon.colcon_core.event_handler.log_command:Invoked command in '/home/fintan/ME4857Assignment2-master/build/sr_interfaces' returned '0': CMAKE_PREFIX_PATH=${CMAKE_PREFIX_PATH}:/opt/ros/jazzy /usr/bin/cmake --build /home/fintan/ME4857Assignment2-master/build/sr_interfaces -- -j12 -l12
[1.748s] DEBUG:colcon.colcon_core.event_handler.log_command:Invoking command in '/home/fintan/ME4857Assignment2-master/build/sr_interfaces': CMAKE_PREFIX_PATH=${CMAKE_PREFIX_PATH}:/opt/ros/jazzy /usr/bin/cmake --install /home/fintan/ME4857Assignment2-master/build/sr_interfaces
[1.866s] Level 1:colcon.colcon_core.environment:create_environment_scripts_only(sr_interfaces)
[1.866s] Level 1:colcon.colcon_core.environment:checking '/home/fintan/ME4857Assignment2-master/install/sr_interfaces' for CMake module files
[1.875s] Level 1:colcon.colcon_core.environment:checking '/home/fintan/ME4857Assignment2-master/install/sr_interfaces' for CMake config files
[1.881s] DEBUG:colcon.colcon_core.event_handler.log_command:Invoked command in '/home/fintan/ME4857Assignment2-master/build/sr_interfaces' returned '0': CMAKE_PREFIX_PATH=${CMAKE_PREFIX_PATH}:/opt/ros/jazzy /usr/bin/cmake --install /home/fintan/ME4857Assignment2-master/build/sr_interfaces
[1.882s] Level 1:colcon.colcon_core.shell:create_environment_hook('sr_interfaces', 'cmake_prefix_path')
[1.882s] INFO:colcon.colcon_core.shell:Creating environment hook '/home/fintan/ME4857Assignment2-master/install/sr_interfaces/share/sr_interfaces/hook/cmake_prefix_path.ps1'
[1.883s] INFO:colcon.colcon_core.shell:Creating environment descriptor '/home/fintan/ME4857Assignment2-master/install/sr_interfaces/share/sr_interfaces/hook/cmake_prefix_path.dsv'
[1.884s] INFO:colcon.colcon_core.shell:Creating environment hook '/home/fintan/ME4857Assignment2-master/install/sr_interfaces/share/sr_interfaces/hook/cmake_prefix_path.sh'
[1.884s] Level 1:colcon.colcon_core.environment:checking '/home/fintan/ME4857Assignment2-master/install/sr_interfaces/lib'
[1.885s] Level 1:colcon.colcon_core.shell:create_environment_hook('sr_interfaces', 'ld_library_path_lib')
[1.885s] INFO:colcon.colcon_core.shell:Creating environment hook '/home/fintan/ME4857Assignment2-master/install/sr_interfaces/share/sr_interfaces/hook/ld_library_path_lib.ps1'
[1.886s] INFO:colcon.colcon_core.shell:Creating environment descriptor '/home/fintan/ME4857Assignment2-master/install/sr_interfaces/share/sr_interfaces/hook/ld_library_path_lib.dsv'
[1.887s] INFO:colcon.colcon_core.shell:Creating environment hook '/home/fintan/ME4857Assignment2-master/install/sr_interfaces/share/sr_interfaces/hook/ld_library_path_lib.sh'
[1.889s] Level 1:colcon.colcon_core.environment:checking '/home/fintan/ME4857Assignment2-master/install/sr_interfaces/bin'
[1.890s] Level 1:colcon.colcon_core.environment:checking '/home/fintan/ME4857Assignment2-master/install/sr_interfaces/lib/pkgconfig/sr_interfaces.pc'
[1.890s] Level 1:colcon.colcon_core.environment:checking '/home/fintan/ME4857Assignment2-master/install/sr_interfaces/lib/python3.12/site-packages'
[1.890s] Level 1:colcon.colcon_core.shell:create_environment_hook('sr_interfaces', 'pythonpath')
[1.891s] INFO:colcon.colcon_core.shell:Creating environment hook '/home/fintan/ME4857Assignment2-master/install/sr_interfaces/share/sr_interfaces/hook/pythonpath.ps1'
[1.892s] INFO:colcon.colcon_core.shell:Creating environment descriptor '/home/fintan/ME4857Assignment2-master/install/sr_interfaces/share/sr_interfaces/hook/pythonpath.dsv'
[1.893s] INFO:colcon.colcon_core.shell:Creating environment hook '/home/fintan/ME4857Assignment2-master/install/sr_interfaces/share/sr_interfaces/hook/pythonpath.sh'
[1.894s] Level 1:colcon.colcon_core.environment:checking '/home/fintan/ME4857Assignment2-master/install/sr_interfaces/bin'
[1.894s] INFO:colcon.colcon_core.shell:Creating package script '/home/fintan/ME4857Assignment2-master/install/sr_interfaces/share/sr_interfaces/package.ps1'
[1.895s] INFO:colcon.colcon_core.shell:Creating package descriptor '/home/fintan/ME4857Assignment2-master/install/sr_interfaces/share/sr_interfaces/package.dsv'
[1.896s] INFO:colcon.colcon_core.shell:Creating package script '/home/fintan/ME4857Assignment2-master/install/sr_interfaces/share/sr_interfaces/package.sh'
[1.897s] INFO:colcon.colcon_core.shell:Creating package script '/home/fintan/ME4857Assignment2-master/install/sr_interfaces/share/sr_interfaces/package.bash'
[1.897s] INFO:colcon.colcon_core.shell:Creating package script '/home/fintan/ME4857Assignment2-master/install/sr_interfaces/share/sr_interfaces/package.zsh'
[1.898s] Level 1:colcon.colcon_core.environment:create_file_with_runtime_dependencies(/home/fintan/ME4857Assignment2-master/install/sr_interfaces/share/colcon-core/packages/sr_interfaces)
[1.899s] Level 1:colcon.colcon_core.environment:create_environment_scripts_only(sr_interfaces)
[1.899s] Level 1:colcon.colcon_core.environment:checking '/home/fintan/ME4857Assignment2-master/install/sr_interfaces' for CMake module files
[1.900s] Level 1:colcon.colcon_core.environment:checking '/home/fintan/ME4857Assignment2-master/install/sr_interfaces' for CMake config files
[1.901s] Level 1:colcon.colcon_core.shell:create_environment_hook('sr_interfaces', 'cmake_prefix_path')
[1.901s] INFO:colcon.colcon_core.shell:Creating environment hook '/home/fintan/ME4857Assignment2-master/install/sr_interfaces/share/sr_interfaces/hook/cmake_prefix_path.ps1'
[1.901s] INFO:colcon.colcon_core.shell:Creating environment descriptor '/home/fintan/ME4857Assignment2-master/install/sr_interfaces/share/sr_interfaces/hook/cmake_prefix_path.dsv'
[1.902s] INFO:colcon.colcon_core.shell:Creating environment hook '/home/fintan/ME4857Assignment2-master/install/sr_interfaces/share/sr_interfaces/hook/cmake_prefix_path.sh'
[1.903s] Level 1:colcon.colcon_core.environment:checking '/home/fintan/ME4857Assignment2-master/install/sr_interfaces/lib'
[1.903s] Level 1:colcon.colcon_core.shell:create_environment_hook('sr_interfaces', 'ld_library_path_lib')
[1.903s] INFO:colcon.colcon_core.shell:Creating environment hook '/home/fintan/ME4857Assignment2-master/install/sr_interfaces/share/sr_interfaces/hook/ld_library_path_lib.ps1'
[1.904s] INFO:colcon.colcon_core.shell:Creating environment descriptor '/home/fintan/ME4857Assignment2-master/install/sr_interfaces/share/sr_interfaces/hook/ld_library_path_lib.dsv'
[1.905s] INFO:colcon.colcon_core.shell:Creating environment hook '/home/fintan/ME4857Assignment2-master/install/sr_interfaces/share/sr_interfaces/hook/ld_library_path_lib.sh'
[1.906s] Level 1:colcon.colcon_core.environment:checking '/home/fintan/ME4857Assignment2-master/install/sr_interfaces/bin'
[1.906s] Level 1:colcon.colcon_core.environment:checking '/home/fintan/ME4857Assignment2-master/install/sr_interfaces/lib/pkgconfig/sr_interfaces.pc'
[1.906s] Level 1:colcon.colcon_core.environment:checking '/home/fintan/ME4857Assignment2-master/install/sr_interfaces/lib/python3.12/site-packages'
[1.906s] Level 1:colcon.colcon_core.shell:create_environment_hook('sr_interfaces', 'pythonpath')
[1.907s] INFO:colcon.colcon_core.shell:Creating environment hook '/home/fintan/ME4857Assignment2-master/install/sr_interfaces/share/sr_interfaces/hook/pythonpath.ps1'
[1.907s] INFO:colcon.colcon_core.shell:Creating environment descriptor '/home/fintan/ME4857Assignment2-master/install/sr_interfaces/share/sr_interfaces/hook/pythonpath.dsv'
[1.908s] INFO:colcon.colcon_core.shell:Creating environment hook '/home/fintan/ME4857Assignment2-master/install/sr_interfaces/share/sr_interfaces/hook/pythonpath.sh'
[1.909s] Level 1:colcon.colcon_core.environment:checking '/home/fintan/ME4857Assignment2-master/install/sr_interfaces/bin'
[1.909s] INFO:colcon.colcon_core.shell:Creating package script '/home/fintan/ME4857Assignment2-master/install/sr_interfaces/share/sr_interfaces/package.ps1'
[1.910s] INFO:colcon.colcon_core.shell:Creating package descriptor '/home/fintan/ME4857Assignment2-master/install/sr_interfaces/share/sr_interfaces/package.dsv'
[1.911s] INFO:colcon.colcon_core.shell:Creating package script '/home/fintan/ME4857Assignment2-master/install/sr_interfaces/share/sr_interfaces/package.sh'
[1.911s] INFO:colcon.colcon_core.shell:Creating package script '/home/fintan/ME4857Assignment2-master/install/sr_interfaces/share/sr_interfaces/package.bash'
[1.912s] INFO:colcon.colcon_core.shell:Creating package script '/home/fintan/ME4857Assignment2-master/install/sr_interfaces/share/sr_interfaces/package.zsh'
[1.913s] Level 1:colcon.colcon_core.environment:create_file_with_runtime_dependencies(/home/fintan/ME4857Assignment2-master/install/sr_interfaces/share/colcon-core/packages/sr_interfaces)
[1.913s] INFO:colcon.colcon_ros.task.ament_cmake.build:Building ROS package in '/home/fintan/ME4857Assignment2-master/src/bt' with build type 'ament_cmake'
[1.913s] INFO:colcon.colcon_cmake.task.cmake.build:Building CMake package in '/home/fintan/ME4857Assignment2-master/src/bt'
[1.914s] INFO:colcon.colcon_core.shell:Skip shell extension 'powershell' for command environment: Not usable outside of PowerShell
[1.914s] DEBUG:colcon.colcon_core.shell:Skip shell extension 'dsv' for command environment
[2.208s] DEBUG:colcon.colcon_core.event_handler.log_command:Invoking command in '/home/fintan/ME4857Assignment2-master/build/bt': AMENT_PREFIX_PATH=/home/fintan/ME4857Assignment2-master/install/sr_interfaces:${AMENT_PREFIX_PATH} CMAKE_PREFIX_PATH=/home/fintan/ME4857Assignment2-master/install/sr_interfaces:/opt/ros/jazzy/opt/gz_sim_vendor:/opt/ros/jazzy/opt/gz_sensors_vendor:/opt/ros/jazzy/opt/gz_physics_vendor:/opt/ros/jazzy/opt/sdformat_vendor:/opt/ros/jazzy/opt/gz_gui_vendor:/opt/ros/jazzy/opt/gz_transport_vendor:/opt/ros/jazzy/opt/gz_rendering_vendor:/opt/ros/jazzy/opt/gz_plugin_vendor:/opt/ros/jazzy/opt/gz_fuel_tools_vendor:/opt/ros/jazzy/opt/gz_msgs_vendor:/opt/ros/jazzy/opt/gz_common_vendor:/opt/ros/jazzy/opt/gz_math_vendor:/opt/ros/jazzy/opt/gz_utils_vendor:/opt/ros/jazzy/opt/gz_tools_vendor:/opt/ros/jazzy/opt/gz_ogre_next_vendor:/opt/ros/jazzy/opt/gz_dartsim_vendor:/opt/ros/jazzy/opt/gz_cmake_vendor:/opt/ros/jazzy LD_LIBRARY_PATH=/home/fintan/ME4857Assignment2-master/install/sr_interfaces/lib:${LD_LIBRARY_PATH} PYTHONPATH=/home/fintan/ME4857Assignment2-master/install/sr_interfaces/lib/python3.12/site-packages:${PYTHONPATH} /usr/bin/cmake --build /home/fintan/ME4857Assignment2-master/build/bt -- -j12 -l12
[2.987s] DEBUG:colcon.colcon_core.event_handler.log_command:Invoked command in '/home/fintan/ME4857Assignment2-master/build/bt' returned '0': AMENT_PREFIX_PATH=/home/fintan/ME4857Assignment2-master/install/sr_interfaces:${AMENT_PREFIX_PATH} CMAKE_PREFIX_PATH=/home/fintan/ME4857Assignment2-master/install/sr_interfaces:/opt/ros/jazzy/opt/gz_sim_vendor:/opt/ros/jazzy/opt/gz_sensors_vendor:/opt/ros/jazzy/opt/gz_physics_vendor:/opt/ros/jazzy/opt/sdformat_vendor:/opt/ros/jazzy/opt/gz_gui_vendor:/opt/ros/jazzy/opt/gz_transport_vendor:/opt/ros/jazzy/opt/gz_rendering_vendor:/opt/ros/jazzy/opt/gz_plugin_vendor:/opt/ros/jazzy/opt/gz_fuel_tools_vendor:/opt/ros/jazzy/opt/gz_msgs_vendor:/opt/ros/jazzy/opt/gz_common_vendor:/opt/ros/jazzy/opt/gz_math_vendor:/opt/ros/jazzy/opt/gz_utils_vendor:/opt/ros/jazzy/opt/gz_tools_vendor:/opt/ros/jazzy/opt/gz_ogre_next_vendor:/opt/ros/jazzy/opt/gz_dartsim_vendor:/opt/ros/jazzy/opt/gz_cmake_vendor:/opt/ros/jazzy LD_LIBRARY_PATH=/home/fintan/ME4857Assignment2-master/install/sr_interfaces/lib:${LD_LIBRARY_PATH} PYTHONPATH=/home/fintan/ME4857Assignment2-master/install/sr_interfaces/lib/python3.12/site-packages:${PYTHONPATH} /usr/bin/cmake --build /home/fintan/ME4857Assignment2-master/build/bt -- -j12 -l12
[2.990s] DEBUG:colcon.colcon_core.event_handler.log_command:Invoking command in '/home/fintan/ME4857Assignment2-master/build/bt': AMENT_PREFIX_PATH=/home/fintan/ME4857Assignment2-master/install/sr_interfaces:${AMENT_PREFIX_PATH} CMAKE_PREFIX_PATH=/home/fintan/ME4857Assignment2-master/install/sr_interfaces:/opt/ros/jazzy/opt/gz_sim_vendor:/opt/ros/jazzy/opt/gz_sensors_vendor:/opt/ros/jazzy/opt/gz_physics_vendor:/opt/ros/jazzy/opt/sdformat_vendor:/opt/ros/jazzy/opt/gz_gui_vendor:/opt/ros/jazzy/opt/gz_transport_vendor:/opt/ros/jazzy/opt/gz_rendering_vendor:/opt/ros/jazzy/opt/gz_plugin_vendor:/opt/ros/jazzy/opt/gz_fuel_tools_vendor:/opt/ros/jazzy/opt/gz_msgs_vendor:/opt/ros/jazzy/opt/gz_common_vendor:/opt/ros/jazzy/opt/gz_math_vendor:/opt/ros/jazzy/opt/gz_utils_vendor:/opt/ros/jazzy/opt/gz_tools_vendor:/opt/ros/jazzy/opt/gz_ogre_next_vendor:/opt/ros/jazzy/opt/gz_dartsim_vendor:/opt/ros/jazzy/opt/gz_cmake_vendor:/opt/ros/jazzy LD_LIBRARY_PATH=/home/fintan/ME4857Assignment2-master/install/sr_interfaces/lib:${LD_LIBRARY_PATH} PYTHONPATH=/home/fintan/ME4857Assignment2-master/install/sr_interfaces/lib/python3.12/site-packages:${PYTHONPATH} /usr/bin/cmake --install /home/fintan/ME4857Assignment2-master/build/bt
[3.101s] Level 1:colcon.colcon_core.environment:create_environment_scripts_only(bt)
[3.102s] DEBUG:colcon.colcon_core.event_handler.log_command:Invoked command in '/home/fintan/ME4857Assignment2-master/build/bt' returned '0': AMENT_PREFIX_PATH=/home/fintan/ME4857Assignment2-master/install/sr_interfaces:${AMENT_PREFIX_PATH} CMAKE_PREFIX_PATH=/home/fintan/ME4857Assignment2-master/install/sr_interfaces:/opt/ros/jazzy/opt/gz_sim_vendor:/opt/ros/jazzy/opt/gz_sensors_vendor:/opt/ros/jazzy/opt/gz_physics_vendor:/opt/ros/jazzy/opt/sdformat_vendor:/opt/ros/jazzy/opt/gz_gui_vendor:/opt/ros/jazzy/opt/gz_transport_vendor:/opt/ros/jazzy/opt/gz_rendering_vendor:/opt/ros/jazzy/opt/gz_plugin_vendor:/opt/ros/jazzy/opt/gz_fuel_tools_vendor:/opt/ros/jazzy/opt/gz_msgs_vendor:/opt/ros/jazzy/opt/gz_common_vendor:/opt/ros/jazzy/opt/gz_math_vendor:/opt/ros/jazzy/opt/gz_utils_vendor:/opt/ros/jazzy/opt/gz_tools_vendor:/opt/ros/jazzy/opt/gz_ogre_next_vendor:/opt/ros/jazzy/opt/gz_dartsim_vendor:/opt/ros/jazzy/opt/gz_cmake_vendor:/opt/ros/jazzy LD_LIBRARY_PATH=/home/fintan/ME4857Assignment2-master/install/sr_interfaces/lib:${LD_LIBRARY_PATH} PYTHONPATH=/home/fintan/ME4857Assignment2-master/install/sr_interfaces/lib/python3.12/site-packages:${PYTHONPATH} /usr/bin/cmake --install /home/fintan/ME4857Assignment2-master/build/bt
[3.102s] Level 1:colcon.colcon_core.environment:checking '/home/fintan/ME4857Assignment2-master/install/bt' for CMake module files
[3.103s] Level 1:colcon.colcon_core.environment:checking '/home/fintan/ME4857Assignment2-master/install/bt' for CMake config files
[3.104s] Level 1:colcon.colcon_core.shell:create_environment_hook('bt', 'cmake_prefix_path')
[3.104s] INFO:colcon.colcon_core.shell:Creating environment hook '/home/fintan/ME4857Assignment2-master/install/bt/share/bt/hook/cmake_prefix_path.ps1'
[3.105s] INFO:colcon.colcon_core.shell:Creating environment descriptor '/home/fintan/ME4857Assignment2-master/install/bt/share/bt/hook/cmake_prefix_path.dsv'
[3.105s] INFO:colcon.colcon_core.shell:Creating environment hook '/home/fintan/ME4857Assignment2-master/install/bt/share/bt/hook/cmake_prefix_path.sh'
[3.106s] Level 1:colcon.colcon_core.environment:checking '/home/fintan/ME4857Assignment2-master/install/bt/lib'
[3.106s] Level 1:colcon.colcon_core.environment:checking '/home/fintan/ME4857Assignment2-master/install/bt/bin'
[3.106s] Level 1:colcon.colcon_core.environment:checking '/home/fintan/ME4857Assignment2-master/install/bt/lib/pkgconfig/bt.pc'
[3.107s] Level 1:colcon.colcon_core.environment:checking '/home/fintan/ME4857Assignment2-master/install/bt/lib/python3.12/site-packages'
[3.107s] Level 1:colcon.colcon_core.shell:create_environment_hook('bt', 'pythonpath')
[3.107s] INFO:colcon.colcon_core.shell:Creating environment hook '/home/fintan/ME4857Assignment2-master/install/bt/share/bt/hook/pythonpath.ps1'
[3.108s] INFO:colcon.colcon_core.shell:Creating environment descriptor '/home/fintan/ME4857Assignment2-master/install/bt/share/bt/hook/pythonpath.dsv'
[3.109s] INFO:colcon.colcon_core.shell:Creating environment hook '/home/fintan/ME4857Assignment2-master/install/bt/share/bt/hook/pythonpath.sh'
[3.110s] Level 1:colcon.colcon_core.environment:checking '/home/fintan/ME4857Assignment2-master/install/bt/bin'
[3.111s] INFO:colcon.colcon_core.shell:Creating package script '/home/fintan/ME4857Assignment2-master/install/bt/share/bt/package.ps1'
[3.112s] INFO:colcon.colcon_core.shell:Creating package descriptor '/home/fintan/ME4857Assignment2-master/install/bt/share/bt/package.dsv'
[3.113s] INFO:colcon.colcon_core.shell:Creating package script '/home/fintan/ME4857Assignment2-master/install/bt/share/bt/package.sh'
[3.114s] INFO:colcon.colcon_core.shell:Creating package script '/home/fintan/ME4857Assignment2-master/install/bt/share/bt/package.bash'
[3.115s] INFO:colcon.colcon_core.shell:Creating package script '/home/fintan/ME4857Assignment2-master/install/bt/share/bt/package.zsh'
[3.116s] Level 1:colcon.colcon_core.environment:create_file_with_runtime_dependencies(/home/fintan/ME4857Assignment2-master/install/bt/share/colcon-core/packages/bt)
[3.117s] Level 1:colcon.colcon_core.environment:create_environment_scripts_only(bt)
[3.117s] Level 1:colcon.colcon_core.environment:checking '/home/fintan/ME4857Assignment2-master/install/bt' for CMake module files
[3.118s] Level 1:colcon.colcon_core.environment:checking '/home/fintan/ME4857Assignment2-master/install/bt' for CMake config files
[3.119s] Level 1:colcon.colcon_core.shell:create_environment_hook('bt', 'cmake_prefix_path')
[3.119s] INFO:colcon.colcon_core.shell:Creating environment hook '/home/fintan/ME4857Assignment2-master/install/bt/share/bt/hook/cmake_prefix_path.ps1'
[3.120s] INFO:colcon.colcon_core.shell:Creating environment descriptor '/home/fintan/ME4857Assignment2-master/install/bt/share/bt/hook/cmake_prefix_path.dsv'
[3.121s] INFO:colcon.colcon_core.shell:Creating environment hook '/home/fintan/ME4857Assignment2-master/install/bt/share/bt/hook/cmake_prefix_path.sh'
[3.122s] Level 1:colcon.colcon_core.environment:checking '/home/fintan/ME4857Assignment2-master/install/bt/lib'
[3.122s] Level 1:colcon.colcon_core.environment:checking '/home/fintan/ME4857Assignment2-master/install/bt/bin'
[3.122s] Level 1:colcon.colcon_core.environment:checking '/home/fintan/ME4857Assignment2-master/install/bt/lib/pkgconfig/bt.pc'
[3.123s] Level 1:colcon.colcon_core.environment:checking '/home/fintan/ME4857Assignment2-master/install/bt/lib/python3.12/site-packages'
[3.123s] Level 1:colcon.colcon_core.shell:create_environment_hook('bt', 'pythonpath')
[3.123s] INFO:colcon.colcon_core.shell:Creating environment hook '/home/fintan/ME4857Assignment2-master/install/bt/share/bt/hook/pythonpath.ps1'
[3.124s] INFO:colcon.colcon_core.shell:Creating environment descriptor '/home/fintan/ME4857Assignment2-master/install/bt/share/bt/hook/pythonpath.dsv'
[3.126s] INFO:colcon.colcon_core.shell:Creating environment hook '/home/fintan/ME4857Assignment2-master/install/bt/share/bt/hook/pythonpath.sh'
[3.127s] Level 1:colcon.colcon_core.environment:checking '/home/fintan/ME4857Assignment2-master/install/bt/bin'
[3.127s] INFO:colcon.colcon_core.shell:Creating package script '/home/fintan/ME4857Assignment2-master/install/bt/share/bt/package.ps1'
[3.128s] INFO:colcon.colcon_core.shell:Creating package descriptor '/home/fintan/ME4857Assignment2-master/install/bt/share/bt/package.dsv'
[3.129s] INFO:colcon.colcon_core.shell:Creating package script '/home/fintan/ME4857Assignment2-master/install/bt/share/bt/package.sh'
[3.130s] INFO:colcon.colcon_core.shell:Creating package script '/home/fintan/ME4857Assignment2-master/install/bt/share/bt/package.bash'
[3.131s] INFO:colcon.colcon_core.shell:Creating package script '/home/fintan/ME4857Assignment2-master/install/bt/share/bt/package.zsh'
[3.131s] Level 1:colcon.colcon_core.environment:create_file_with_runtime_dependencies(/home/fintan/ME4857Assignment2-master/install/bt/share/colcon-core/packages/bt)
[3.132s] INFO:colcon.colcon_ros.task.ament_cmake.build:Building ROS package in '/home/fintan/ME4857Assignment2-master/src/start_up' with build type 'ament_cmake'
[3.133s] INFO:colcon.colcon_cmake.task.cmake.build:Building CMake package in '/home/fintan/ME4857Assignment2-master/src/start_up'
[3.134s] INFO:colcon.colcon_core.shell:Skip shell extension 'powershell' for command environment: Not usable outside of PowerShell
[3.134s] DEBUG:colcon.colcon_core.shell:Skip shell extension 'dsv' for command environment
[3.801s] DEBUG:colcon.colcon_core.event_handler.log_command:Invoking command in '/home/fintan/ME4857Assignment2-master/build/start_up': AMENT_PREFIX_PATH=/home/fintan/ME4857Assignment2-master/install/bt:/home/fintan/ME4857Assignment2-master/install/sr_interfaces:/home/fintan/ME4857Assignment2-master/install/robot_model:${AMENT_PREFIX_PATH} CMAKE_PREFIX_PATH=/home/fintan/ME4857Assignment2-master/install/bt:/home/fintan/ME4857Assignment2-master/install/sr_interfaces:/home/fintan/ME4857Assignment2-master/install/robot_model:/opt/ros/jazzy/opt/gz_sim_vendor:/opt/ros/jazzy/opt/gz_sensors_vendor:/opt/ros/jazzy/opt/gz_physics_vendor:/opt/ros/jazzy/opt/sdformat_vendor:/opt/ros/jazzy/opt/gz_gui_vendor:/opt/ros/jazzy/opt/gz_transport_vendor:/opt/ros/jazzy/opt/gz_rendering_vendor:/opt/ros/jazzy/opt/gz_plugin_vendor:/opt/ros/jazzy/opt/gz_fuel_tools_vendor:/opt/ros/jazzy/opt/gz_msgs_vendor:/opt/ros/jazzy/opt/gz_common_vendor:/opt/ros/jazzy/opt/gz_math_vendor:/opt/ros/jazzy/opt/gz_utils_vendor:/opt/ros/jazzy/opt/gz_tools_vendor:/opt/ros/jazzy/opt/gz_ogre_next_vendor:/opt/ros/jazzy/opt/gz_dartsim_vendor:/opt/ros/jazzy/opt/gz_cmake_vendor:/opt/ros/jazzy LD_LIBRARY_PATH=/home/fintan/ME4857Assignment2-master/install/sr_interfaces/lib:${LD_LIBRARY_PATH} PYTHONPATH=/home/fintan/ME4857Assignment2-master/install/bt/lib/python3.12/site-packages:/home/fintan/ME4857Assignment2-master/install/sr_interfaces/lib/python3.12/site-packages:${PYTHONPATH} /usr/bin/cmake --build /home/fintan/ME4857Assignment2-master/build/start_up -- -j12 -l12
[3.876s] DEBUG:colcon.colcon_core.event_handler.log_command:Invoked command in '/home/fintan/ME4857Assignment2-master/build/start_up' returned '0': AMENT_PREFIX_PATH=/home/fintan/ME4857Assignment2-master/install/bt:/home/fintan/ME4857Assignment2-master/install/sr_interfaces:/home/fintan/ME4857Assignment2-master/install/robot_model:${AMENT_PREFIX_PATH} CMAKE_PREFIX_PATH=/home/fintan/ME4857Assignment2-master/install/bt:/home/fintan/ME4857Assignment2-master/install/sr_interfaces:/home/fintan/ME4857Assignment2-master/install/robot_model:/opt/ros/jazzy/opt/gz_sim_vendor:/opt/ros/jazzy/opt/gz_sensors_vendor:/opt/ros/jazzy/opt/gz_physics_vendor:/opt/ros/jazzy/opt/sdformat_vendor:/opt/ros/jazzy/opt/gz_gui_vendor:/opt/ros/jazzy/opt/gz_transport_vendor:/opt/ros/jazzy/opt/gz_rendering_vendor:/opt/ros/jazzy/opt/gz_plugin_vendor:/opt/ros/jazzy/opt/gz_fuel_tools_vendor:/opt/ros/jazzy/opt/gz_msgs_vendor:/opt/ros/jazzy/opt/gz_common_vendor:/opt/ros/jazzy/opt/gz_math_vendor:/opt/ros/jazzy/opt/gz_utils_vendor:/opt/ros/jazzy/opt/gz_tools_vendor:/opt/ros/jazzy/opt/gz_ogre_next_vendor:/opt/ros/jazzy/opt/gz_dartsim_vendor:/opt/ros/jazzy/opt/gz_cmake_vendor:/opt/ros/jazzy LD_LIBRARY_PATH=/home/fintan/ME4857Assignment2-master/install/sr_interfaces/lib:${LD_LIBRARY_PATH} PYTHONPATH=/home/fintan/ME4857Assignment2-master/install/bt/lib/python3.12/site-packages:/home/fintan/ME4857Assignment2-master/install/sr_interfaces/lib/python3.12/site-packages:${PYTHONPATH} /usr/bin/cmake --build /home/fintan/ME4857Assignment2-master/build/start_up -- -j12 -l12
[3.879s] DEBUG:colcon.colcon_core.event_handler.log_command:Invoking command in '/home/fintan/ME4857Assignment2-master/build/start_up': AMENT_PREFIX_PATH=/home/fintan/ME4857Assignment2-master/install/bt:/home/fintan/ME4857Assignment2-master/install/sr_interfaces:/home/fintan/ME4857Assignment2-master/install/robot_model:${AMENT_PREFIX_PATH} CMAKE_PREFIX_PATH=/home/fintan/ME4857Assignment2-master/install/bt:/home/fintan/ME4857Assignment2-master/install/sr_interfaces:/home/fintan/ME4857Assignment2-master/install/robot_model:/opt/ros/jazzy/opt/gz_sim_vendor:/opt/ros/jazzy/opt/gz_sensors_vendor:/opt/ros/jazzy/opt/gz_physics_vendor:/opt/ros/jazzy/opt/sdformat_vendor:/opt/ros/jazzy/opt/gz_gui_vendor:/opt/ros/jazzy/opt/gz_transport_vendor:/opt/ros/jazzy/opt/gz_rendering_vendor:/opt/ros/jazzy/opt/gz_plugin_vendor:/opt/ros/jazzy/opt/gz_fuel_tools_vendor:/opt/ros/jazzy/opt/gz_msgs_vendor:/opt/ros/jazzy/opt/gz_common_vendor:/opt/ros/jazzy/opt/gz_math_vendor:/opt/ros/jazzy/opt/gz_utils_vendor:/opt/ros/jazzy/opt/gz_tools_vendor:/opt/ros/jazzy/opt/gz_ogre_next_vendor:/opt/ros/jazzy/opt/gz_dartsim_vendor:/opt/ros/jazzy/opt/gz_cmake_vendor:/opt/ros/jazzy LD_LIBRARY_PATH=/home/fintan/ME4857Assignment2-master/install/sr_interfaces/lib:${LD_LIBRARY_PATH} PYTHONPATH=/home/fintan/ME4857Assignment2-master/install/bt/lib/python3.12/site-packages:/home/fintan/ME4857Assignment2-master/install/sr_interfaces/lib/python3.12/site-packages:${PYTHONPATH} /usr/bin/cmake --install /home/fintan/ME4857Assignment2-master/build/start_up
[3.904s] Level 1:colcon.colcon_core.environment:create_environment_scripts_only(start_up)
[3.904s] Level 1:colcon.colcon_core.environment:checking '/home/fintan/ME4857Assignment2-master/install/start_up' for CMake module files
[3.906s] DEBUG:colcon.colcon_core.event_handler.log_command:Invoked command in '/home/fintan/ME4857Assignment2-master/build/start_up' returned '0': AMENT_PREFIX_PATH=/home/fintan/ME4857Assignment2-master/install/bt:/home/fintan/ME4857Assignment2-master/install/sr_interfaces:/home/fintan/ME4857Assignment2-master/install/robot_model:${AMENT_PREFIX_PATH} CMAKE_PREFIX_PATH=/home/fintan/ME4857Assignment2-master/install/bt:/home/fintan/ME4857Assignment2-master/install/sr_interfaces:/home/fintan/ME4857Assignment2-master/install/robot_model:/opt/ros/jazzy/opt/gz_sim_vendor:/opt/ros/jazzy/opt/gz_sensors_vendor:/opt/ros/jazzy/opt/gz_physics_vendor:/opt/ros/jazzy/opt/sdformat_vendor:/opt/ros/jazzy/opt/gz_gui_vendor:/opt/ros/jazzy/opt/gz_transport_vendor:/opt/ros/jazzy/opt/gz_rendering_vendor:/opt/ros/jazzy/opt/gz_plugin_vendor:/opt/ros/jazzy/opt/gz_fuel_tools_vendor:/opt/ros/jazzy/opt/gz_msgs_vendor:/opt/ros/jazzy/opt/gz_common_vendor:/opt/ros/jazzy/opt/gz_math_vendor:/opt/ros/jazzy/opt/gz_utils_vendor:/opt/ros/jazzy/opt/gz_tools_vendor:/opt/ros/jazzy/opt/gz_ogre_next_vendor:/opt/ros/jazzy/opt/gz_dartsim_vendor:/opt/ros/jazzy/opt/gz_cmake_vendor:/opt/ros/jazzy LD_LIBRARY_PATH=/home/fintan/ME4857Assignment2-master/install/sr_interfaces/lib:${LD_LIBRARY_PATH} PYTHONPATH=/home/fintan/ME4857Assignment2-master/install/bt/lib/python3.12/site-packages:/home/fintan/ME4857Assignment2-master/install/sr_interfaces/lib/python3.12/site-packages:${PYTHONPATH} /usr/bin/cmake --install /home/fintan/ME4857Assignment2-master/build/start_up
[3.906s] Level 1:colcon.colcon_core.environment:checking '/home/fintan/ME4857Assignment2-master/install/start_up' for CMake config files
[3.907s] Level 1:colcon.colcon_core.shell:create_environment_hook('start_up', 'cmake_prefix_path')
[3.907s] INFO:colcon.colcon_core.shell:Creating environment hook '/home/fintan/ME4857Assignment2-master/install/start_up/share/start_up/hook/cmake_prefix_path.ps1'
[3.908s] INFO:colcon.colcon_core.shell:Creating environment descriptor '/home/fintan/ME4857Assignment2-master/install/start_up/share/start_up/hook/cmake_prefix_path.dsv'
[3.908s] INFO:colcon.colcon_core.shell:Creating environment hook '/home/fintan/ME4857Assignment2-master/install/start_up/share/start_up/hook/cmake_prefix_path.sh'
[3.909s] Level 1:colcon.colcon_core.environment:checking '/home/fintan/ME4857Assignment2-master/install/start_up/bin'
[3.909s] Level 1:colcon.colcon_core.environment:checking '/home/fintan/ME4857Assignment2-master/install/start_up/lib/pkgconfig/start_up.pc'
[3.910s] Level 1:colcon.colcon_core.environment:checking '/home/fintan/ME4857Assignment2-master/install/start_up/lib/python3.12/site-packages'
[3.910s] Level 1:colcon.colcon_core.environment:checking '/home/fintan/ME4857Assignment2-master/install/start_up/bin'
[3.911s] INFO:colcon.colcon_core.shell:Creating package script '/home/fintan/ME4857Assignment2-master/install/start_up/share/start_up/package.ps1'
[3.911s] INFO:colcon.colcon_core.shell:Creating package descriptor '/home/fintan/ME4857Assignment2-master/install/start_up/share/start_up/package.dsv'
[3.912s] INFO:colcon.colcon_core.shell:Creating package script '/home/fintan/ME4857Assignment2-master/install/start_up/share/start_up/package.sh'
[3.913s] INFO:colcon.colcon_core.shell:Creating package script '/home/fintan/ME4857Assignment2-master/install/start_up/share/start_up/package.bash'
[3.913s] INFO:colcon.colcon_core.shell:Creating package script '/home/fintan/ME4857Assignment2-master/install/start_up/share/start_up/package.zsh'
[3.914s] Level 1:colcon.colcon_core.environment:create_file_with_runtime_dependencies(/home/fintan/ME4857Assignment2-master/install/start_up/share/colcon-core/packages/start_up)
[3.914s] Level 1:colcon.colcon_core.environment:create_environment_scripts_only(start_up)
[3.914s] Level 1:colcon.colcon_core.environment:checking '/home/fintan/ME4857Assignment2-master/install/start_up' for CMake module files
[3.915s] Level 1:colcon.colcon_core.environment:checking '/home/fintan/ME4857Assignment2-master/install/start_up' for CMake config files
[3.915s] Level 1:colcon.colcon_core.shell:create_environment_hook('start_up', 'cmake_prefix_path')
[3.916s] INFO:colcon.colcon_core.shell:Creating environment hook '/home/fintan/ME4857Assignment2-master/install/start_up/share/start_up/hook/cmake_prefix_path.ps1'
[3.917s] INFO:colcon.colcon_core.shell:Creating environment descriptor '/home/fintan/ME4857Assignment2-master/install/start_up/share/start_up/hook/cmake_prefix_path.dsv'
[3.917s] INFO:colcon.colcon_core.shell:Creating environment hook '/home/fintan/ME4857Assignment2-master/install/start_up/share/start_up/hook/cmake_prefix_path.sh'
[3.918s] Level 1:colcon.colcon_core.environment:checking '/home/fintan/ME4857Assignment2-master/install/start_up/bin'
[3.919s] Level 1:colcon.colcon_core.environment:checking '/home/fintan/ME4857Assignment2-master/install/start_up/lib/pkgconfig/start_up.pc'
[3.919s] Level 1:colcon.colcon_core.environment:checking '/home/fintan/ME4857Assignment2-master/install/start_up/lib/python3.12/site-packages'
[3.919s] Level 1:colcon.colcon_core.environment:checking '/home/fintan/ME4857Assignment2-master/install/start_up/bin'
[3.920s] INFO:colcon.colcon_core.shell:Creating package script '/home/fintan/ME4857Assignment2-master/install/start_up/share/start_up/package.ps1'
[3.921s] INFO:colcon.colcon_core.shell:Creating package descriptor '/home/fintan/ME4857Assignment2-master/install/start_up/share/start_up/package.dsv'
[3.921s] INFO:colcon.colcon_core.shell:Creating package script '/home/fintan/ME4857Assignment2-master/install/start_up/share/start_up/package.sh'
[3.922s] INFO:colcon.colcon_core.shell:Creating package script '/home/fintan/ME4857Assignment2-master/install/start_up/share/start_up/package.bash'
[3.922s] INFO:colcon.colcon_core.shell:Creating package script '/home/fintan/ME4857Assignment2-master/install/start_up/share/start_up/package.zsh'
[3.923s] Level 1:colcon.colcon_core.environment:create_file_with_runtime_dependencies(/home/fintan/ME4857Assignment2-master/install/start_up/share/colcon-core/packages/start_up)
[3.924s] DEBUG:colcon.colcon_parallel_executor.executor.parallel:closing loop
[3.924s] DEBUG:colcon.colcon_parallel_executor.executor.parallel:loop closed
[3.925s] DEBUG:colcon.colcon_parallel_executor.executor.parallel:run_until_complete finished with '0'
[3.925s] DEBUG:colcon.colcon_core.event_reactor:joining thread
[4.039s] INFO:colcon.colcon_core.plugin_system:Skipping extension 'colcon_notification.desktop_notification.notify_send': Could not find 'notify-send'
[4.039s] INFO:colcon.colcon_core.plugin_system:Skipping extension 'colcon_notification.desktop_notification.terminal_notifier': Not used on non-Darwin systems
[4.040s] INFO:colcon.colcon_core.plugin_system:Skipping extension 'colcon_notification.desktop_notification.win32': Not used on non-Windows systems
[4.040s] INFO:colcon.colcon_notification.desktop_notification:Sending desktop notification using 'notify2'
[4.041s] DEBUG:colcon.colcon_notification.desktop_notification.notify2:Failed to initialize notify2: org.freedesktop.DBus.Error.ServiceUnknown: The name org.freedesktop.Notifications was not provided by any .service files
[4.041s] DEBUG:colcon.colcon_core.event_reactor:joined thread
[4.041s] INFO:colcon.colcon_core.shell:Creating prefix script '/home/fintan/ME4857Assignment2-master/install/local_setup.ps1'
[4.042s] INFO:colcon.colcon_core.shell:Creating prefix util module '/home/fintan/ME4857Assignment2-master/install/_local_setup_util_ps1.py'
[4.044s] INFO:colcon.colcon_core.shell:Creating prefix chain script '/home/fintan/ME4857Assignment2-master/install/setup.ps1'
[4.045s] INFO:colcon.colcon_core.shell:Creating prefix script '/home/fintan/ME4857Assignment2-master/install/local_setup.sh'
[4.046s] INFO:colcon.colcon_core.shell:Creating prefix util module '/home/fintan/ME4857Assignment2-master/install/_local_setup_util_sh.py'
[4.047s] INFO:colcon.colcon_core.shell:Creating prefix chain script '/home/fintan/ME4857Assignment2-master/install/setup.sh'
[4.048s] INFO:colcon.colcon_core.shell:Creating prefix script '/home/fintan/ME4857Assignment2-master/install/local_setup.bash'
[4.049s] INFO:colcon.colcon_core.shell:Creating prefix chain script '/home/fintan/ME4857Assignment2-master/install/setup.bash'
[4.050s] INFO:colcon.colcon_core.shell:Creating prefix script '/home/fintan/ME4857Assignment2-master/install/local_setup.zsh'
[4.051s] INFO:colcon.colcon_core.shell:Creating prefix chain script '/home/fintan/ME4857Assignment2-master/install/setup.zsh'
