[0.077s] Invoking command in '/home/fintan/ME4857Assignment2-master/build/robot_model': CMAKE_PREFIX_PATH=${CMAKE_PREFIX_PATH}:/opt/ros/jazzy /usr/bin/cmake --build /home/fintan/ME4857Assignment2-master/build/robot_model -- -j12 -l12
[0.234s] Invoked command in '/home/fintan/ME4857Assignment2-master/build/robot_model' returned '0': CMAKE_PREFIX_PATH=${CMAKE_PREFIX_PATH}:/opt/ros/jazzy /usr/bin/cmake --build /home/fintan/ME4857Assignment2-master/build/robot_model -- -j12 -l12
[0.283s] Invoking command in '/home/fintan/ME4857Assignment2-master/build/robot_model': CMAKE_PREFIX_PATH=${CMAKE_PREFIX_PATH}:/opt/ros/jazzy /usr/bin/cmake --install /home/fintan/ME4857Assignment2-master/build/robot_model
[0.323s] -- Install configuration: ""
[0.326s] -- Up-to-date: /home/fintan/ME4857Assignment2-master/install/robot_model/share/robot_model/urdf
[0.327s] -- Up-to-date: /home/fintan/ME4857Assignment2-master/install/robot_model/share/robot_model/urdf/robot_model.urdf
[0.328s] -- Up-to-date: /home/fintan/ME4857Assignment2-master/install/robot_model/share/robot_model/urdf/robot_model.csv
[0.328s] -- Up-to-date: /home/fintan/ME4857Assignment2-master/install/robot_model/share/robot_model/meshes
[0.330s] -- Up-to-date: /home/fintan/ME4857Assignment2-master/install/robot_model/share/robot_model/meshes/link_BR.STL
[0.330s] -- Up-to-date: /home/fintan/ME4857Assignment2-master/install/robot_model/share/robot_model/meshes/base_link.STL
[0.331s] -- Up-to-date: /home/fintan/ME4857Assignment2-master/install/robot_model/share/robot_model/meshes/link_MR.STL
[0.331s] -- Up-to-date: /home/fintan/ME4857Assignment2-master/install/robot_model/share/robot_model/meshes/link_ML.STL
[0.331s] -- Up-to-date: /home/fintan/ME4857Assignment2-master/install/robot_model/share/robot_model/meshes/link_FL.STL
[0.332s] -- Up-to-date: /home/fintan/ME4857Assignment2-master/install/robot_model/share/robot_model/meshes/link_BL.STL
[0.333s] -- Up-to-date: /home/fintan/ME4857Assignment2-master/install/robot_model/share/robot_model/meshes/link_FR.STL
[0.333s] -- Up-to-date: /home/fintan/ME4857Assignment2-master/install/robot_model/share/robot_model/launch
[0.334s] -- Up-to-date: /home/fintan/ME4857Assignment2-master/install/robot_model/share/robot_model/launch/display.launch.py
[0.334s] -- Up-to-date: /home/fintan/ME4857Assignment2-master/install/robot_model/share/robot_model/launch/gazebo.launch.py
[0.335s] -- Up-to-date: /home/fintan/ME4857Assignment2-master/install/robot_model/share/robot_model/config
[0.337s] -- Up-to-date: /home/fintan/ME4857Assignment2-master/install/robot_model/share/robot_model/config/controllers.yaml
[0.337s] -- Up-to-date: /home/fintan/ME4857Assignment2-master/install/robot_model/share/ament_index/resource_index/package_run_dependencies/robot_model
[0.338s] -- Up-to-date: /home/fintan/ME4857Assignment2-master/install/robot_model/share/ament_index/resource_index/parent_prefix_path/robot_model
[0.338s] -- Up-to-date: /home/fintan/ME4857Assignment2-master/install/robot_model/share/robot_model/environment/ament_prefix_path.sh
[0.339s] -- Up-to-date: /home/fintan/ME4857Assignment2-master/install/robot_model/share/robot_model/environment/ament_prefix_path.dsv
[0.345s] -- Up-to-date: /home/fintan/ME4857Assignment2-master/install/robot_model/share/robot_model/environment/path.sh
[0.345s] -- Up-to-date: /home/fintan/ME4857Assignment2-master/install/robot_model/share/robot_model/environment/path.dsv
[0.345s] -- Up-to-date: /home/fintan/ME4857Assignment2-master/install/robot_model/share/robot_model/local_setup.bash
[0.346s] -- Up-to-date: /home/fintan/ME4857Assignment2-master/install/robot_model/share/robot_model/local_setup.sh
[0.346s] -- Up-to-date: /home/fintan/ME4857Assignment2-master/install/robot_model/share/robot_model/local_setup.zsh
[0.346s] -- Up-to-date: /home/fintan/ME4857Assignment2-master/install/robot_model/share/robot_model/local_setup.dsv
[0.349s] -- Installing: /home/fintan/ME4857Assignment2-master/install/robot_model/share/robot_model/package.dsv
[0.358s] -- Up-to-date: /home/fintan/ME4857Assignment2-master/install/robot_model/share/ament_index/resource_index/packages/robot_model
[0.364s] -- Up-to-date: /home/fintan/ME4857Assignment2-master/install/robot_model/share/robot_model/cmake/robot_modelConfig.cmake
[0.364s] -- Up-to-date: /home/fintan/ME4857Assignment2-master/install/robot_model/share/robot_model/cmake/robot_modelConfig-version.cmake
[0.365s] -- Up-to-date: /home/fintan/ME4857Assignment2-master/install/robot_model/share/robot_model/package.xml
[0.365s] Invoked command in '/home/fintan/ME4857Assignment2-master/build/robot_model' returned '0': CMAKE_PREFIX_PATH=${CMAKE_PREFIX_PATH}:/opt/ros/jazzy /usr/bin/cmake --install /home/fintan/ME4857Assignment2-master/build/robot_model
