[0.042s] Invoking command in '/home/fintan/ME4857Assignment2-master/build/gazebo_worlds': CMAKE_PREFIX_PATH=${CMAKE_PREFIX_PATH}:/opt/ros/jazzy /usr/bin/cmake --build /home/fintan/ME4857Assignment2-master/build/gazebo_worlds -- -j12 -l12
[0.167s] Invoked command in '/home/fintan/ME4857Assignment2-master/build/gazebo_worlds' returned '0': CMAKE_PREFIX_PATH=${CMAKE_PREFIX_PATH}:/opt/ros/jazzy /usr/bin/cmake --build /home/fintan/ME4857Assignment2-master/build/gazebo_worlds -- -j12 -l12
[0.168s] Invoking command in '/home/fintan/ME4857Assignment2-master/build/gazebo_worlds': CMAKE_PREFIX_PATH=${CMAKE_PREFIX_PATH}:/opt/ros/jazzy /usr/bin/cmake --install /home/fintan/ME4857Assignment2-master/build/gazebo_worlds
[0.237s] -- Install configuration: ""
[0.238s] -- Up-to-date: /home/fintan/ME4857Assignment2-master/install/gazebo_worlds/share/gazebo_worlds/worlds
[0.239s] -- Up-to-date: /home/fintan/ME4857Assignment2-master/install/gazebo_worlds/share/gazebo_worlds/worlds/assignment_world.sdf
[0.240s] -- Up-to-date: /home/fintan/ME4857Assignment2-master/install/gazebo_worlds/share/ament_index/resource_index/package_run_dependencies/gazebo_worlds
[0.240s] -- Up-to-date: /home/fintan/ME4857Assignment2-master/install/gazebo_worlds/share/ament_index/resource_index/parent_prefix_path/gazebo_worlds
[0.241s] -- Up-to-date: /home/fintan/ME4857Assignment2-master/install/gazebo_worlds/share/gazebo_worlds/environment/ament_prefix_path.sh
[0.241s] -- Up-to-date: /home/fintan/ME4857Assignment2-master/install/gazebo_worlds/share/gazebo_worlds/environment/ament_prefix_path.dsv
[0.242s] -- Up-to-date: /home/fintan/ME4857Assignment2-master/install/gazebo_worlds/share/gazebo_worlds/environment/path.sh
[0.242s] -- Up-to-date: /home/fintan/ME4857Assignment2-master/install/gazebo_worlds/share/gazebo_worlds/environment/path.dsv
[0.243s] -- Up-to-date: /home/fintan/ME4857Assignment2-master/install/gazebo_worlds/share/gazebo_worlds/local_setup.bash
[0.243s] -- Up-to-date: /home/fintan/ME4857Assignment2-master/install/gazebo_worlds/share/gazebo_worlds/local_setup.sh
[0.243s] -- Up-to-date: /home/fintan/ME4857Assignment2-master/install/gazebo_worlds/share/gazebo_worlds/local_setup.zsh
[0.244s] -- Up-to-date: /home/fintan/ME4857Assignment2-master/install/gazebo_worlds/share/gazebo_worlds/local_setup.dsv
[0.246s] -- Up-to-date: /home/fintan/ME4857Assignment2-master/install/gazebo_worlds/share/gazebo_worlds/package.dsv
[0.247s] -- Up-to-date: /home/fintan/ME4857Assignment2-master/install/gazebo_worlds/share/ament_index/resource_index/packages/gazebo_worlds
[0.247s] -- Up-to-date: /home/fintan/ME4857Assignment2-master/install/gazebo_worlds/share/gazebo_worlds/cmake/gazebo_worldsConfig.cmake
[0.248s] -- Up-to-date: /home/fintan/ME4857Assignment2-master/install/gazebo_worlds/share/gazebo_worlds/cmake/gazebo_worldsConfig-version.cmake
[0.248s] -- Up-to-date: /home/fintan/ME4857Assignment2-master/install/gazebo_worlds/share/gazebo_worlds/package.xml
[0.308s] Invoked command in '/home/fintan/ME4857Assignment2-master/build/gazebo_worlds' returned '0': CMAKE_PREFIX_PATH=${CMAKE_PREFIX_PATH}:/opt/ros/jazzy /usr/bin/cmake --install /home/fintan/ME4857Assignment2-master/build/gazebo_worlds
