[0.085s] Invoking command in '/home/fintan/ME4857Assignment2-master/build/robot_model': CMAKE_PREFIX_PATH=${CMAKE_PREFIX_PATH}:/opt/ros/jazzy /usr/bin/cmake /home/fintan/ME4857Assignment2-master/src/robot_model -DCMAKE_INSTALL_PREFIX=/home/fintan/ME4857Assignment2-master/install/robot_model
[0.620s] -- The C compiler identification is GNU 13.3.0
[2.131s] -- The CXX compiler identification is GNU 13.3.0
[3.425s] -- Detecting C compiler ABI info
[4.086s] -- Detecting C compiler ABI info - done
[4.105s] -- Check for working C compiler: /usr/bin/cc - skipped
[4.106s] -- Detecting C compile features
[4.107s] -- Detecting C compile features - done
[4.346s] -- Detecting CXX compiler ABI info
[4.962s] -- Detecting CXX compiler ABI info - done
[4.980s] -- Check for working CXX compiler: /usr/bin/c++ - skipped
[4.980s] -- Detecting CXX compile features
[4.981s] -- Detecting CXX compile features - done
[4.988s] -- Found ament_cmake: 2.5.6 (/opt/ros/jazzy/share/ament_cmake/cmake)
[5.339s] -- Found Python3: /usr/bin/python3 (found version "3.12.3") found components: Interpreter 
[5.860s] -- Configuring done (5.7s)
[5.875s] -- Generating done (0.0s)
[5.879s] -- Build files have been written to: /home/fintan/ME4857Assignment2-master/build/robot_model
[5.887s] Invoked command in '/home/fintan/ME4857Assignment2-master/build/robot_model' returned '0': CMAKE_PREFIX_PATH=${CMAKE_PREFIX_PATH}:/opt/ros/jazzy /usr/bin/cmake /home/fintan/ME4857Assignment2-master/src/robot_model -DCMAKE_INSTALL_PREFIX=/home/fintan/ME4857Assignment2-master/install/robot_model
[5.889s] Invoking command in '/home/fintan/ME4857Assignment2-master/build/robot_model': CMAKE_PREFIX_PATH=${CMAKE_PREFIX_PATH}:/opt/ros/jazzy /usr/bin/cmake --build /home/fintan/ME4857Assignment2-master/build/robot_model -- -j12 -l12
[5.977s] Invoked command in '/home/fintan/ME4857Assignment2-master/build/robot_model' returned '0': CMAKE_PREFIX_PATH=${CMAKE_PREFIX_PATH}:/opt/ros/jazzy /usr/bin/cmake --build /home/fintan/ME4857Assignment2-master/build/robot_model -- -j12 -l12
[5.979s] Invoking command in '/home/fintan/ME4857Assignment2-master/build/robot_model': CMAKE_PREFIX_PATH=${CMAKE_PREFIX_PATH}:/opt/ros/jazzy /usr/bin/cmake --install /home/fintan/ME4857Assignment2-master/build/robot_model
[5.994s] -- Install configuration: ""
[5.995s] -- Installing: /home/fintan/ME4857Assignment2-master/install/robot_model/share/robot_model/urdf
[5.996s] -- Installing: /home/fintan/ME4857Assignment2-master/install/robot_model/share/robot_model/urdf/robot_model.urdf
[5.996s] -- Installing: /home/fintan/ME4857Assignment2-master/install/robot_model/share/robot_model/urdf/robot_model.csv
[5.996s] -- Installing: /home/fintan/ME4857Assignment2-master/install/robot_model/share/robot_model/meshes
[5.997s] -- Installing: /home/fintan/ME4857Assignment2-master/install/robot_model/share/robot_model/meshes/link_BR.STL
[5.997s] -- Installing: /home/fintan/ME4857Assignment2-master/install/robot_model/share/robot_model/meshes/base_link.STL
[5.998s] -- Installing: /home/fintan/ME4857Assignment2-master/install/robot_model/share/robot_model/meshes/link_MR.STL
[5.998s] -- Installing: /home/fintan/ME4857Assignment2-master/install/robot_model/share/robot_model/meshes/link_ML.STL
[5.999s] -- Installing: /home/fintan/ME4857Assignment2-master/install/robot_model/share/robot_model/meshes/link_FL.STL
[5.999s] -- Installing: /home/fintan/ME4857Assignment2-master/install/robot_model/share/robot_model/meshes/link_BL.STL
[6.000s] -- Installing: /home/fintan/ME4857Assignment2-master/install/robot_model/share/robot_model/meshes/link_FR.STL
[6.000s] -- Installing: /home/fintan/ME4857Assignment2-master/install/robot_model/share/robot_model/launch
[6.000s] -- Installing: /home/fintan/ME4857Assignment2-master/install/robot_model/share/robot_model/launch/display.launch.py
[6.001s] -- Installing: /home/fintan/ME4857Assignment2-master/install/robot_model/share/robot_model/launch/gazebo.launch.py
[6.001s] -- Installing: /home/fintan/ME4857Assignment2-master/install/robot_model/share/robot_model/config
[6.002s] -- Installing: /home/fintan/ME4857Assignment2-master/install/robot_model/share/robot_model/config/controllers.yaml
[6.003s] -- Installing: /home/fintan/ME4857Assignment2-master/install/robot_model/share/ament_index/resource_index/package_run_dependencies/robot_model
[6.004s] -- Installing: /home/fintan/ME4857Assignment2-master/install/robot_model/share/ament_index/resource_index/parent_prefix_path/robot_model
[6.005s] -- Installing: /home/fintan/ME4857Assignment2-master/install/robot_model/share/robot_model/environment/ament_prefix_path.sh
[6.006s] -- Installing: /home/fintan/ME4857Assignment2-master/install/robot_model/share/robot_model/environment/ament_prefix_path.dsv
[6.006s] -- Installing: /home/fintan/ME4857Assignment2-master/install/robot_model/share/robot_model/environment/path.sh
[6.007s] -- Installing: /home/fintan/ME4857Assignment2-master/install/robot_model/share/robot_model/environment/path.dsv
[6.007s] -- Installing: /home/fintan/ME4857Assignment2-master/install/robot_model/share/robot_model/local_setup.bash
[6.008s] -- Installing: /home/fintan/ME4857Assignment2-master/install/robot_model/share/robot_model/local_setup.sh
[6.008s] -- Installing: /home/fintan/ME4857Assignment2-master/install/robot_model/share/robot_model/local_setup.zsh
[6.009s] -- Installing: /home/fintan/ME4857Assignment2-master/install/robot_model/share/robot_model/local_setup.dsv
[6.009s] -- Installing: /home/fintan/ME4857Assignment2-master/install/robot_model/share/robot_model/package.dsv
[6.009s] -- Installing: /home/fintan/ME4857Assignment2-master/install/robot_model/share/ament_index/resource_index/packages/robot_model
[6.010s] -- Installing: /home/fintan/ME4857Assignment2-master/install/robot_model/share/robot_model/cmake/robot_modelConfig.cmake
[6.010s] -- Installing: /home/fintan/ME4857Assignment2-master/install/robot_model/share/robot_model/cmake/robot_modelConfig-version.cmake
[6.010s] -- Installing: /home/fintan/ME4857Assignment2-master/install/robot_model/share/robot_model/package.xml
[6.014s] Invoked command in '/home/fintan/ME4857Assignment2-master/build/robot_model' returned '0': CMAKE_PREFIX_PATH=${CMAKE_PREFIX_PATH}:/opt/ros/jazzy /usr/bin/cmake --install /home/fintan/ME4857Assignment2-master/build/robot_model
